
> secure-exam-frontend@0.0.0 test
> vitest run


[1m[46m RUN [49m[22m [36mv4.0.18 [39m[90m/home/kazawa/vibesic/warden/warden-app/frontend[39m

[90mstderr[2m | tests/integration/components/SessionDetail.test.tsx[2m > [22m[2mSessionDetail[2m > [22m[2mshould render session code
[22m[39mWarning: An update to SessionDetail inside a test was not wrapped in act(...).

When testing, code that causes React state updates should be wrapped into act(...):

act(() => {
  /* fire events that update state */
});
/* assert on the output */

This ensures that you're testing the behavior the user would see in the browser. Learn more at https://reactjs.org/link/wrap-tests-with-act
    at SessionDetail (/home/kazawa/vibesic/warden/warden-app/frontend/src/components/SessionDetail.tsx:36:111)
Warning: An update to SessionDetail inside a test was not wrapped in act(...).

When testing, code that causes React state updates should be wrapped into act(...):

act(() => {
  /* fire events that update state */
});
/* assert on the output */

This ensures that you're testing the behavior the user would see in the browser. Learn more at https://reactjs.org/link/wrap-tests-with-act
    at SessionDetail (/home/kazawa/vibesic/warden/warden-app/frontend/src/components/SessionDetail.tsx:36:111)

[90mstderr[2m | tests/integration/components/SessionDetail.test.tsx[2m > [22m[2mSessionDetail[2m > [22m[2mshould render Session Monitor header for active session
[22m[39mWarning: An update to SessionDetail inside a test was not wrapped in act(...).

When testing, code that causes React state updates should be wrapped into act(...):

act(() => {
  /* fire events that update state */
});
/* assert on the output */

This ensures that you're testing the behavior the user would see in the browser. Learn more at https://reactjs.org/link/wrap-tests-with-act
    at SessionDetail (/home/kazawa/vibesic/warden/warden-app/frontend/src/components/SessionDetail.tsx:36:111)
Warning: An update to SessionDetail inside a test was not wrapped in act(...).

When testing, code that causes React state updates should be wrapped into act(...):

act(() => {
  /* fire events that update state */
});
/* assert on the output */

This ensures that you're testing the behavior the user would see in the browser. Learn more at https://reactjs.org/link/wrap-tests-with-act
    at SessionDetail (/home/kazawa/vibesic/warden/warden-app/frontend/src/components/SessionDetail.tsx:36:111)

[90mstderr[2m | tests/integration/components/SessionDetail.test.tsx[2m > [22m[2mSessionDetail[2m > [22m[2mshould render Session History header for ended session
[22m[39mWarning: An update to SessionDetail inside a test was not wrapped in act(...).

When testing, code that causes React state updates should be wrapped into act(...):

act(() => {
  /* fire events that update state */
});
/* assert on the output */

This ensures that you're testing the behavior the user would see in the browser. Learn more at https://reactjs.org/link/wrap-tests-with-act
    at SessionDetail (/home/kazawa/vibesic/warden/warden-app/frontend/src/components/SessionDetail.tsx:36:111)
Warning: An update to SessionDetail inside a test was not wrapped in act(...).

When testing, code that causes React state updates should be wrapped into act(...):

act(() => {
  /* fire events that update state */
});
/* assert on the output */

This ensures that you're testing the behavior the user would see in the browser. Learn more at https://reactjs.org/link/wrap-tests-with-act
    at SessionDetail (/home/kazawa/vibesic/warden/warden-app/frontend/src/components/SessionDetail.tsx:36:111)

[90mstderr[2m | tests/integration/components/SessionDetail.test.tsx[2m > [22m[2mSessionDetail[2m > [22m[2mshould show connection status
[22m[39mWarning: An update to SessionDetail inside a test was not wrapped in act(...).

When testing, code that causes React state updates should be wrapped into act(...):

act(() => {
  /* fire events that update state */
});
/* assert on the output */

This ensures that you're testing the behavior the user would see in the browser. Learn more at https://reactjs.org/link/wrap-tests-with-act
    at SessionDetail (/home/kazawa/vibesic/warden/warden-app/frontend/src/components/SessionDetail.tsx:36:111)
Warning: An update to SessionDetail inside a test was not wrapped in act(...).

When testing, code that causes React state updates should be wrapped into act(...):

act(() => {
  /* fire events that update state */
});
/* assert on the output */

This ensures that you're testing the behavior the user would see in the browser. Learn more at https://reactjs.org/link/wrap-tests-with-act
    at SessionDetail (/home/kazawa/vibesic/warden/warden-app/frontend/src/components/SessionDetail.tsx:36:111)

[90mstderr[2m | tests/integration/components/SessionDetail.test.tsx[2m > [22m[2mSessionDetail[2m > [22m[2mshould show student count for active session
[22m[39mWarning: An update to SessionDetail inside a test was not wrapped in act(...).

When testing, code that causes React state updates should be wrapped into act(...):

act(() => {
  /* fire events that update state */
});
/* assert on the output */

This ensures that you're testing the behavior the user would see in the browser. Learn more at https://reactjs.org/link/wrap-tests-with-act
    at SessionDetail (/home/kazawa/vibesic/warden/warden-app/frontend/src/components/SessionDetail.tsx:36:111)
Warning: An update to SessionDetail inside a test was not wrapped in act(...).

When testing, code that causes React state updates should be wrapped into act(...):

act(() => {
  /* fire events that update state */
});
/* assert on the output */

This ensures that you're testing the behavior the user would see in the browser. Learn more at https://reactjs.org/link/wrap-tests-with-act
    at SessionDetail (/home/kazawa/vibesic/warden/warden-app/frontend/src/components/SessionDetail.tsx:36:111)

[90mstderr[2m | tests/integration/components/SessionDetail.test.tsx[2m > [22m[2mSessionDetail[2m > [22m[2mshould render filter dropdown with All Students selected by default
[22m[39mWarning: An update to SessionDetail inside a test was not wrapped in act(...).

When testing, code that causes React state updates should be wrapped into act(...):

act(() => {
  /* fire events that update state */
});
/* assert on the output */

This ensures that you're testing the behavior the user would see in the browser. Learn more at https://reactjs.org/link/wrap-tests-with-act
    at SessionDetail (/home/kazawa/vibesic/warden/warden-app/frontend/src/components/SessionDetail.tsx:36:111)
Warning: An update to SessionDetail inside a test was not wrapped in act(...).

When testing, code that causes React state updates should be wrapped into act(...):

act(() => {
  /* fire events that update state */
});
/* assert on the output */

This ensures that you're testing the behavior the user would see in the browser. Learn more at https://reactjs.org/link/wrap-tests-with-act
    at SessionDetail (/home/kazawa/vibesic/warden/warden-app/frontend/src/components/SessionDetail.tsx:36:111)

[90mstderr[2m | tests/integration/components/SessionDetail.test.tsx[2m > [22m[2mSessionDetail[2m > [22m[2mshould render student cards for active session
[22m[39mWarning: An update to SessionDetail inside a test was not wrapped in act(...).

When testing, code that causes React state updates should be wrapped into act(...):

act(() => {
  /* fire events that update state */
});
/* assert on the output */

This ensures that you're testing the behavior the user would see in the browser. Learn more at https://reactjs.org/link/wrap-tests-with-act
    at SessionDetail (/home/kazawa/vibesic/warden/warden-app/frontend/src/components/SessionDetail.tsx:36:111)
Warning: An update to SessionDetail inside a test was not wrapped in act(...).

When testing, code that causes React state updates should be wrapped into act(...):

act(() => {
  /* fire events that update state */
});
/* assert on the output */

This ensures that you're testing the behavior the user would see in the browser. Learn more at https://reactjs.org/link/wrap-tests-with-act
    at SessionDetail (/home/kazawa/vibesic/warden/warden-app/frontend/src/components/SessionDetail.tsx:36:111)

[90mstderr[2m | tests/integration/components/SessionDetail.test.tsx[2m > [22m[2mSessionDetail[2m > [22m[2mshould render student cards for active session
[22m[39mWarning: An update to SessionDetail inside a test was not wrapped in act(...).

When testing, code that causes React state updates should be wrapped into act(...):

act(() => {
  /* fire events that update state */
});
/* assert on the output */

This ensures that you're testing the behavior the user would see in the browser. Learn more at https://reactjs.org/link/wrap-tests-with-act
    at SessionDetail (/home/kazawa/vibesic/warden/warden-app/frontend/src/components/SessionDetail.tsx:36:111)
Warning: An update to SessionDetail inside a test was not wrapped in act(...).

When testing, code that causes React state updates should be wrapped into act(...):

act(() => {
  /* fire events that update state */
});
/* assert on the output */

This ensures that you're testing the behavior the user would see in the browser. Learn more at https://reactjs.org/link/wrap-tests-with-act
    at SessionDetail (/home/kazawa/vibesic/warden/warden-app/frontend/src/components/SessionDetail.tsx:36:111)

[90mstderr[2m | tests/integration/components/SessionDetail.test.tsx[2m > [22m[2mSessionDetail[2m > [22m[2mshould show violation count on student card
[22m[39mWarning: An update to SessionDetail inside a test was not wrapped in act(...).

When testing, code that causes React state updates should be wrapped into act(...):

act(() => {
  /* fire events that update state */
});
/* assert on the output */

This ensures that you're testing the behavior the user would see in the browser. Learn more at https://reactjs.org/link/wrap-tests-with-act
    at SessionDetail (/home/kazawa/vibesic/warden/warden-app/frontend/src/components/SessionDetail.tsx:36:111)
Warning: An update to SessionDetail inside a test was not wrapped in act(...).

When testing, code that causes React state updates should be wrapped into act(...):

act(() => {
  /* fire events that update state */
});
/* assert on the output */

This ensures that you're testing the behavior the user would see in the browser. Learn more at https://reactjs.org/link/wrap-tests-with-act
    at SessionDetail (/home/kazawa/vibesic/warden/warden-app/frontend/src/components/SessionDetail.tsx:36:111)

[90mstderr[2m | tests/integration/components/SessionDetail.test.tsx[2m > [22m[2mSessionDetail[2m > [22m[2mshould show violation count on student card
[22m[39mWarning: An update to SessionDetail inside a test was not wrapped in act(...).

When testing, code that causes React state updates should be wrapped into act(...):

act(() => {
  /* fire events that update state */
});
/* assert on the output */

This ensures that you're testing the behavior the user would see in the browser. Learn more at https://reactjs.org/link/wrap-tests-with-act
    at SessionDetail (/home/kazawa/vibesic/warden/warden-app/frontend/src/components/SessionDetail.tsx:36:111)
Warning: An update to SessionDetail inside a test was not wrapped in act(...).

When testing, code that causes React state updates should be wrapped into act(...):

act(() => {
  /* fire events that update state */
});
/* assert on the output */

This ensures that you're testing the behavior the user would see in the browser. Learn more at https://reactjs.org/link/wrap-tests-with-act
    at SessionDetail (/home/kazawa/vibesic/warden/warden-app/frontend/src/components/SessionDetail.tsx:36:111)

[90mstderr[2m | tests/integration/components/SessionDetail.test.tsx[2m > [22m[2mSessionDetail[2m > [22m[2mshould show waiting message when no students joined yet
[22m[39mWarning: An update to SessionDetail inside a test was not wrapped in act(...).

When testing, code that causes React state updates should be wrapped into act(...):

act(() => {
  /* fire events that update state */
});
/* assert on the output */

This ensures that you're testing the behavior the user would see in the browser. Learn more at https://reactjs.org/link/wrap-tests-with-act
    at SessionDetail (/home/kazawa/vibesic/warden/warden-app/frontend/src/components/SessionDetail.tsx:36:111)
Warning: An update to SessionDetail inside a test was not wrapped in act(...).

When testing, code that causes React state updates should be wrapped into act(...):

act(() => {
  /* fire events that update state */
});
/* assert on the output */

This ensures that you're testing the behavior the user would see in the browser. Learn more at https://reactjs.org/link/wrap-tests-with-act
    at SessionDetail (/home/kazawa/vibesic/warden/warden-app/frontend/src/components/SessionDetail.tsx:36:111)

[90mstderr[2m | tests/integration/components/SessionDetail.test.tsx[2m > [22m[2mSessionDetail[2m > [22m[2mshould show End Session button for active session
[22m[39mWarning: An update to SessionDetail inside a test was not wrapped in act(...).

When testing, code that causes React state updates should be wrapped into act(...):

act(() => {
  /* fire events that update state */
});
/* assert on the output */

This ensures that you're testing the behavior the user would see in the browser. Learn more at https://reactjs.org/link/wrap-tests-with-act
    at SessionDetail (/home/kazawa/vibesic/warden/warden-app/frontend/src/components/SessionDetail.tsx:36:111)
Warning: An update to SessionDetail inside a test was not wrapped in act(...).

When testing, code that causes React state updates should be wrapped into act(...):

act(() => {
  /* fire events that update state */
});
/* assert on the output */

This ensures that you're testing the behavior the user would see in the browser. Learn more at https://reactjs.org/link/wrap-tests-with-act
    at SessionDetail (/home/kazawa/vibesic/warden/warden-app/frontend/src/components/SessionDetail.tsx:36:111)

 [32m✓[39m tests/integration/components/TeacherLogin.test.tsx [2m([22m[2m9 tests[22m[2m)[22m[33m 725[2mms[22m[39m
[90mstderr[2m | tests/integration/components/SessionDetail.test.tsx[2m > [22m[2mSessionDetail[2m > [22m[2mshould show Student Participation History table for ended session
[22m[39mWarning: An update to SessionDetail inside a test was not wrapped in act(...).

When testing, code that causes React state updates should be wrapped into act(...):

act(() => {
  /* fire events that update state */
});
/* assert on the output */

This ensures that you're testing the behavior the user would see in the browser. Learn more at https://reactjs.org/link/wrap-tests-with-act
    at SessionDetail (/home/kazawa/vibesic/warden/warden-app/frontend/src/components/SessionDetail.tsx:36:111)
Warning: An update to SessionDetail inside a test was not wrapped in act(...).

When testing, code that causes React state updates should be wrapped into act(...):

act(() => {
  /* fire events that update state */
});
/* assert on the output */

This ensures that you're testing the behavior the user would see in the browser. Learn more at https://reactjs.org/link/wrap-tests-with-act
    at SessionDetail (/home/kazawa/vibesic/warden/warden-app/frontend/src/components/SessionDetail.tsx:36:111)

[90mstderr[2m | tests/integration/components/SessionDetail.test.tsx[2m > [22m[2mSessionDetail[2m > [22m[2mshould open violation modal when clicking violations on student card
[22m[39mWarning: An update to SessionDetail inside a test was not wrapped in act(...).

When testing, code that causes React state updates should be wrapped into act(...):

act(() => {
  /* fire events that update state */
});
/* assert on the output */

This ensures that you're testing the behavior the user would see in the browser. Learn more at https://reactjs.org/link/wrap-tests-with-act
    at SessionDetail (/home/kazawa/vibesic/warden/warden-app/frontend/src/components/SessionDetail.tsx:36:111)
Warning: An update to SessionDetail inside a test was not wrapped in act(...).

When testing, code that causes React state updates should be wrapped into act(...):

act(() => {
  /* fire events that update state */
});
/* assert on the output */

This ensures that you're testing the behavior the user would see in the browser. Learn more at https://reactjs.org/link/wrap-tests-with-act
    at SessionDetail (/home/kazawa/vibesic/warden/warden-app/frontend/src/components/SessionDetail.tsx:36:111)

[90mstderr[2m | tests/integration/components/SessionDetail.test.tsx[2m > [22m[2mSessionDetail[2m > [22m[2mshould open violation modal when clicking violations on student card
[22m[39mWarning: An update to SessionDetail inside a test was not wrapped in act(...).

When testing, code that causes React state updates should be wrapped into act(...):

act(() => {
  /* fire events that update state */
});
/* assert on the output */

This ensures that you're testing the behavior the user would see in the browser. Learn more at https://reactjs.org/link/wrap-tests-with-act
    at SessionDetail (/home/kazawa/vibesic/warden/warden-app/frontend/src/components/SessionDetail.tsx:36:111)
Warning: An update to SessionDetail inside a test was not wrapped in act(...).

When testing, code that causes React state updates should be wrapped into act(...):

act(() => {
  /* fire events that update state */
});
/* assert on the output */

This ensures that you're testing the behavior the user would see in the browser. Learn more at https://reactjs.org/link/wrap-tests-with-act
    at SessionDetail (/home/kazawa/vibesic/warden/warden-app/frontend/src/components/SessionDetail.tsx:36:111)

[90mstderr[2m | tests/integration/components/SessionDetail.test.tsx[2m > [22m[2mSessionDetail[2m > [22m[2mshould show elapsed time for active session without duration
[22m[39mWarning: An update to SessionDetail inside a test was not wrapped in act(...).

When testing, code that causes React state updates should be wrapped into act(...):

act(() => {
  /* fire events that update state */
});
/* assert on the output */

This ensures that you're testing the behavior the user would see in the browser. Learn more at https://reactjs.org/link/wrap-tests-with-act
    at SessionDetail (/home/kazawa/vibesic/warden/warden-app/frontend/src/components/SessionDetail.tsx:36:111)
Warning: An update to SessionDetail inside a test was not wrapped in act(...).

When testing, code that causes React state updates should be wrapped into act(...):

act(() => {
  /* fire events that update state */
});
/* assert on the output */

This ensures that you're testing the behavior the user would see in the browser. Learn more at https://reactjs.org/link/wrap-tests-with-act
    at SessionDetail (/home/kazawa/vibesic/warden/warden-app/frontend/src/components/SessionDetail.tsx:36:111)

[90mstderr[2m | tests/integration/components/SessionDetail.test.tsx[2m > [22m[2mSessionDetail[2m > [22m[2mshould show remaining time for active session with duration
[22m[39mWarning: An update to SessionDetail inside a test was not wrapped in act(...).

When testing, code that causes React state updates should be wrapped into act(...):

act(() => {
  /* fire events that update state */
});
/* assert on the output */

This ensures that you're testing the behavior the user would see in the browser. Learn more at https://reactjs.org/link/wrap-tests-with-act
    at SessionDetail (/home/kazawa/vibesic/warden/warden-app/frontend/src/components/SessionDetail.tsx:36:111)
Warning: An update to SessionDetail inside a test was not wrapped in act(...).

When testing, code that causes React state updates should be wrapped into act(...):

act(() => {
  /* fire events that update state */
});
/* assert on the output */

This ensures that you're testing the behavior the user would see in the browser. Learn more at https://reactjs.org/link/wrap-tests-with-act
    at SessionDetail (/home/kazawa/vibesic/warden/warden-app/frontend/src/components/SessionDetail.tsx:36:111)

[90mstderr[2m | tests/integration/components/SessionDetail.test.tsx[2m > [22m[2mSessionDetail[2m > [22m[2mshould render started-at date for active session
[22m[39mWarning: An update to SessionDetail inside a test was not wrapped in act(...).

When testing, code that causes React state updates should be wrapped into act(...):

act(() => {
  /* fire events that update state */
});
/* assert on the output */

This ensures that you're testing the behavior the user would see in the browser. Learn more at https://reactjs.org/link/wrap-tests-with-act
    at SessionDetail (/home/kazawa/vibesic/warden/warden-app/frontend/src/components/SessionDetail.tsx:36:111)
Warning: An update to SessionDetail inside a test was not wrapped in act(...).

When testing, code that causes React state updates should be wrapped into act(...):

act(() => {
  /* fire events that update state */
});
/* assert on the output */

This ensures that you're testing the behavior the user would see in the browser. Learn more at https://reactjs.org/link/wrap-tests-with-act
    at SessionDetail (/home/kazawa/vibesic/warden/warden-app/frontend/src/components/SessionDetail.tsx:36:111)

[90mstderr[2m | tests/integration/components/SessionDetail.test.tsx[2m > [22m[2mSessionDetail[2m > [22m[2mshould show End Session button only for active session
[22m[39mWarning: An update to SessionDetail inside a test was not wrapped in act(...).

When testing, code that causes React state updates should be wrapped into act(...):

act(() => {
  /* fire events that update state */
});
/* assert on the output */

This ensures that you're testing the behavior the user would see in the browser. Learn more at https://reactjs.org/link/wrap-tests-with-act
    at SessionDetail (/home/kazawa/vibesic/warden/warden-app/frontend/src/components/SessionDetail.tsx:36:111)
Warning: An update to SessionDetail inside a test was not wrapped in act(...).

When testing, code that causes React state updates should be wrapped into act(...):

act(() => {
  /* fire events that update state */
});
/* assert on the output */

This ensures that you're testing the behavior the user would see in the browser. Learn more at https://reactjs.org/link/wrap-tests-with-act
    at SessionDetail (/home/kazawa/vibesic/warden/warden-app/frontend/src/components/SessionDetail.tsx:36:111)

[90mstderr[2m | tests/integration/components/SessionDetail.test.tsx[2m > [22m[2mSessionDetail[2m > [22m[2mshould display student history columns for ended session
[22m[39mWarning: An update to SessionDetail inside a test was not wrapped in act(...).

When testing, code that causes React state updates should be wrapped into act(...):

act(() => {
  /* fire events that update state */
});
/* assert on the output */

This ensures that you're testing the behavior the user would see in the browser. Learn more at https://reactjs.org/link/wrap-tests-with-act
    at SessionDetail (/home/kazawa/vibesic/warden/warden-app/frontend/src/components/SessionDetail.tsx:36:111)
Warning: An update to SessionDetail inside a test was not wrapped in act(...).

When testing, code that causes React state updates should be wrapped into act(...):

act(() => {
  /* fire events that update state */
});
/* assert on the output */

This ensures that you're testing the behavior the user would see in the browser. Learn more at https://reactjs.org/link/wrap-tests-with-act
    at SessionDetail (/home/kazawa/vibesic/warden/warden-app/frontend/src/components/SessionDetail.tsx:36:111)

[90mstderr[2m | tests/integration/components/SessionDetail.test.tsx[2m > [22m[2mSessionDetail[2m > [22m[2mshould render remaining time in rose when under 5 minutes
[22m[39mWarning: An update to SessionDetail inside a test was not wrapped in act(...).

When testing, code that causes React state updates should be wrapped into act(...):

act(() => {
  /* fire events that update state */
});
/* assert on the output */

This ensures that you're testing the behavior the user would see in the browser. Learn more at https://reactjs.org/link/wrap-tests-with-act
    at SessionDetail (/home/kazawa/vibesic/warden/warden-app/frontend/src/components/SessionDetail.tsx:36:111)
Warning: An update to SessionDetail inside a test was not wrapped in act(...).

When testing, code that causes React state updates should be wrapped into act(...):

act(() => {
  /* fire events that update state */
});
/* assert on the output */

This ensures that you're testing the behavior the user would see in the browser. Learn more at https://reactjs.org/link/wrap-tests-with-act
    at SessionDetail (/home/kazawa/vibesic/warden/warden-app/frontend/src/components/SessionDetail.tsx:36:111)

 [32m✓[39m tests/integration/components/StudentLogin.test.tsx [2m([22m[2m11 tests[22m[2m)[22m[33m 1166[2mms[22m[39m
 [31m❯[39m tests/integration/components/SessionDetail.test.tsx [2m([22m[2m35 tests[22m[2m | [22m[31m3 failed[39m[2m)[22m[33m 1017[2mms[22m[39m
     [32m✓[39m should render session code[32m 49[2mms[22m[39m
     [32m✓[39m should render Session Monitor header for active session[32m 15[2mms[22m[39m
     [32m✓[39m should render Session History header for ended session[32m 7[2mms[22m[39m
     [32m✓[39m should show connection status[32m 8[2mms[22m[39m
     [32m✓[39m should show student count for active session[32m 12[2mms[22m[39m
     [32m✓[39m should render filter dropdown with All Students selected by default[32m 11[2mms[22m[39m
     [32m✓[39m should filter to show only online students[32m 164[2mms[22m[39m
     [32m✓[39m should filter to show only offline students[32m 51[2mms[22m[39m
     [32m✓[39m should show empty message when filter has no matches[32m 45[2mms[22m[39m
[31m     [31m×[31m should render student cards for active session[39m[32m 26[2mms[22m[39m[33m (retry x1)[39m
[31m     [31m×[31m should show violation count on student card[39m[32m 21[2mms[22m[39m[33m (retry x1)[39m
     [32m✓[39m should show waiting message when no students joined yet[32m 6[2mms[22m[39m
     [32m✓[39m should show End Session button for active session[32m 8[2mms[22m[39m
     [32m✓[39m should show confirmation modal when End Session is clicked[32m 39[2mms[22m[39m
     [32m✓[39m should call endSession and navigate when confirmed[32m 78[2mms[22m[39m
     [32m✓[39m should navigate back when back button is clicked[32m 26[2mms[22m[39m
     [32m✓[39m should show Student Participation History table for ended session[32m 8[2mms[22m[39m
[31m     [31m×[31m should open violation modal when clicking violations on student card[39m[32m 24[2mms[22m[39m[33m (retry x1)[39m
     [32m✓[39m should show elapsed time for active session without duration[32m 8[2mms[22m[39m
     [32m✓[39m should show remaining time for active session with duration[32m 9[2mms[22m[39m
     [32m✓[39m should navigate to teacher login when logging out from inactive session[32m 25[2mms[22m[39m
     [32m✓[39m should show logout confirmation modal when logging out with active session[32m 32[2mms[22m[39m
     [32m✓[39m should end session and navigate to login on logout confirmation[32m 67[2mms[22m[39m
     [32m✓[39m should render submissions table when submissions exist[32m 17[2mms[22m[39m
     [32m✓[39m should open download link when download button is clicked[32m 59[2mms[22m[39m
     [32m✓[39m should render started-at date for active session[32m 6[2mms[22m[39m
     [32m✓[39m should show End Session button only for active session[32m 6[2mms[22m[39m
     [32m✓[39m should display student history columns for ended session[32m 7[2mms[22m[39m
     [32m✓[39m should render remaining time in rose when under 5 minutes[32m 14[2mms[22m[39m
       [32m✓[39m should render question files section with file list[32m 16[2mms[22m[39m
       [32m✓[39m should show upload button only for active session[32m 5[2mms[22m[39m
       [32m✓[39m should hide upload button for ended session[32m 5[2mms[22m[39m
       [32m✓[39m should show delete button only for active session[32m 11[2mms[22m[39m
       [32m✓[39m should open download link for question file[32m 49[2mms[22m[39m
       [32m✓[39m should call delete endpoint and remove file from list[32m 78[2mms[22m[39m
[90mstderr[2m | tests/integration/components/SessionDetail.reliability.test.tsx[2m > [22m[2mSessionDetail — Reliability & Security[2m > [22m[2mConnection State Display[2m > [22m[2mshould show Disconnected status when socket is not connected
[22m[39mWarning: An update to SessionDetail inside a test was not wrapped in act(...).

When testing, code that causes React state updates should be wrapped into act(...):

act(() => {
  /* fire events that update state */
});
/* assert on the output */

This ensures that you're testing the behavior the user would see in the browser. Learn more at https://reactjs.org/link/wrap-tests-with-act
    at SessionDetail (/home/kazawa/vibesic/warden/warden-app/frontend/src/components/SessionDetail.tsx:36:111)
Warning: An update to SessionDetail inside a test was not wrapped in act(...).

When testing, code that causes React state updates should be wrapped into act(...):

act(() => {
  /* fire events that update state */
});
/* assert on the output */

This ensures that you're testing the behavior the user would see in the browser. Learn more at https://reactjs.org/link/wrap-tests-with-act
    at SessionDetail (/home/kazawa/vibesic/warden/warden-app/frontend/src/components/SessionDetail.tsx:36:111)

[90mstderr[2m | tests/integration/components/SessionDetail.reliability.test.tsx[2m > [22m[2mSessionDetail — Reliability & Security[2m > [22m[2mConnection State Display[2m > [22m[2mshould show Connected status when socket is connected
[22m[39mWarning: An update to SessionDetail inside a test was not wrapped in act(...).

When testing, code that causes React state updates should be wrapped into act(...):

act(() => {
  /* fire events that update state */
});
/* assert on the output */

This ensures that you're testing the behavior the user would see in the browser. Learn more at https://reactjs.org/link/wrap-tests-with-act
    at SessionDetail (/home/kazawa/vibesic/warden/warden-app/frontend/src/components/SessionDetail.tsx:36:111)
Warning: An update to SessionDetail inside a test was not wrapped in act(...).

When testing, code that causes React state updates should be wrapped into act(...):

act(() => {
  /* fire events that update state */
});
/* assert on the output */

This ensures that you're testing the behavior the user would see in the browser. Learn more at https://reactjs.org/link/wrap-tests-with-act
    at SessionDetail (/home/kazawa/vibesic/warden/warden-app/frontend/src/components/SessionDetail.tsx:36:111)

[90mstderr[2m | tests/integration/components/SessionDetail.reliability.test.tsx[2m > [22m[2mSessionDetail — Reliability & Security[2m > [22m[2mAuth Error Handling[2m > [22m[2mshould redirect to teacher login when isAuthError is true
[22m[39mWarning: An update to SessionDetail inside a test was not wrapped in act(...).

When testing, code that causes React state updates should be wrapped into act(...):

act(() => {
  /* fire events that update state */
});
/* assert on the output */

This ensures that you're testing the behavior the user would see in the browser. Learn more at https://reactjs.org/link/wrap-tests-with-act
    at SessionDetail (/home/kazawa/vibesic/warden/warden-app/frontend/src/components/SessionDetail.tsx:36:111)
Warning: An update to SessionDetail inside a test was not wrapped in act(...).

When testing, code that causes React state updates should be wrapped into act(...):

act(() => {
  /* fire events that update state */
});
/* assert on the output */

This ensures that you're testing the behavior the user would see in the browser. Learn more at https://reactjs.org/link/wrap-tests-with-act
    at SessionDetail (/home/kazawa/vibesic/warden/warden-app/frontend/src/components/SessionDetail.tsx:36:111)

[90mstderr[2m | tests/integration/components/SessionDetail.reliability.test.tsx[2m > [22m[2mSessionDetail — Reliability & Security[2m > [22m[2mAuth Error Handling[2m > [22m[2mshould clear localStorage on auth error redirect
[22m[39mWarning: An update to SessionDetail inside a test was not wrapped in act(...).

When testing, code that causes React state updates should be wrapped into act(...):

act(() => {
  /* fire events that update state */
});
/* assert on the output */

This ensures that you're testing the behavior the user would see in the browser. Learn more at https://reactjs.org/link/wrap-tests-with-act
    at SessionDetail (/home/kazawa/vibesic/warden/warden-app/frontend/src/components/SessionDetail.tsx:36:111)
Warning: An update to SessionDetail inside a test was not wrapped in act(...).

When testing, code that causes React state updates should be wrapped into act(...):

act(() => {
  /* fire events that update state */
});
/* assert on the output */

This ensures that you're testing the behavior the user would see in the browser. Learn more at https://reactjs.org/link/wrap-tests-with-act
    at SessionDetail (/home/kazawa/vibesic/warden/warden-app/frontend/src/components/SessionDetail.tsx:36:111)

[90mstderr[2m | tests/integration/components/SessionDetail.reliability.test.tsx[2m > [22m[2mSessionDetail — Reliability & Security[2m > [22m[2mTimer Display Reliability[2m > [22m[2mshould show Time Elapsed for session without duration
[22m[39mWarning: An update to SessionDetail inside a test was not wrapped in act(...).

When testing, code that causes React state updates should be wrapped into act(...):

act(() => {
  /* fire events that update state */
});
/* assert on the output */

This ensures that you're testing the behavior the user would see in the browser. Learn more at https://reactjs.org/link/wrap-tests-with-act
    at SessionDetail (/home/kazawa/vibesic/warden/warden-app/frontend/src/components/SessionDetail.tsx:36:111)
Warning: An update to SessionDetail inside a test was not wrapped in act(...).

When testing, code that causes React state updates should be wrapped into act(...):

act(() => {
  /* fire events that update state */
});
/* assert on the output */

This ensures that you're testing the behavior the user would see in the browser. Learn more at https://reactjs.org/link/wrap-tests-with-act
    at SessionDetail (/home/kazawa/vibesic/warden/warden-app/frontend/src/components/SessionDetail.tsx:36:111)

[90mstderr[2m | tests/integration/components/SessionDetail.reliability.test.tsx[2m > [22m[2mSessionDetail — Reliability & Security[2m > [22m[2mTimer Display Reliability[2m > [22m[2mshould show Time Remaining for session with duration
[22m[39mWarning: An update to SessionDetail inside a test was not wrapped in act(...).

When testing, code that causes React state updates should be wrapped into act(...):

act(() => {
  /* fire events that update state */
});
/* assert on the output */

This ensures that you're testing the behavior the user would see in the browser. Learn more at https://reactjs.org/link/wrap-tests-with-act
    at SessionDetail (/home/kazawa/vibesic/warden/warden-app/frontend/src/components/SessionDetail.tsx:36:111)
Warning: An update to SessionDetail inside a test was not wrapped in act(...).

When testing, code that causes React state updates should be wrapped into act(...):

act(() => {
  /* fire events that update state */
});
/* assert on the output */

This ensures that you're testing the behavior the user would see in the browser. Learn more at https://reactjs.org/link/wrap-tests-with-act
    at SessionDetail (/home/kazawa/vibesic/warden/warden-app/frontend/src/components/SessionDetail.tsx:36:111)

[90mstderr[2m | tests/integration/components/SessionDetail.reliability.test.tsx[2m > [22m[2mSessionDetail — Reliability & Security[2m > [22m[2mTimer Display Reliability[2m > [22m[2mshould show Ending session when time runs out
[22m[39mWarning: An update to SessionDetail inside a test was not wrapped in act(...).

When testing, code that causes React state updates should be wrapped into act(...):

act(() => {
  /* fire events that update state */
});
/* assert on the output */

This ensures that you're testing the behavior the user would see in the browser. Learn more at https://reactjs.org/link/wrap-tests-with-act
    at SessionDetail (/home/kazawa/vibesic/warden/warden-app/frontend/src/components/SessionDetail.tsx:36:111)
Warning: An update to SessionDetail inside a test was not wrapped in act(...).

When testing, code that causes React state updates should be wrapped into act(...):

act(() => {
  /* fire events that update state */
});
/* assert on the output */

This ensures that you're testing the behavior the user would see in the browser. Learn more at https://reactjs.org/link/wrap-tests-with-act
    at SessionDetail (/home/kazawa/vibesic/warden/warden-app/frontend/src/components/SessionDetail.tsx:36:111)

[90mstderr[2m | tests/integration/components/SessionDetail.reliability.test.tsx[2m > [22m[2mSessionDetail — Reliability & Security[2m > [22m[2mTimer Display Reliability[2m > [22m[2mshould show emerald color when > 5 minutes remain
[22m[39mWarning: An update to SessionDetail inside a test was not wrapped in act(...).

When testing, code that causes React state updates should be wrapped into act(...):

act(() => {
  /* fire events that update state */
});
/* assert on the output */

This ensures that you're testing the behavior the user would see in the browser. Learn more at https://reactjs.org/link/wrap-tests-with-act
    at SessionDetail (/home/kazawa/vibesic/warden/warden-app/frontend/src/components/SessionDetail.tsx:36:111)
Warning: An update to SessionDetail inside a test was not wrapped in act(...).

When testing, code that causes React state updates should be wrapped into act(...):

act(() => {
  /* fire events that update state */
});
/* assert on the output */

This ensures that you're testing the behavior the user would see in the browser. Learn more at https://reactjs.org/link/wrap-tests-with-act
    at SessionDetail (/home/kazawa/vibesic/warden/warden-app/frontend/src/components/SessionDetail.tsx:36:111)

[90mstderr[2m | tests/integration/components/SessionDetail.reliability.test.tsx[2m > [22m[2mSessionDetail — Reliability & Security[2m > [22m[2mTimer Display Reliability[2m > [22m[2mshould show rose color when < 5 minutes remain
[22m[39mWarning: An update to SessionDetail inside a test was not wrapped in act(...).

When testing, code that causes React state updates should be wrapped into act(...):

act(() => {
  /* fire events that update state */
});
/* assert on the output */

This ensures that you're testing the behavior the user would see in the browser. Learn more at https://reactjs.org/link/wrap-tests-with-act
    at SessionDetail (/home/kazawa/vibesic/warden/warden-app/frontend/src/components/SessionDetail.tsx:36:111)
Warning: An update to SessionDetail inside a test was not wrapped in act(...).

When testing, code that causes React state updates should be wrapped into act(...):

act(() => {
  /* fire events that update state */
});
/* assert on the output */

This ensures that you're testing the behavior the user would see in the browser. Learn more at https://reactjs.org/link/wrap-tests-with-act
    at SessionDetail (/home/kazawa/vibesic/warden/warden-app/frontend/src/components/SessionDetail.tsx:36:111)

[90mstderr[2m | tests/integration/components/SessionDetail.reliability.test.tsx[2m > [22m[2mSessionDetail — Reliability & Security[2m > [22m[2mStudent Online/Offline Status[2m > [22m[2mshould correctly show online and offline counts
[22m[39mWarning: An update to SessionDetail inside a test was not wrapped in act(...).

When testing, code that causes React state updates should be wrapped into act(...):

act(() => {
  /* fire events that update state */
});
/* assert on the output */

This ensures that you're testing the behavior the user would see in the browser. Learn more at https://reactjs.org/link/wrap-tests-with-act
    at SessionDetail (/home/kazawa/vibesic/warden/warden-app/frontend/src/components/SessionDetail.tsx:36:111)
Warning: An update to SessionDetail inside a test was not wrapped in act(...).

When testing, code that causes React state updates should be wrapped into act(...):

act(() => {
  /* fire events that update state */
});
/* assert on the output */

This ensures that you're testing the behavior the user would see in the browser. Learn more at https://reactjs.org/link/wrap-tests-with-act
    at SessionDetail (/home/kazawa/vibesic/warden/warden-app/frontend/src/components/SessionDetail.tsx:36:111)

[90mstderr[2m | tests/integration/components/SessionDetail.reliability.test.tsx[2m > [22m[2mSessionDetail — Reliability & Security[2m > [22m[2mStudent Online/Offline Status[2m > [22m[2mshould not show violation count when student has zero violations
[22m[39mWarning: An update to SessionDetail inside a test was not wrapped in act(...).

When testing, code that causes React state updates should be wrapped into act(...):

act(() => {
  /* fire events that update state */
});
/* assert on the output */

This ensures that you're testing the behavior the user would see in the browser. Learn more at https://reactjs.org/link/wrap-tests-with-act
    at SessionDetail (/home/kazawa/vibesic/warden/warden-app/frontend/src/components/SessionDetail.tsx:36:111)
Warning: An update to SessionDetail inside a test was not wrapped in act(...).

When testing, code that causes React state updates should be wrapped into act(...):

act(() => {
  /* fire events that update state */
});
/* assert on the output */

This ensures that you're testing the behavior the user would see in the browser. Learn more at https://reactjs.org/link/wrap-tests-with-act
    at SessionDetail (/home/kazawa/vibesic/warden/warden-app/frontend/src/components/SessionDetail.tsx:36:111)

 [32m✓[39m tests/integration/components/TeacherDashboard.test.tsx [2m([22m[2m16 tests[22m[2m)[22m[33m 599[2mms[22m[39m
[90mstderr[2m | tests/integration/components/SessionDetail.reliability.test.tsx[2m > [22m[2mSessionDetail — Reliability & Security[2m > [22m[2mStudent Online/Offline Status[2m > [22m[2mshould render multiple student cards
[22m[39mWarning: An update to SessionDetail inside a test was not wrapped in act(...).

When testing, code that causes React state updates should be wrapped into act(...):

act(() => {
  /* fire events that update state */
});
/* assert on the output */

This ensures that you're testing the behavior the user would see in the browser. Learn more at https://reactjs.org/link/wrap-tests-with-act
    at SessionDetail (/home/kazawa/vibesic/warden/warden-app/frontend/src/components/SessionDetail.tsx:36:111)
Warning: An update to SessionDetail inside a test was not wrapped in act(...).

When testing, code that causes React state updates should be wrapped into act(...):

act(() => {
  /* fire events that update state */
});
/* assert on the output */

This ensures that you're testing the behavior the user would see in the browser. Learn more at https://reactjs.org/link/wrap-tests-with-act
    at SessionDetail (/home/kazawa/vibesic/warden/warden-app/frontend/src/components/SessionDetail.tsx:36:111)

[90mstderr[2m | tests/integration/components/SessionDetail.reliability.test.tsx[2m > [22m[2mSessionDetail — Reliability & Security[2m > [22m[2mSession Not Found[2m > [22m[2mshould handle null activeSession gracefully without crashing
[22m[39mWarning: An update to SessionDetail inside a test was not wrapped in act(...).

When testing, code that causes React state updates should be wrapped into act(...):

act(() => {
  /* fire events that update state */
});
/* assert on the output */

This ensures that you're testing the behavior the user would see in the browser. Learn more at https://reactjs.org/link/wrap-tests-with-act
    at SessionDetail (/home/kazawa/vibesic/warden/warden-app/frontend/src/components/SessionDetail.tsx:36:111)
Warning: An update to SessionDetail inside a test was not wrapped in act(...).

When testing, code that causes React state updates should be wrapped into act(...):

act(() => {
  /* fire events that update state */
});
/* assert on the output */

This ensures that you're testing the behavior the user would see in the browser. Learn more at https://reactjs.org/link/wrap-tests-with-act
    at SessionDetail (/home/kazawa/vibesic/warden/warden-app/frontend/src/components/SessionDetail.tsx:36:111)

[90mstderr[2m | tests/integration/components/SecureExamMonitor.reconnect.test.tsx[2m > [22m[2mSecureExamMonitor — reconnection violations[2m > [22m[2mSW probe reading on reconnect[2m > [22m[2mshould read and report SW probe records when reconnecting
[22m[39mFailed to fetch initial submission metadata TypeError: fetch failed
[90m    at node:internal/deps/undici/undici:13510:13[39m
[90m    at processTicksAndRejections (node:internal/process/task_queues:105:5)[39m
    at fetchSubmission [90m(/home/kazawa/vibesic/warden/warden-app/frontend/[39msrc/components/exam/FileUploadSection.tsx:26:21[90m)[39m {
  [cause]: Error: connect ECONNREFUSED 127.0.0.1:3333
  [90m    at TCPConnectWrap.afterConnect [as oncomplete] (node:net:1637:16)[39m {
    errno: [33m-111[39m,
    code: [32m'ECONNREFUSED'[39m,
    syscall: [32m'connect'[39m,
    address: [32m'127.0.0.1'[39m,
    port: [33m3333[39m
  }
}

[90mstderr[2m | tests/integration/components/SecureExamMonitor.reconnect.test.tsx[2m > [22m[2mSecureExamMonitor — reconnection violations[2m > [22m[2mSW probe reading on reconnect[2m > [22m[2mshould read and report SW probe records when reconnecting
[22m[39mFailed to fetch initial submission metadata TypeError: fetch failed
[90m    at node:internal/deps/undici/undici:13510:13[39m
[90m    at processTicksAndRejections (node:internal/process/task_queues:105:5)[39m
    at fetchSubmission [90m(/home/kazawa/vibesic/warden/warden-app/frontend/[39msrc/components/exam/FileUploadSection.tsx:26:21[90m)[39m {
  [cause]: Error: connect ECONNREFUSED 127.0.0.1:3333
  [90m    at TCPConnectWrap.afterConnect [as oncomplete] (node:net:1637:16)[39m {
    errno: [33m-111[39m,
    code: [32m'ECONNREFUSED'[39m,
    syscall: [32m'connect'[39m,
    address: [32m'127.0.0.1'[39m,
    port: [33m3333[39m
  }
}

[90mstderr[2m | tests/integration/components/SecureExamMonitor.reconnect.test.tsx[2m > [22m[2mSecureExamMonitor — reconnection violations[2m > [22m[2mSW probe reading on reconnect[2m > [22m[2mshould read and report SW probe records when reconnecting
[22m[39mFailed to fetch initial submission metadata TypeError: fetch failed
[90m    at node:internal/deps/undici/undici:13510:13[39m
[90m    at processTicksAndRejections (node:internal/process/task_queues:105:5)[39m
    at fetchSubmission [90m(/home/kazawa/vibesic/warden/warden-app/frontend/[39msrc/components/exam/FileUploadSection.tsx:26:21[90m)[39m {
  [cause]: Error: connect ECONNREFUSED 127.0.0.1:3333
  [90m    at TCPConnectWrap.afterConnect [as oncomplete] (node:net:1637:16)[39m {
    errno: [33m-111[39m,
    code: [32m'ECONNREFUSED'[39m,
    syscall: [32m'connect'[39m,
    address: [32m'127.0.0.1'[39m,
    port: [33m3333[39m
  }
}

[90mstderr[2m | tests/integration/components/SecureExamMonitor.reconnect.test.tsx[2m > [22m[2mSecureExamMonitor — reconnection violations[2m > [22m[2mSW probe reading on reconnect[2m > [22m[2mshould read and report SW probe records when reconnecting
[22m[39mFailed to fetch initial submission metadata TypeError: fetch failed
[90m    at node:internal/deps/undici/undici:13510:13[39m
[90m    at processTicksAndRejections (node:internal/process/task_queues:105:5)[39m
    at fetchSubmission [90m(/home/kazawa/vibesic/warden/warden-app/frontend/[39msrc/components/exam/FileUploadSection.tsx:26:21[90m)[39m {
  [cause]: Error: connect ECONNREFUSED 127.0.0.1:3333
  [90m    at TCPConnectWrap.afterConnect [as oncomplete] (node:net:1637:16)[39m {
    errno: [33m-111[39m,
    code: [32m'ECONNREFUSED'[39m,
    syscall: [32m'connect'[39m,
    address: [32m'127.0.0.1'[39m,
    port: [33m3333[39m
  }
}

[90mstderr[2m | tests/integration/components/SecureExamMonitor.reconnect.test.tsx[2m > [22m[2mSecureExamMonitor — reconnection violations[2m > [22m[2mSW probe reading on reconnect[2m > [22m[2mshould NOT report when SW probes show no internet
[22m[39mFailed to fetch initial submission metadata TypeError: fetch failed
[90m    at node:internal/deps/undici/undici:13510:13[39m
[90m    at processTicksAndRejections (node:internal/process/task_queues:105:5)[39m
    at fetchSubmission [90m(/home/kazawa/vibesic/warden/warden-app/frontend/[39msrc/components/exam/FileUploadSection.tsx:26:21[90m)[39m {
  [cause]: Error: connect ECONNREFUSED 127.0.0.1:3333
  [90m    at TCPConnectWrap.afterConnect [as oncomplete] (node:net:1637:16)[39m {
    errno: [33m-111[39m,
    code: [32m'ECONNREFUSED'[39m,
    syscall: [32m'connect'[39m,
    address: [32m'127.0.0.1'[39m,
    port: [33m3333[39m
  }
}

[90mstderr[2m | tests/integration/components/SessionDetail.reliability.test.tsx[2m > [22m[2mSessionDetail — Reliability & Security[2m > [22m[2mEnd Session Modal Safeguards[2m > [22m[2mshould not show End Session button for ended session
[22m[39mWarning: An update to SessionDetail inside a test was not wrapped in act(...).

When testing, code that causes React state updates should be wrapped into act(...):

act(() => {
  /* fire events that update state */
});
/* assert on the output */

This ensures that you're testing the behavior the user would see in the browser. Learn more at https://reactjs.org/link/wrap-tests-with-act
    at SessionDetail (/home/kazawa/vibesic/warden/warden-app/frontend/src/components/SessionDetail.tsx:36:111)
Warning: An update to SessionDetail inside a test was not wrapped in act(...).

When testing, code that causes React state updates should be wrapped into act(...):

act(() => {
  /* fire events that update state */
});
/* assert on the output */

This ensures that you're testing the behavior the user would see in the browser. Learn more at https://reactjs.org/link/wrap-tests-with-act
    at SessionDetail (/home/kazawa/vibesic/warden/warden-app/frontend/src/components/SessionDetail.tsx:36:111)

[90mstderr[2m | tests/integration/components/SecureExamMonitor.reconnect.test.tsx[2m > [22m[2mSecureExamMonitor — reconnection violations[2m > [22m[2mSW probe reading on reconnect[2m > [22m[2mshould degrade gracefully if IndexedDB fails
[22m[39mFailed to fetch initial submission metadata TypeError: fetch failed
[90m    at node:internal/deps/undici/undici:13510:13[39m
[90m    at processTicksAndRejections (node:internal/process/task_queues:105:5)[39m
    at fetchSubmission [90m(/home/kazawa/vibesic/warden/warden-app/frontend/[39msrc/components/exam/FileUploadSection.tsx:26:21[90m)[39m {
  [cause]: Error: connect ECONNREFUSED 127.0.0.1:3333
  [90m    at TCPConnectWrap.afterConnect [as oncomplete] (node:net:1637:16)[39m {
    errno: [33m-111[39m,
    code: [32m'ECONNREFUSED'[39m,
    syscall: [32m'connect'[39m,
    address: [32m'127.0.0.1'[39m,
    port: [33m3333[39m
  }
}

 [32m✓[39m tests/integration/components/SessionDetail.reliability.test.tsx [2m([22m[2m20 tests[22m[2m)[22m[33m 479[2mms[22m[39m
[90mstderr[2m | tests/integration/components/SecureExamMonitor.reconnect.test.tsx[2m > [22m[2mSecureExamMonitor — reconnection violations[2m > [22m[2mAttack scenario subtleties[2m > [22m[2mshould detect return with no internet evidence but suspicious absence
[22m[39mFailed to fetch initial submission metadata TypeError: fetch failed
[90m    at node:internal/deps/undici/undici:13510:13[39m
[90m    at processTicksAndRejections (node:internal/process/task_queues:105:5)[39m
    at fetchSubmission [90m(/home/kazawa/vibesic/warden/warden-app/frontend/[39msrc/components/exam/FileUploadSection.tsx:26:21[90m)[39m {
  [cause]: Error: connect ECONNREFUSED 127.0.0.1:3333
  [90m    at TCPConnectWrap.afterConnect [as oncomplete] (node:net:1637:16)[39m {
    errno: [33m-111[39m,
    code: [32m'ECONNREFUSED'[39m,
    syscall: [32m'connect'[39m,
    address: [32m'127.0.0.1'[39m,
    port: [33m3333[39m
  }
}

[90mstderr[2m | tests/integration/components/SecureExamMonitor.reconnect.test.tsx[2m > [22m[2mSecureExamMonitor — reconnection violations[2m > [22m[2mAttack scenario subtleties[2m > [22m[2mshould detect return with no internet evidence but suspicious absence
[22m[39mFailed to fetch initial submission metadata TypeError: fetch failed
[90m    at node:internal/deps/undici/undici:13510:13[39m
[90m    at processTicksAndRejections (node:internal/process/task_queues:105:5)[39m
    at fetchSubmission [90m(/home/kazawa/vibesic/warden/warden-app/frontend/[39msrc/components/exam/FileUploadSection.tsx:26:21[90m)[39m {
  [cause]: Error: connect ECONNREFUSED 127.0.0.1:3333
  [90m    at TCPConnectWrap.afterConnect [as oncomplete] (node:net:1637:16)[39m {
    errno: [33m-111[39m,
    code: [32m'ECONNREFUSED'[39m,
    syscall: [32m'connect'[39m,
    address: [32m'127.0.0.1'[39m,
    port: [33m3333[39m
  }
}

[90mstderr[2m | tests/integration/components/SecureExamMonitor.reconnect.test.tsx[2m > [22m[2mSecureExamMonitor — reconnection violations[2m > [22m[2mAttack scenario subtleties[2m > [22m[2mshould detect return with no internet evidence but suspicious absence
[22m[39mFailed to fetch initial submission metadata TypeError: fetch failed
[90m    at node:internal/deps/undici/undici:13510:13[39m
[90m    at processTicksAndRejections (node:internal/process/task_queues:105:5)[39m
    at fetchSubmission [90m(/home/kazawa/vibesic/warden/warden-app/frontend/[39msrc/components/exam/FileUploadSection.tsx:26:21[90m)[39m {
  [cause]: Error: connect ECONNREFUSED 127.0.0.1:3333
  [90m    at TCPConnectWrap.afterConnect [as oncomplete] (node:net:1637:16)[39m {
    errno: [33m-111[39m,
    code: [32m'ECONNREFUSED'[39m,
    syscall: [32m'connect'[39m,
    address: [32m'127.0.0.1'[39m,
    port: [33m3333[39m
  }
}

[90mstderr[2m | tests/integration/components/SecureExamMonitor.reconnect.test.tsx
[22m[39mFailed to fetch initial submission metadata TypeError: fetch failed
[90m    at node:internal/deps/undici/undici:13510:13[39m
[90m    at processTicksAndRejections (node:internal/process/task_queues:105:5)[39m
    at fetchSubmission [90m(/home/kazawa/vibesic/warden/warden-app/frontend/[39msrc/components/exam/FileUploadSection.tsx:26:21[90m)[39m {
  [cause]: Error: connect ECONNREFUSED 127.0.0.1:3333
  [90m    at TCPConnectWrap.afterConnect [as oncomplete] (node:net:1637:16)[39m {
    errno: [33m-111[39m,
    code: [32m'ECONNREFUSED'[39m,
    syscall: [32m'connect'[39m,
    address: [32m'127.0.0.1'[39m,
    port: [33m3333[39m
  }
}

 [32m✓[39m tests/integration/components/SecureExamMonitor.reconnect.test.tsx [2m([22m[2m9 tests[22m[2m)[22m[33m 676[2mms[22m[39m
       [33m[2m✓[22m[39m should detect return with no internet evidence but suspicious absence [33m 311[2mms[22m[39m[33m (retry x1)[39m
[90mstderr[2m | tests/unit/components/exam/FileUploadSection.test.tsx[2m > [22m[2mFileUploadSection[2m > [22m[2mshould upload file and display it on success
[22m[39mWarning: An update to null inside a test was not wrapped in act(...).

When testing, code that causes React state updates should be wrapped into act(...):

act(() => {
  /* fire events that update state */
});
/* assert on the output */

This ensures that you're testing the behavior the user would see in the browser. Learn more at https://reactjs.org/link/wrap-tests-with-act
    at /home/kazawa/vibesic/warden/warden-app/frontend/src/components/exam/FileUploadSection.tsx:14:77
Warning: An update to null inside a test was not wrapped in act(...).

When testing, code that causes React state updates should be wrapped into act(...):

act(() => {
  /* fire events that update state */
});
/* assert on the output */

This ensures that you're testing the behavior the user would see in the browser. Learn more at https://reactjs.org/link/wrap-tests-with-act
    at /home/kazawa/vibesic/warden/warden-app/frontend/src/components/exam/FileUploadSection.tsx:14:77
Warning: An update to null inside a test was not wrapped in act(...).

When testing, code that causes React state updates should be wrapped into act(...):

act(() => {
  /* fire events that update state */
});
/* assert on the output */

This ensures that you're testing the behavior the user would see in the browser. Learn more at https://reactjs.org/link/wrap-tests-with-act
    at /home/kazawa/vibesic/warden/warden-app/frontend/src/components/exam/FileUploadSection.tsx:14:77
Warning: An update to null inside a test was not wrapped in act(...).

When testing, code that causes React state updates should be wrapped into act(...):

act(() => {
  /* fire events that update state */
});
/* assert on the output */

This ensures that you're testing the behavior the user would see in the browser. Learn more at https://reactjs.org/link/wrap-tests-with-act
    at /home/kazawa/vibesic/warden/warden-app/frontend/src/components/exam/FileUploadSection.tsx:14:77
Warning: An update to null inside a test was not wrapped in act(...).

When testing, code that causes React state updates should be wrapped into act(...):

act(() => {
  /* fire events that update state */
});
/* assert on the output */

This ensures that you're testing the behavior the user would see in the browser. Learn more at https://reactjs.org/link/wrap-tests-with-act
    at /home/kazawa/vibesic/warden/warden-app/frontend/src/components/exam/FileUploadSection.tsx:14:77
Warning: An update to null inside a test was not wrapped in act(...).

When testing, code that causes React state updates should be wrapped into act(...):

act(() => {
  /* fire events that update state */
});
/* assert on the output */

This ensures that you're testing the behavior the user would see in the browser. Learn more at https://reactjs.org/link/wrap-tests-with-act
    at /home/kazawa/vibesic/warden/warden-app/frontend/src/components/exam/FileUploadSection.tsx:14:77
Warning: An update to null inside a test was not wrapped in act(...).

When testing, code that causes React state updates should be wrapped into act(...):

act(() => {
  /* fire events that update state */
});
/* assert on the output */

This ensures that you're testing the behavior the user would see in the browser. Learn more at https://reactjs.org/link/wrap-tests-with-act
    at /home/kazawa/vibesic/warden/warden-app/frontend/src/components/exam/FileUploadSection.tsx:14:77
Warning: An update to null inside a test was not wrapped in act(...).

When testing, code that causes React state updates should be wrapped into act(...):

act(() => {
  /* fire events that update state */
});
/* assert on the output */

This ensures that you're testing the behavior the user would see in the browser. Learn more at https://reactjs.org/link/wrap-tests-with-act
    at /home/kazawa/vibesic/warden/warden-app/frontend/src/components/exam/FileUploadSection.tsx:14:77
Warning: An update to null inside a test was not wrapped in act(...).

When testing, code that causes React state updates should be wrapped into act(...):

act(() => {
  /* fire events that update state */
});
/* assert on the output */

This ensures that you're testing the behavior the user would see in the browser. Learn more at https://reactjs.org/link/wrap-tests-with-act
    at /home/kazawa/vibesic/warden/warden-app/frontend/src/components/exam/FileUploadSection.tsx:14:77
Warning: An update to null inside a test was not wrapped in act(...).

When testing, code that causes React state updates should be wrapped into act(...):

act(() => {
  /* fire events that update state */
});
/* assert on the output */

This ensures that you're testing the behavior the user would see in the browser. Learn more at https://reactjs.org/link/wrap-tests-with-act
    at /home/kazawa/vibesic/warden/warden-app/frontend/src/components/exam/FileUploadSection.tsx:14:77
Warning: An update to null inside a test was not wrapped in act(...).

When testing, code that causes React state updates should be wrapped into act(...):

act(() => {
  /* fire events that update state */
});
/* assert on the output */

This ensures that you're testing the behavior the user would see in the browser. Learn more at https://reactjs.org/link/wrap-tests-with-act
    at /home/kazawa/vibesic/warden/warden-app/frontend/src/components/exam/FileUploadSection.tsx:14:77
Warning: An update to null inside a test was not wrapped in act(...).

When testing, code that causes React state updates should be wrapped into act(...):

act(() => {
  /* fire events that update state */
});
/* assert on the output */

This ensures that you're testing the behavior the user would see in the browser. Learn more at https://reactjs.org/link/wrap-tests-with-act
    at /home/kazawa/vibesic/warden/warden-app/frontend/src/components/exam/FileUploadSection.tsx:14:77
Warning: An update to null inside a test was not wrapped in act(...).

When testing, code that causes React state updates should be wrapped into act(...):

act(() => {
  /* fire events that update state */
});
/* assert on the output */

This ensures that you're testing the behavior the user would see in the browser. Learn more at https://reactjs.org/link/wrap-tests-with-act
    at /home/kazawa/vibesic/warden/warden-app/frontend/src/components/exam/FileUploadSection.tsx:14:77
Warning: An update to null inside a test was not wrapped in act(...).

When testing, code that causes React state updates should be wrapped into act(...):

act(() => {
  /* fire events that update state */
});
/* assert on the output */

This ensures that you're testing the behavior the user would see in the browser. Learn more at https://reactjs.org/link/wrap-tests-with-act
    at /home/kazawa/vibesic/warden/warden-app/frontend/src/components/exam/FileUploadSection.tsx:14:77
Warning: An update to null inside a test was not wrapped in act(...).

When testing, code that causes React state updates should be wrapped into act(...):

act(() => {
  /* fire events that update state */
});
/* assert on the output */

This ensures that you're testing the behavior the user would see in the browser. Learn more at https://reactjs.org/link/wrap-tests-with-act
    at /home/kazawa/vibesic/warden/warden-app/frontend/src/components/exam/FileUploadSection.tsx:14:77
Warning: An update to null inside a test was not wrapped in act(...).

When testing, code that causes React state updates should be wrapped into act(...):

act(() => {
  /* fire events that update state */
});
/* assert on the output */

This ensures that you're testing the behavior the user would see in the browser. Learn more at https://reactjs.org/link/wrap-tests-with-act
    at /home/kazawa/vibesic/warden/warden-app/frontend/src/components/exam/FileUploadSection.tsx:14:77
Warning: An update to null inside a test was not wrapped in act(...).

When testing, code that causes React state updates should be wrapped into act(...):

act(() => {
  /* fire events that update state */
});
/* assert on the output */

This ensures that you're testing the behavior the user would see in the browser. Learn more at https://reactjs.org/link/wrap-tests-with-act
    at /home/kazawa/vibesic/warden/warden-app/frontend/src/components/exam/FileUploadSection.tsx:14:77
Warning: An update to null inside a test was not wrapped in act(...).

When testing, code that causes React state updates should be wrapped into act(...):

act(() => {
  /* fire events that update state */
});
/* assert on the output */

This ensures that you're testing the behavior the user would see in the browser. Learn more at https://reactjs.org/link/wrap-tests-with-act
    at /home/kazawa/vibesic/warden/warden-app/frontend/src/components/exam/FileUploadSection.tsx:14:77
Warning: An update to null inside a test was not wrapped in act(...).

When testing, code that causes React state updates should be wrapped into act(...):

act(() => {
  /* fire events that update state */
});
/* assert on the output */

This ensures that you're testing the behavior the user would see in the browser. Learn more at https://reactjs.org/link/wrap-tests-with-act
    at /home/kazawa/vibesic/warden/warden-app/frontend/src/components/exam/FileUploadSection.tsx:14:77
Warning: An update to null inside a test was not wrapped in act(...).

When testing, code that causes React state updates should be wrapped into act(...):

act(() => {
  /* fire events that update state */
});
/* assert on the output */

This ensures that you're testing the behavior the user would see in the browser. Learn more at https://reactjs.org/link/wrap-tests-with-act
    at /home/kazawa/vibesic/warden/warden-app/frontend/src/components/exam/FileUploadSection.tsx:14:77
Warning: An update to null inside a test was not wrapped in act(...).

When testing, code that causes React state updates should be wrapped into act(...):

act(() => {
  /* fire events that update state */
});
/* assert on the output */

This ensures that you're testing the behavior the user would see in the browser. Learn more at https://reactjs.org/link/wrap-tests-with-act
    at /home/kazawa/vibesic/warden/warden-app/frontend/src/components/exam/FileUploadSection.tsx:14:77
Warning: An update to null inside a test was not wrapped in act(...).

When testing, code that causes React state updates should be wrapped into act(...):

act(() => {
  /* fire events that update state */
});
/* assert on the output */

This ensures that you're testing the behavior the user would see in the browser. Learn more at https://reactjs.org/link/wrap-tests-with-act
    at /home/kazawa/vibesic/warden/warden-app/frontend/src/components/exam/FileUploadSection.tsx:14:77
Warning: An update to null inside a test was not wrapped in act(...).

When testing, code that causes React state updates should be wrapped into act(...):

act(() => {
  /* fire events that update state */
});
/* assert on the output */

This ensures that you're testing the behavior the user would see in the browser. Learn more at https://reactjs.org/link/wrap-tests-with-act
    at /home/kazawa/vibesic/warden/warden-app/frontend/src/components/exam/FileUploadSection.tsx:14:77
Warning: An update to null inside a test was not wrapped in act(...).

When testing, code that causes React state updates should be wrapped into act(...):

act(() => {
  /* fire events that update state */
});
/* assert on the output */

This ensures that you're testing the behavior the user would see in the browser. Learn more at https://reactjs.org/link/wrap-tests-with-act
    at /home/kazawa/vibesic/warden/warden-app/frontend/src/components/exam/FileUploadSection.tsx:14:77
Warning: An update to null inside a test was not wrapped in act(...).

When testing, code that causes React state updates should be wrapped into act(...):

act(() => {
  /* fire events that update state */
});
/* assert on the output */

This ensures that you're testing the behavior the user would see in the browser. Learn more at https://reactjs.org/link/wrap-tests-with-act
    at /home/kazawa/vibesic/warden/warden-app/frontend/src/components/exam/FileUploadSection.tsx:14:77
Warning: An update to null inside a test was not wrapped in act(...).

When testing, code that causes React state updates should be wrapped into act(...):

act(() => {
  /* fire events that update state */
});
/* assert on the output */

This ensures that you're testing the behavior the user would see in the browser. Learn more at https://reactjs.org/link/wrap-tests-with-act
    at /home/kazawa/vibesic/warden/warden-app/frontend/src/components/exam/FileUploadSection.tsx:14:77
Warning: An update to null inside a test was not wrapped in act(...).

When testing, code that causes React state updates should be wrapped into act(...):

act(() => {
  /* fire events that update state */
});
/* assert on the output */

This ensures that you're testing the behavior the user would see in the browser. Learn more at https://reactjs.org/link/wrap-tests-with-act
    at /home/kazawa/vibesic/warden/warden-app/frontend/src/components/exam/FileUploadSection.tsx:14:77
Warning: An update to null inside a test was not wrapped in act(...).

When testing, code that causes React state updates should be wrapped into act(...):

act(() => {
  /* fire events that update state */
});
/* assert on the output */

This ensures that you're testing the behavior the user would see in the browser. Learn more at https://reactjs.org/link/wrap-tests-with-act
    at /home/kazawa/vibesic/warden/warden-app/frontend/src/components/exam/FileUploadSection.tsx:14:77
Warning: An update to null inside a test was not wrapped in act(...).

When testing, code that causes React state updates should be wrapped into act(...):

act(() => {
  /* fire events that update state */
});
/* assert on the output */

This ensures that you're testing the behavior the user would see in the browser. Learn more at https://reactjs.org/link/wrap-tests-with-act
    at /home/kazawa/vibesic/warden/warden-app/frontend/src/components/exam/FileUploadSection.tsx:14:77
Warning: An update to null inside a test was not wrapped in act(...).

When testing, code that causes React state updates should be wrapped into act(...):

act(() => {
  /* fire events that update state */
});
/* assert on the output */

This ensures that you're testing the behavior the user would see in the browser. Learn more at https://reactjs.org/link/wrap-tests-with-act
    at /home/kazawa/vibesic/warden/warden-app/frontend/src/components/exam/FileUploadSection.tsx:14:77
Warning: An update to null inside a test was not wrapped in act(...).

When testing, code that causes React state updates should be wrapped into act(...):

act(() => {
  /* fire events that update state */
});
/* assert on the output */

This ensures that you're testing the behavior the user would see in the browser. Learn more at https://reactjs.org/link/wrap-tests-with-act
    at /home/kazawa/vibesic/warden/warden-app/frontend/src/components/exam/FileUploadSection.tsx:14:77
Warning: An update to null inside a test was not wrapped in act(...).

When testing, code that causes React state updates should be wrapped into act(...):

act(() => {
  /* fire events that update state */
});
/* assert on the output */

This ensures that you're testing the behavior the user would see in the browser. Learn more at https://reactjs.org/link/wrap-tests-with-act
    at /home/kazawa/vibesic/warden/warden-app/frontend/src/components/exam/FileUploadSection.tsx:14:77
Warning: An update to null inside a test was not wrapped in act(...).

When testing, code that causes React state updates should be wrapped into act(...):

act(() => {
  /* fire events that update state */
});
/* assert on the output */

This ensures that you're testing the behavior the user would see in the browser. Learn more at https://reactjs.org/link/wrap-tests-with-act
    at /home/kazawa/vibesic/warden/warden-app/frontend/src/components/exam/FileUploadSection.tsx:14:77

[90mstderr[2m | tests/unit/components/exam/FileUploadSection.test.tsx[2m > [22m[2mFileUploadSection[2m > [22m[2mshould send sessionCode and studentId in form data
[22m[39mWarning: An update to null inside a test was not wrapped in act(...).

When testing, code that causes React state updates should be wrapped into act(...):

act(() => {
  /* fire events that update state */
});
/* assert on the output */

This ensures that you're testing the behavior the user would see in the browser. Learn more at https://reactjs.org/link/wrap-tests-with-act
    at /home/kazawa/vibesic/warden/warden-app/frontend/src/components/exam/FileUploadSection.tsx:14:77
Warning: An update to null inside a test was not wrapped in act(...).

When testing, code that causes React state updates should be wrapped into act(...):

act(() => {
  /* fire events that update state */
});
/* assert on the output */

This ensures that you're testing the behavior the user would see in the browser. Learn more at https://reactjs.org/link/wrap-tests-with-act
    at /home/kazawa/vibesic/warden/warden-app/frontend/src/components/exam/FileUploadSection.tsx:14:77
Warning: An update to null inside a test was not wrapped in act(...).

When testing, code that causes React state updates should be wrapped into act(...):

act(() => {
  /* fire events that update state */
});
/* assert on the output */

This ensures that you're testing the behavior the user would see in the browser. Learn more at https://reactjs.org/link/wrap-tests-with-act
    at /home/kazawa/vibesic/warden/warden-app/frontend/src/components/exam/FileUploadSection.tsx:14:77
Warning: An update to null inside a test was not wrapped in act(...).

When testing, code that causes React state updates should be wrapped into act(...):

act(() => {
  /* fire events that update state */
});
/* assert on the output */

This ensures that you're testing the behavior the user would see in the browser. Learn more at https://reactjs.org/link/wrap-tests-with-act
    at /home/kazawa/vibesic/warden/warden-app/frontend/src/components/exam/FileUploadSection.tsx:14:77
Warning: An update to null inside a test was not wrapped in act(...).

When testing, code that causes React state updates should be wrapped into act(...):

act(() => {
  /* fire events that update state */
});
/* assert on the output */

This ensures that you're testing the behavior the user would see in the browser. Learn more at https://reactjs.org/link/wrap-tests-with-act
    at /home/kazawa/vibesic/warden/warden-app/frontend/src/components/exam/FileUploadSection.tsx:14:77
Warning: An update to null inside a test was not wrapped in act(...).

When testing, code that causes React state updates should be wrapped into act(...):

act(() => {
  /* fire events that update state */
});
/* assert on the output */

This ensures that you're testing the behavior the user would see in the browser. Learn more at https://reactjs.org/link/wrap-tests-with-act
    at /home/kazawa/vibesic/warden/warden-app/frontend/src/components/exam/FileUploadSection.tsx:14:77
Warning: An update to null inside a test was not wrapped in act(...).

When testing, code that causes React state updates should be wrapped into act(...):

act(() => {
  /* fire events that update state */
});
/* assert on the output */

This ensures that you're testing the behavior the user would see in the browser. Learn more at https://reactjs.org/link/wrap-tests-with-act
    at /home/kazawa/vibesic/warden/warden-app/frontend/src/components/exam/FileUploadSection.tsx:14:77
Warning: An update to null inside a test was not wrapped in act(...).

When testing, code that causes React state updates should be wrapped into act(...):

act(() => {
  /* fire events that update state */
});
/* assert on the output */

This ensures that you're testing the behavior the user would see in the browser. Learn more at https://reactjs.org/link/wrap-tests-with-act
    at /home/kazawa/vibesic/warden/warden-app/frontend/src/components/exam/FileUploadSection.tsx:14:77
Warning: An update to null inside a test was not wrapped in act(...).

When testing, code that causes React state updates should be wrapped into act(...):

act(() => {
  /* fire events that update state */
});
/* assert on the output */

This ensures that you're testing the behavior the user would see in the browser. Learn more at https://reactjs.org/link/wrap-tests-with-act
    at /home/kazawa/vibesic/warden/warden-app/frontend/src/components/exam/FileUploadSection.tsx:14:77
Warning: An update to null inside a test was not wrapped in act(...).

When testing, code that causes React state updates should be wrapped into act(...):

act(() => {
  /* fire events that update state */
});
/* assert on the output */

This ensures that you're testing the behavior the user would see in the browser. Learn more at https://reactjs.org/link/wrap-tests-with-act
    at /home/kazawa/vibesic/warden/warden-app/frontend/src/components/exam/FileUploadSection.tsx:14:77
Warning: An update to null inside a test was not wrapped in act(...).

When testing, code that causes React state updates should be wrapped into act(...):

act(() => {
  /* fire events that update state */
});
/* assert on the output */

This ensures that you're testing the behavior the user would see in the browser. Learn more at https://reactjs.org/link/wrap-tests-with-act
    at /home/kazawa/vibesic/warden/warden-app/frontend/src/components/exam/FileUploadSection.tsx:14:77
Warning: An update to null inside a test was not wrapped in act(...).

When testing, code that causes React state updates should be wrapped into act(...):

act(() => {
  /* fire events that update state */
});
/* assert on the output */

This ensures that you're testing the behavior the user would see in the browser. Learn more at https://reactjs.org/link/wrap-tests-with-act
    at /home/kazawa/vibesic/warden/warden-app/frontend/src/components/exam/FileUploadSection.tsx:14:77
Warning: An update to null inside a test was not wrapped in act(...).

When testing, code that causes React state updates should be wrapped into act(...):

act(() => {
  /* fire events that update state */
});
/* assert on the output */

This ensures that you're testing the behavior the user would see in the browser. Learn more at https://reactjs.org/link/wrap-tests-with-act
    at /home/kazawa/vibesic/warden/warden-app/frontend/src/components/exam/FileUploadSection.tsx:14:77
Warning: An update to null inside a test was not wrapped in act(...).

When testing, code that causes React state updates should be wrapped into act(...):

act(() => {
  /* fire events that update state */
});
/* assert on the output */

This ensures that you're testing the behavior the user would see in the browser. Learn more at https://reactjs.org/link/wrap-tests-with-act
    at /home/kazawa/vibesic/warden/warden-app/frontend/src/components/exam/FileUploadSection.tsx:14:77
Warning: An update to null inside a test was not wrapped in act(...).

When testing, code that causes React state updates should be wrapped into act(...):

act(() => {
  /* fire events that update state */
});
/* assert on the output */

This ensures that you're testing the behavior the user would see in the browser. Learn more at https://reactjs.org/link/wrap-tests-with-act
    at /home/kazawa/vibesic/warden/warden-app/frontend/src/components/exam/FileUploadSection.tsx:14:77
Warning: An update to null inside a test was not wrapped in act(...).

When testing, code that causes React state updates should be wrapped into act(...):

act(() => {
  /* fire events that update state */
});
/* assert on the output */

This ensures that you're testing the behavior the user would see in the browser. Learn more at https://reactjs.org/link/wrap-tests-with-act
    at /home/kazawa/vibesic/warden/warden-app/frontend/src/components/exam/FileUploadSection.tsx:14:77
Warning: An update to null inside a test was not wrapped in act(...).

When testing, code that causes React state updates should be wrapped into act(...):

act(() => {
  /* fire events that update state */
});
/* assert on the output */

This ensures that you're testing the behavior the user would see in the browser. Learn more at https://reactjs.org/link/wrap-tests-with-act
    at /home/kazawa/vibesic/warden/warden-app/frontend/src/components/exam/FileUploadSection.tsx:14:77
Warning: An update to null inside a test was not wrapped in act(...).

When testing, code that causes React state updates should be wrapped into act(...):

act(() => {
  /* fire events that update state */
});
/* assert on the output */

This ensures that you're testing the behavior the user would see in the browser. Learn more at https://reactjs.org/link/wrap-tests-with-act
    at /home/kazawa/vibesic/warden/warden-app/frontend/src/components/exam/FileUploadSection.tsx:14:77
Warning: An update to null inside a test was not wrapped in act(...).

When testing, code that causes React state updates should be wrapped into act(...):

act(() => {
  /* fire events that update state */
});
/* assert on the output */

This ensures that you're testing the behavior the user would see in the browser. Learn more at https://reactjs.org/link/wrap-tests-with-act
    at /home/kazawa/vibesic/warden/warden-app/frontend/src/components/exam/FileUploadSection.tsx:14:77
Warning: An update to null inside a test was not wrapped in act(...).

When testing, code that causes React state updates should be wrapped into act(...):

act(() => {
  /* fire events that update state */
});
/* assert on the output */

This ensures that you're testing the behavior the user would see in the browser. Learn more at https://reactjs.org/link/wrap-tests-with-act
    at /home/kazawa/vibesic/warden/warden-app/frontend/src/components/exam/FileUploadSection.tsx:14:77
Warning: An update to null inside a test was not wrapped in act(...).

When testing, code that causes React state updates should be wrapped into act(...):

act(() => {
  /* fire events that update state */
});
/* assert on the output */

This ensures that you're testing the behavior the user would see in the browser. Learn more at https://reactjs.org/link/wrap-tests-with-act
    at /home/kazawa/vibesic/warden/warden-app/frontend/src/components/exam/FileUploadSection.tsx:14:77
Warning: An update to null inside a test was not wrapped in act(...).

When testing, code that causes React state updates should be wrapped into act(...):

act(() => {
  /* fire events that update state */
});
/* assert on the output */

This ensures that you're testing the behavior the user would see in the browser. Learn more at https://reactjs.org/link/wrap-tests-with-act
    at /home/kazawa/vibesic/warden/warden-app/frontend/src/components/exam/FileUploadSection.tsx:14:77
Warning: An update to null inside a test was not wrapped in act(...).

When testing, code that causes React state updates should be wrapped into act(...):

act(() => {
  /* fire events that update state */
});
/* assert on the output */

This ensures that you're testing the behavior the user would see in the browser. Learn more at https://reactjs.org/link/wrap-tests-with-act
    at /home/kazawa/vibesic/warden/warden-app/frontend/src/components/exam/FileUploadSection.tsx:14:77
Warning: An update to null inside a test was not wrapped in act(...).

When testing, code that causes React state updates should be wrapped into act(...):

act(() => {
  /* fire events that update state */
});
/* assert on the output */

This ensures that you're testing the behavior the user would see in the browser. Learn more at https://reactjs.org/link/wrap-tests-with-act
    at /home/kazawa/vibesic/warden/warden-app/frontend/src/components/exam/FileUploadSection.tsx:14:77
Warning: An update to null inside a test was not wrapped in act(...).

When testing, code that causes React state updates should be wrapped into act(...):

act(() => {
  /* fire events that update state */
});
/* assert on the output */

This ensures that you're testing the behavior the user would see in the browser. Learn more at https://reactjs.org/link/wrap-tests-with-act
    at /home/kazawa/vibesic/warden/warden-app/frontend/src/components/exam/FileUploadSection.tsx:14:77
Warning: An update to null inside a test was not wrapped in act(...).

When testing, code that causes React state updates should be wrapped into act(...):

act(() => {
  /* fire events that update state */
});
/* assert on the output */

This ensures that you're testing the behavior the user would see in the browser. Learn more at https://reactjs.org/link/wrap-tests-with-act
    at /home/kazawa/vibesic/warden/warden-app/frontend/src/components/exam/FileUploadSection.tsx:14:77
Warning: An update to null inside a test was not wrapped in act(...).

When testing, code that causes React state updates should be wrapped into act(...):

act(() => {
  /* fire events that update state */
});
/* assert on the output */

This ensures that you're testing the behavior the user would see in the browser. Learn more at https://reactjs.org/link/wrap-tests-with-act
    at /home/kazawa/vibesic/warden/warden-app/frontend/src/components/exam/FileUploadSection.tsx:14:77
Warning: An update to null inside a test was not wrapped in act(...).

When testing, code that causes React state updates should be wrapped into act(...):

act(() => {
  /* fire events that update state */
});
/* assert on the output */

This ensures that you're testing the behavior the user would see in the browser. Learn more at https://reactjs.org/link/wrap-tests-with-act
    at /home/kazawa/vibesic/warden/warden-app/frontend/src/components/exam/FileUploadSection.tsx:14:77
Warning: An update to null inside a test was not wrapped in act(...).

When testing, code that causes React state updates should be wrapped into act(...):

act(() => {
  /* fire events that update state */
});
/* assert on the output */

This ensures that you're testing the behavior the user would see in the browser. Learn more at https://reactjs.org/link/wrap-tests-with-act
    at /home/kazawa/vibesic/warden/warden-app/frontend/src/components/exam/FileUploadSection.tsx:14:77
Warning: An update to null inside a test was not wrapped in act(...).

When testing, code that causes React state updates should be wrapped into act(...):

act(() => {
  /* fire events that update state */
});
/* assert on the output */

This ensures that you're testing the behavior the user would see in the browser. Learn more at https://reactjs.org/link/wrap-tests-with-act
    at /home/kazawa/vibesic/warden/warden-app/frontend/src/components/exam/FileUploadSection.tsx:14:77

[90mstderr[2m | tests/unit/components/exam/FileUploadSection.test.tsx[2m > [22m[2mFileUploadSection[2m > [22m[2mshould send sessionCode and studentId in form data
[22m[39mWarning: An update to null inside a test was not wrapped in act(...).

When testing, code that causes React state updates should be wrapped into act(...):

act(() => {
  /* fire events that update state */
});
/* assert on the output */

This ensures that you're testing the behavior the user would see in the browser. Learn more at https://reactjs.org/link/wrap-tests-with-act
    at /home/kazawa/vibesic/warden/warden-app/frontend/src/components/exam/FileUploadSection.tsx:14:77

[90mstderr[2m | tests/unit/components/exam/FileUploadSection.test.tsx[2m > [22m[2mFileUploadSection[2m > [22m[2mshould show error message on server failure response
[22m[39mWarning: An update to null inside a test was not wrapped in act(...).

When testing, code that causes React state updates should be wrapped into act(...):

act(() => {
  /* fire events that update state */
});
/* assert on the output */

This ensures that you're testing the behavior the user would see in the browser. Learn more at https://reactjs.org/link/wrap-tests-with-act
    at /home/kazawa/vibesic/warden/warden-app/frontend/src/components/exam/FileUploadSection.tsx:14:77
Warning: An update to null inside a test was not wrapped in act(...).

When testing, code that causes React state updates should be wrapped into act(...):

act(() => {
  /* fire events that update state */
});
/* assert on the output */

This ensures that you're testing the behavior the user would see in the browser. Learn more at https://reactjs.org/link/wrap-tests-with-act
    at /home/kazawa/vibesic/warden/warden-app/frontend/src/components/exam/FileUploadSection.tsx:14:77
Warning: An update to null inside a test was not wrapped in act(...).

When testing, code that causes React state updates should be wrapped into act(...):

act(() => {
  /* fire events that update state */
});
/* assert on the output */

This ensures that you're testing the behavior the user would see in the browser. Learn more at https://reactjs.org/link/wrap-tests-with-act
    at /home/kazawa/vibesic/warden/warden-app/frontend/src/components/exam/FileUploadSection.tsx:14:77
Warning: An update to null inside a test was not wrapped in act(...).

When testing, code that causes React state updates should be wrapped into act(...):

act(() => {
  /* fire events that update state */
});
/* assert on the output */

This ensures that you're testing the behavior the user would see in the browser. Learn more at https://reactjs.org/link/wrap-tests-with-act
    at /home/kazawa/vibesic/warden/warden-app/frontend/src/components/exam/FileUploadSection.tsx:14:77
Warning: An update to null inside a test was not wrapped in act(...).

When testing, code that causes React state updates should be wrapped into act(...):

act(() => {
  /* fire events that update state */
});
/* assert on the output */

This ensures that you're testing the behavior the user would see in the browser. Learn more at https://reactjs.org/link/wrap-tests-with-act
    at /home/kazawa/vibesic/warden/warden-app/frontend/src/components/exam/FileUploadSection.tsx:14:77
Warning: An update to null inside a test was not wrapped in act(...).

When testing, code that causes React state updates should be wrapped into act(...):

act(() => {
  /* fire events that update state */
});
/* assert on the output */

This ensures that you're testing the behavior the user would see in the browser. Learn more at https://reactjs.org/link/wrap-tests-with-act
    at /home/kazawa/vibesic/warden/warden-app/frontend/src/components/exam/FileUploadSection.tsx:14:77
Warning: An update to null inside a test was not wrapped in act(...).

When testing, code that causes React state updates should be wrapped into act(...):

act(() => {
  /* fire events that update state */
});
/* assert on the output */

This ensures that you're testing the behavior the user would see in the browser. Learn more at https://reactjs.org/link/wrap-tests-with-act
    at /home/kazawa/vibesic/warden/warden-app/frontend/src/components/exam/FileUploadSection.tsx:14:77
Warning: An update to null inside a test was not wrapped in act(...).

When testing, code that causes React state updates should be wrapped into act(...):

act(() => {
  /* fire events that update state */
});
/* assert on the output */

This ensures that you're testing the behavior the user would see in the browser. Learn more at https://reactjs.org/link/wrap-tests-with-act
    at /home/kazawa/vibesic/warden/warden-app/frontend/src/components/exam/FileUploadSection.tsx:14:77
Warning: An update to null inside a test was not wrapped in act(...).

When testing, code that causes React state updates should be wrapped into act(...):

act(() => {
  /* fire events that update state */
});
/* assert on the output */

This ensures that you're testing the behavior the user would see in the browser. Learn more at https://reactjs.org/link/wrap-tests-with-act
    at /home/kazawa/vibesic/warden/warden-app/frontend/src/components/exam/FileUploadSection.tsx:14:77
Warning: An update to null inside a test was not wrapped in act(...).

When testing, code that causes React state updates should be wrapped into act(...):

act(() => {
  /* fire events that update state */
});
/* assert on the output */

This ensures that you're testing the behavior the user would see in the browser. Learn more at https://reactjs.org/link/wrap-tests-with-act
    at /home/kazawa/vibesic/warden/warden-app/frontend/src/components/exam/FileUploadSection.tsx:14:77
Warning: An update to null inside a test was not wrapped in act(...).

When testing, code that causes React state updates should be wrapped into act(...):

act(() => {
  /* fire events that update state */
});
/* assert on the output */

This ensures that you're testing the behavior the user would see in the browser. Learn more at https://reactjs.org/link/wrap-tests-with-act
    at /home/kazawa/vibesic/warden/warden-app/frontend/src/components/exam/FileUploadSection.tsx:14:77
Warning: An update to null inside a test was not wrapped in act(...).

When testing, code that causes React state updates should be wrapped into act(...):

act(() => {
  /* fire events that update state */
});
/* assert on the output */

This ensures that you're testing the behavior the user would see in the browser. Learn more at https://reactjs.org/link/wrap-tests-with-act
    at /home/kazawa/vibesic/warden/warden-app/frontend/src/components/exam/FileUploadSection.tsx:14:77
Warning: An update to null inside a test was not wrapped in act(...).

When testing, code that causes React state updates should be wrapped into act(...):

act(() => {
  /* fire events that update state */
});
/* assert on the output */

This ensures that you're testing the behavior the user would see in the browser. Learn more at https://reactjs.org/link/wrap-tests-with-act
    at /home/kazawa/vibesic/warden/warden-app/frontend/src/components/exam/FileUploadSection.tsx:14:77
Warning: An update to null inside a test was not wrapped in act(...).

When testing, code that causes React state updates should be wrapped into act(...):

act(() => {
  /* fire events that update state */
});
/* assert on the output */

This ensures that you're testing the behavior the user would see in the browser. Learn more at https://reactjs.org/link/wrap-tests-with-act
    at /home/kazawa/vibesic/warden/warden-app/frontend/src/components/exam/FileUploadSection.tsx:14:77
Warning: An update to null inside a test was not wrapped in act(...).

When testing, code that causes React state updates should be wrapped into act(...):

act(() => {
  /* fire events that update state */
});
/* assert on the output */

This ensures that you're testing the behavior the user would see in the browser. Learn more at https://reactjs.org/link/wrap-tests-with-act
    at /home/kazawa/vibesic/warden/warden-app/frontend/src/components/exam/FileUploadSection.tsx:14:77
Warning: An update to null inside a test was not wrapped in act(...).

When testing, code that causes React state updates should be wrapped into act(...):

act(() => {
  /* fire events that update state */
});
/* assert on the output */

This ensures that you're testing the behavior the user would see in the browser. Learn more at https://reactjs.org/link/wrap-tests-with-act
    at /home/kazawa/vibesic/warden/warden-app/frontend/src/components/exam/FileUploadSection.tsx:14:77
Warning: An update to null inside a test was not wrapped in act(...).

When testing, code that causes React state updates should be wrapped into act(...):

act(() => {
  /* fire events that update state */
});
/* assert on the output */

This ensures that you're testing the behavior the user would see in the browser. Learn more at https://reactjs.org/link/wrap-tests-with-act
    at /home/kazawa/vibesic/warden/warden-app/frontend/src/components/exam/FileUploadSection.tsx:14:77
Warning: An update to null inside a test was not wrapped in act(...).

When testing, code that causes React state updates should be wrapped into act(...):

act(() => {
  /* fire events that update state */
});
/* assert on the output */

This ensures that you're testing the behavior the user would see in the browser. Learn more at https://reactjs.org/link/wrap-tests-with-act
    at /home/kazawa/vibesic/warden/warden-app/frontend/src/components/exam/FileUploadSection.tsx:14:77
Warning: An update to null inside a test was not wrapped in act(...).

When testing, code that causes React state updates should be wrapped into act(...):

act(() => {
  /* fire events that update state */
});
/* assert on the output */

This ensures that you're testing the behavior the user would see in the browser. Learn more at https://reactjs.org/link/wrap-tests-with-act
    at /home/kazawa/vibesic/warden/warden-app/frontend/src/components/exam/FileUploadSection.tsx:14:77
Warning: An update to null inside a test was not wrapped in act(...).

When testing, code that causes React state updates should be wrapped into act(...):

act(() => {
  /* fire events that update state */
});
/* assert on the output */

This ensures that you're testing the behavior the user would see in the browser. Learn more at https://reactjs.org/link/wrap-tests-with-act
    at /home/kazawa/vibesic/warden/warden-app/frontend/src/components/exam/FileUploadSection.tsx:14:77
Warning: An update to null inside a test was not wrapped in act(...).

When testing, code that causes React state updates should be wrapped into act(...):

act(() => {
  /* fire events that update state */
});
/* assert on the output */

This ensures that you're testing the behavior the user would see in the browser. Learn more at https://reactjs.org/link/wrap-tests-with-act
    at /home/kazawa/vibesic/warden/warden-app/frontend/src/components/exam/FileUploadSection.tsx:14:77
Warning: An update to null inside a test was not wrapped in act(...).

When testing, code that causes React state updates should be wrapped into act(...):

act(() => {
  /* fire events that update state */
});
/* assert on the output */

This ensures that you're testing the behavior the user would see in the browser. Learn more at https://reactjs.org/link/wrap-tests-with-act
    at /home/kazawa/vibesic/warden/warden-app/frontend/src/components/exam/FileUploadSection.tsx:14:77
Warning: An update to null inside a test was not wrapped in act(...).

When testing, code that causes React state updates should be wrapped into act(...):

act(() => {
  /* fire events that update state */
});
/* assert on the output */

This ensures that you're testing the behavior the user would see in the browser. Learn more at https://reactjs.org/link/wrap-tests-with-act
    at /home/kazawa/vibesic/warden/warden-app/frontend/src/components/exam/FileUploadSection.tsx:14:77
Warning: An update to null inside a test was not wrapped in act(...).

When testing, code that causes React state updates should be wrapped into act(...):

act(() => {
  /* fire events that update state */
});
/* assert on the output */

This ensures that you're testing the behavior the user would see in the browser. Learn more at https://reactjs.org/link/wrap-tests-with-act
    at /home/kazawa/vibesic/warden/warden-app/frontend/src/components/exam/FileUploadSection.tsx:14:77
Warning: An update to null inside a test was not wrapped in act(...).

When testing, code that causes React state updates should be wrapped into act(...):

act(() => {
  /* fire events that update state */
});
/* assert on the output */

This ensures that you're testing the behavior the user would see in the browser. Learn more at https://reactjs.org/link/wrap-tests-with-act
    at /home/kazawa/vibesic/warden/warden-app/frontend/src/components/exam/FileUploadSection.tsx:14:77
Warning: An update to null inside a test was not wrapped in act(...).

When testing, code that causes React state updates should be wrapped into act(...):

act(() => {
  /* fire events that update state */
});
/* assert on the output */

This ensures that you're testing the behavior the user would see in the browser. Learn more at https://reactjs.org/link/wrap-tests-with-act
    at /home/kazawa/vibesic/warden/warden-app/frontend/src/components/exam/FileUploadSection.tsx:14:77
Warning: An update to null inside a test was not wrapped in act(...).

When testing, code that causes React state updates should be wrapped into act(...):

act(() => {
  /* fire events that update state */
});
/* assert on the output */

This ensures that you're testing the behavior the user would see in the browser. Learn more at https://reactjs.org/link/wrap-tests-with-act
    at /home/kazawa/vibesic/warden/warden-app/frontend/src/components/exam/FileUploadSection.tsx:14:77
Warning: An update to null inside a test was not wrapped in act(...).

When testing, code that causes React state updates should be wrapped into act(...):

act(() => {
  /* fire events that update state */
});
/* assert on the output */

This ensures that you're testing the behavior the user would see in the browser. Learn more at https://reactjs.org/link/wrap-tests-with-act
    at /home/kazawa/vibesic/warden/warden-app/frontend/src/components/exam/FileUploadSection.tsx:14:77
Warning: An update to null inside a test was not wrapped in act(...).

When testing, code that causes React state updates should be wrapped into act(...):

act(() => {
  /* fire events that update state */
});
/* assert on the output */

This ensures that you're testing the behavior the user would see in the browser. Learn more at https://reactjs.org/link/wrap-tests-with-act
    at /home/kazawa/vibesic/warden/warden-app/frontend/src/components/exam/FileUploadSection.tsx:14:77
Warning: An update to null inside a test was not wrapped in act(...).

When testing, code that causes React state updates should be wrapped into act(...):

act(() => {
  /* fire events that update state */
});
/* assert on the output */

This ensures that you're testing the behavior the user would see in the browser. Learn more at https://reactjs.org/link/wrap-tests-with-act
    at /home/kazawa/vibesic/warden/warden-app/frontend/src/components/exam/FileUploadSection.tsx:14:77
Warning: An update to null inside a test was not wrapped in act(...).

When testing, code that causes React state updates should be wrapped into act(...):

act(() => {
  /* fire events that update state */
});
/* assert on the output */

This ensures that you're testing the behavior the user would see in the browser. Learn more at https://reactjs.org/link/wrap-tests-with-act
    at /home/kazawa/vibesic/warden/warden-app/frontend/src/components/exam/FileUploadSection.tsx:14:77
Warning: An update to null inside a test was not wrapped in act(...).

When testing, code that causes React state updates should be wrapped into act(...):

act(() => {
  /* fire events that update state */
});
/* assert on the output */

This ensures that you're testing the behavior the user would see in the browser. Learn more at https://reactjs.org/link/wrap-tests-with-act
    at /home/kazawa/vibesic/warden/warden-app/frontend/src/components/exam/FileUploadSection.tsx:14:77
Warning: An update to null inside a test was not wrapped in act(...).

When testing, code that causes React state updates should be wrapped into act(...):

act(() => {
  /* fire events that update state */
});
/* assert on the output */

This ensures that you're testing the behavior the user would see in the browser. Learn more at https://reactjs.org/link/wrap-tests-with-act
    at /home/kazawa/vibesic/warden/warden-app/frontend/src/components/exam/FileUploadSection.tsx:14:77

[90mstderr[2m | tests/unit/components/exam/FileUploadSection.test.tsx[2m > [22m[2mFileUploadSection[2m > [22m[2mshould show generic error on network failure
[22m[39mWarning: An update to null inside a test was not wrapped in act(...).

When testing, code that causes React state updates should be wrapped into act(...):

act(() => {
  /* fire events that update state */
});
/* assert on the output */

This ensures that you're testing the behavior the user would see in the browser. Learn more at https://reactjs.org/link/wrap-tests-with-act
    at /home/kazawa/vibesic/warden/warden-app/frontend/src/components/exam/FileUploadSection.tsx:14:77
Warning: An update to null inside a test was not wrapped in act(...).

When testing, code that causes React state updates should be wrapped into act(...):

act(() => {
  /* fire events that update state */
});
/* assert on the output */

This ensures that you're testing the behavior the user would see in the browser. Learn more at https://reactjs.org/link/wrap-tests-with-act
    at /home/kazawa/vibesic/warden/warden-app/frontend/src/components/exam/FileUploadSection.tsx:14:77
Warning: An update to null inside a test was not wrapped in act(...).

When testing, code that causes React state updates should be wrapped into act(...):

act(() => {
  /* fire events that update state */
});
/* assert on the output */

This ensures that you're testing the behavior the user would see in the browser. Learn more at https://reactjs.org/link/wrap-tests-with-act
    at /home/kazawa/vibesic/warden/warden-app/frontend/src/components/exam/FileUploadSection.tsx:14:77
Warning: An update to null inside a test was not wrapped in act(...).

When testing, code that causes React state updates should be wrapped into act(...):

act(() => {
  /* fire events that update state */
});
/* assert on the output */

This ensures that you're testing the behavior the user would see in the browser. Learn more at https://reactjs.org/link/wrap-tests-with-act
    at /home/kazawa/vibesic/warden/warden-app/frontend/src/components/exam/FileUploadSection.tsx:14:77
Warning: An update to null inside a test was not wrapped in act(...).

When testing, code that causes React state updates should be wrapped into act(...):

act(() => {
  /* fire events that update state */
});
/* assert on the output */

This ensures that you're testing the behavior the user would see in the browser. Learn more at https://reactjs.org/link/wrap-tests-with-act
    at /home/kazawa/vibesic/warden/warden-app/frontend/src/components/exam/FileUploadSection.tsx:14:77
Warning: An update to null inside a test was not wrapped in act(...).

When testing, code that causes React state updates should be wrapped into act(...):

act(() => {
  /* fire events that update state */
});
/* assert on the output */

This ensures that you're testing the behavior the user would see in the browser. Learn more at https://reactjs.org/link/wrap-tests-with-act
    at /home/kazawa/vibesic/warden/warden-app/frontend/src/components/exam/FileUploadSection.tsx:14:77
Warning: An update to null inside a test was not wrapped in act(...).

When testing, code that causes React state updates should be wrapped into act(...):

act(() => {
  /* fire events that update state */
});
/* assert on the output */

This ensures that you're testing the behavior the user would see in the browser. Learn more at https://reactjs.org/link/wrap-tests-with-act
    at /home/kazawa/vibesic/warden/warden-app/frontend/src/components/exam/FileUploadSection.tsx:14:77
Warning: An update to null inside a test was not wrapped in act(...).

When testing, code that causes React state updates should be wrapped into act(...):

act(() => {
  /* fire events that update state */
});
/* assert on the output */

This ensures that you're testing the behavior the user would see in the browser. Learn more at https://reactjs.org/link/wrap-tests-with-act
    at /home/kazawa/vibesic/warden/warden-app/frontend/src/components/exam/FileUploadSection.tsx:14:77
Warning: An update to null inside a test was not wrapped in act(...).

When testing, code that causes React state updates should be wrapped into act(...):

act(() => {
  /* fire events that update state */
});
/* assert on the output */

This ensures that you're testing the behavior the user would see in the browser. Learn more at https://reactjs.org/link/wrap-tests-with-act
    at /home/kazawa/vibesic/warden/warden-app/frontend/src/components/exam/FileUploadSection.tsx:14:77
Warning: An update to null inside a test was not wrapped in act(...).

When testing, code that causes React state updates should be wrapped into act(...):

act(() => {
  /* fire events that update state */
});
/* assert on the output */

This ensures that you're testing the behavior the user would see in the browser. Learn more at https://reactjs.org/link/wrap-tests-with-act
    at /home/kazawa/vibesic/warden/warden-app/frontend/src/components/exam/FileUploadSection.tsx:14:77
Warning: An update to null inside a test was not wrapped in act(...).

When testing, code that causes React state updates should be wrapped into act(...):

act(() => {
  /* fire events that update state */
});
/* assert on the output */

This ensures that you're testing the behavior the user would see in the browser. Learn more at https://reactjs.org/link/wrap-tests-with-act
    at /home/kazawa/vibesic/warden/warden-app/frontend/src/components/exam/FileUploadSection.tsx:14:77
Warning: An update to null inside a test was not wrapped in act(...).

When testing, code that causes React state updates should be wrapped into act(...):

act(() => {
  /* fire events that update state */
});
/* assert on the output */

This ensures that you're testing the behavior the user would see in the browser. Learn more at https://reactjs.org/link/wrap-tests-with-act
    at /home/kazawa/vibesic/warden/warden-app/frontend/src/components/exam/FileUploadSection.tsx:14:77
Warning: An update to null inside a test was not wrapped in act(...).

When testing, code that causes React state updates should be wrapped into act(...):

act(() => {
  /* fire events that update state */
});
/* assert on the output */

This ensures that you're testing the behavior the user would see in the browser. Learn more at https://reactjs.org/link/wrap-tests-with-act
    at /home/kazawa/vibesic/warden/warden-app/frontend/src/components/exam/FileUploadSection.tsx:14:77
Warning: An update to null inside a test was not wrapped in act(...).

When testing, code that causes React state updates should be wrapped into act(...):

act(() => {
  /* fire events that update state */
});
/* assert on the output */

This ensures that you're testing the behavior the user would see in the browser. Learn more at https://reactjs.org/link/wrap-tests-with-act
    at /home/kazawa/vibesic/warden/warden-app/frontend/src/components/exam/FileUploadSection.tsx:14:77
Warning: An update to null inside a test was not wrapped in act(...).

When testing, code that causes React state updates should be wrapped into act(...):

act(() => {
  /* fire events that update state */
});
/* assert on the output */

This ensures that you're testing the behavior the user would see in the browser. Learn more at https://reactjs.org/link/wrap-tests-with-act
    at /home/kazawa/vibesic/warden/warden-app/frontend/src/components/exam/FileUploadSection.tsx:14:77
Warning: An update to null inside a test was not wrapped in act(...).

When testing, code that causes React state updates should be wrapped into act(...):

act(() => {
  /* fire events that update state */
});
/* assert on the output */

This ensures that you're testing the behavior the user would see in the browser. Learn more at https://reactjs.org/link/wrap-tests-with-act
    at /home/kazawa/vibesic/warden/warden-app/frontend/src/components/exam/FileUploadSection.tsx:14:77
Warning: An update to null inside a test was not wrapped in act(...).

When testing, code that causes React state updates should be wrapped into act(...):

act(() => {
  /* fire events that update state */
});
/* assert on the output */

This ensures that you're testing the behavior the user would see in the browser. Learn more at https://reactjs.org/link/wrap-tests-with-act
    at /home/kazawa/vibesic/warden/warden-app/frontend/src/components/exam/FileUploadSection.tsx:14:77
Warning: An update to null inside a test was not wrapped in act(...).

When testing, code that causes React state updates should be wrapped into act(...):

act(() => {
  /* fire events that update state */
});
/* assert on the output */

This ensures that you're testing the behavior the user would see in the browser. Learn more at https://reactjs.org/link/wrap-tests-with-act
    at /home/kazawa/vibesic/warden/warden-app/frontend/src/components/exam/FileUploadSection.tsx:14:77
Warning: An update to null inside a test was not wrapped in act(...).

When testing, code that causes React state updates should be wrapped into act(...):

act(() => {
  /* fire events that update state */
});
/* assert on the output */

This ensures that you're testing the behavior the user would see in the browser. Learn more at https://reactjs.org/link/wrap-tests-with-act
    at /home/kazawa/vibesic/warden/warden-app/frontend/src/components/exam/FileUploadSection.tsx:14:77
Warning: An update to null inside a test was not wrapped in act(...).

When testing, code that causes React state updates should be wrapped into act(...):

act(() => {
  /* fire events that update state */
});
/* assert on the output */

This ensures that you're testing the behavior the user would see in the browser. Learn more at https://reactjs.org/link/wrap-tests-with-act
    at /home/kazawa/vibesic/warden/warden-app/frontend/src/components/exam/FileUploadSection.tsx:14:77
Warning: An update to null inside a test was not wrapped in act(...).

When testing, code that causes React state updates should be wrapped into act(...):

act(() => {
  /* fire events that update state */
});
/* assert on the output */

This ensures that you're testing the behavior the user would see in the browser. Learn more at https://reactjs.org/link/wrap-tests-with-act
    at /home/kazawa/vibesic/warden/warden-app/frontend/src/components/exam/FileUploadSection.tsx:14:77
Warning: An update to null inside a test was not wrapped in act(...).

When testing, code that causes React state updates should be wrapped into act(...):

act(() => {
  /* fire events that update state */
});
/* assert on the output */

This ensures that you're testing the behavior the user would see in the browser. Learn more at https://reactjs.org/link/wrap-tests-with-act
    at /home/kazawa/vibesic/warden/warden-app/frontend/src/components/exam/FileUploadSection.tsx:14:77
Warning: An update to null inside a test was not wrapped in act(...).

When testing, code that causes React state updates should be wrapped into act(...):

act(() => {
  /* fire events that update state */
});
/* assert on the output */

This ensures that you're testing the behavior the user would see in the browser. Learn more at https://reactjs.org/link/wrap-tests-with-act
    at /home/kazawa/vibesic/warden/warden-app/frontend/src/components/exam/FileUploadSection.tsx:14:77
Warning: An update to null inside a test was not wrapped in act(...).

When testing, code that causes React state updates should be wrapped into act(...):

act(() => {
  /* fire events that update state */
});
/* assert on the output */

This ensures that you're testing the behavior the user would see in the browser. Learn more at https://reactjs.org/link/wrap-tests-with-act
    at /home/kazawa/vibesic/warden/warden-app/frontend/src/components/exam/FileUploadSection.tsx:14:77
Warning: An update to null inside a test was not wrapped in act(...).

When testing, code that causes React state updates should be wrapped into act(...):

act(() => {
  /* fire events that update state */
});
/* assert on the output */

This ensures that you're testing the behavior the user would see in the browser. Learn more at https://reactjs.org/link/wrap-tests-with-act
    at /home/kazawa/vibesic/warden/warden-app/frontend/src/components/exam/FileUploadSection.tsx:14:77
Warning: An update to null inside a test was not wrapped in act(...).

When testing, code that causes React state updates should be wrapped into act(...):

act(() => {
  /* fire events that update state */
});
/* assert on the output */

This ensures that you're testing the behavior the user would see in the browser. Learn more at https://reactjs.org/link/wrap-tests-with-act
    at /home/kazawa/vibesic/warden/warden-app/frontend/src/components/exam/FileUploadSection.tsx:14:77
Warning: An update to null inside a test was not wrapped in act(...).

When testing, code that causes React state updates should be wrapped into act(...):

act(() => {
  /* fire events that update state */
});
/* assert on the output */

This ensures that you're testing the behavior the user would see in the browser. Learn more at https://reactjs.org/link/wrap-tests-with-act
    at /home/kazawa/vibesic/warden/warden-app/frontend/src/components/exam/FileUploadSection.tsx:14:77
Warning: An update to null inside a test was not wrapped in act(...).

When testing, code that causes React state updates should be wrapped into act(...):

act(() => {
  /* fire events that update state */
});
/* assert on the output */

This ensures that you're testing the behavior the user would see in the browser. Learn more at https://reactjs.org/link/wrap-tests-with-act
    at /home/kazawa/vibesic/warden/warden-app/frontend/src/components/exam/FileUploadSection.tsx:14:77
Warning: An update to null inside a test was not wrapped in act(...).

When testing, code that causes React state updates should be wrapped into act(...):

act(() => {
  /* fire events that update state */
});
/* assert on the output */

This ensures that you're testing the behavior the user would see in the browser. Learn more at https://reactjs.org/link/wrap-tests-with-act
    at /home/kazawa/vibesic/warden/warden-app/frontend/src/components/exam/FileUploadSection.tsx:14:77
Warning: An update to null inside a test was not wrapped in act(...).

When testing, code that causes React state updates should be wrapped into act(...):

act(() => {
  /* fire events that update state */
});
/* assert on the output */

This ensures that you're testing the behavior the user would see in the browser. Learn more at https://reactjs.org/link/wrap-tests-with-act
    at /home/kazawa/vibesic/warden/warden-app/frontend/src/components/exam/FileUploadSection.tsx:14:77
Warning: An update to null inside a test was not wrapped in act(...).

When testing, code that causes React state updates should be wrapped into act(...):

act(() => {
  /* fire events that update state */
});
/* assert on the output */

This ensures that you're testing the behavior the user would see in the browser. Learn more at https://reactjs.org/link/wrap-tests-with-act
    at /home/kazawa/vibesic/warden/warden-app/frontend/src/components/exam/FileUploadSection.tsx:14:77
Warning: An update to null inside a test was not wrapped in act(...).

When testing, code that causes React state updates should be wrapped into act(...):

act(() => {
  /* fire events that update state */
});
/* assert on the output */

This ensures that you're testing the behavior the user would see in the browser. Learn more at https://reactjs.org/link/wrap-tests-with-act
    at /home/kazawa/vibesic/warden/warden-app/frontend/src/components/exam/FileUploadSection.tsx:14:77

[90mstderr[2m | tests/unit/components/exam/FileUploadSection.test.tsx[2m > [22m[2mFileUploadSection[2m > [22m[2mshould show "Preparing..." immediately then transition
[22m[39mWarning: An update to null inside a test was not wrapped in act(...).

When testing, code that causes React state updates should be wrapped into act(...):

act(() => {
  /* fire events that update state */
});
/* assert on the output */

This ensures that you're testing the behavior the user would see in the browser. Learn more at https://reactjs.org/link/wrap-tests-with-act
    at /home/kazawa/vibesic/warden/warden-app/frontend/src/components/exam/FileUploadSection.tsx:14:77
Warning: An update to null inside a test was not wrapped in act(...).

When testing, code that causes React state updates should be wrapped into act(...):

act(() => {
  /* fire events that update state */
});
/* assert on the output */

This ensures that you're testing the behavior the user would see in the browser. Learn more at https://reactjs.org/link/wrap-tests-with-act
    at /home/kazawa/vibesic/warden/warden-app/frontend/src/components/exam/FileUploadSection.tsx:14:77
Warning: An update to null inside a test was not wrapped in act(...).

When testing, code that causes React state updates should be wrapped into act(...):

act(() => {
  /* fire events that update state */
});
/* assert on the output */

This ensures that you're testing the behavior the user would see in the browser. Learn more at https://reactjs.org/link/wrap-tests-with-act
    at /home/kazawa/vibesic/warden/warden-app/frontend/src/components/exam/FileUploadSection.tsx:14:77
Warning: An update to null inside a test was not wrapped in act(...).

When testing, code that causes React state updates should be wrapped into act(...):

act(() => {
  /* fire events that update state */
});
/* assert on the output */

This ensures that you're testing the behavior the user would see in the browser. Learn more at https://reactjs.org/link/wrap-tests-with-act
    at /home/kazawa/vibesic/warden/warden-app/frontend/src/components/exam/FileUploadSection.tsx:14:77
Warning: An update to null inside a test was not wrapped in act(...).

When testing, code that causes React state updates should be wrapped into act(...):

act(() => {
  /* fire events that update state */
});
/* assert on the output */

This ensures that you're testing the behavior the user would see in the browser. Learn more at https://reactjs.org/link/wrap-tests-with-act
    at /home/kazawa/vibesic/warden/warden-app/frontend/src/components/exam/FileUploadSection.tsx:14:77
Warning: An update to null inside a test was not wrapped in act(...).

When testing, code that causes React state updates should be wrapped into act(...):

act(() => {
  /* fire events that update state */
});
/* assert on the output */

This ensures that you're testing the behavior the user would see in the browser. Learn more at https://reactjs.org/link/wrap-tests-with-act
    at /home/kazawa/vibesic/warden/warden-app/frontend/src/components/exam/FileUploadSection.tsx:14:77
Warning: An update to null inside a test was not wrapped in act(...).

When testing, code that causes React state updates should be wrapped into act(...):

act(() => {
  /* fire events that update state */
});
/* assert on the output */

This ensures that you're testing the behavior the user would see in the browser. Learn more at https://reactjs.org/link/wrap-tests-with-act
    at /home/kazawa/vibesic/warden/warden-app/frontend/src/components/exam/FileUploadSection.tsx:14:77
Warning: An update to null inside a test was not wrapped in act(...).

When testing, code that causes React state updates should be wrapped into act(...):

act(() => {
  /* fire events that update state */
});
/* assert on the output */

This ensures that you're testing the behavior the user would see in the browser. Learn more at https://reactjs.org/link/wrap-tests-with-act
    at /home/kazawa/vibesic/warden/warden-app/frontend/src/components/exam/FileUploadSection.tsx:14:77
Warning: An update to null inside a test was not wrapped in act(...).

When testing, code that causes React state updates should be wrapped into act(...):

act(() => {
  /* fire events that update state */
});
/* assert on the output */

This ensures that you're testing the behavior the user would see in the browser. Learn more at https://reactjs.org/link/wrap-tests-with-act
    at /home/kazawa/vibesic/warden/warden-app/frontend/src/components/exam/FileUploadSection.tsx:14:77
Warning: An update to null inside a test was not wrapped in act(...).

When testing, code that causes React state updates should be wrapped into act(...):

act(() => {
  /* fire events that update state */
});
/* assert on the output */

This ensures that you're testing the behavior the user would see in the browser. Learn more at https://reactjs.org/link/wrap-tests-with-act
    at /home/kazawa/vibesic/warden/warden-app/frontend/src/components/exam/FileUploadSection.tsx:14:77
Warning: An update to null inside a test was not wrapped in act(...).

When testing, code that causes React state updates should be wrapped into act(...):

act(() => {
  /* fire events that update state */
});
/* assert on the output */

This ensures that you're testing the behavior the user would see in the browser. Learn more at https://reactjs.org/link/wrap-tests-with-act
    at /home/kazawa/vibesic/warden/warden-app/frontend/src/components/exam/FileUploadSection.tsx:14:77
Warning: An update to null inside a test was not wrapped in act(...).

When testing, code that causes React state updates should be wrapped into act(...):

act(() => {
  /* fire events that update state */
});
/* assert on the output */

This ensures that you're testing the behavior the user would see in the browser. Learn more at https://reactjs.org/link/wrap-tests-with-act
    at /home/kazawa/vibesic/warden/warden-app/frontend/src/components/exam/FileUploadSection.tsx:14:77
Warning: An update to null inside a test was not wrapped in act(...).

When testing, code that causes React state updates should be wrapped into act(...):

act(() => {
  /* fire events that update state */
});
/* assert on the output */

This ensures that you're testing the behavior the user would see in the browser. Learn more at https://reactjs.org/link/wrap-tests-with-act
    at /home/kazawa/vibesic/warden/warden-app/frontend/src/components/exam/FileUploadSection.tsx:14:77
Warning: An update to null inside a test was not wrapped in act(...).

When testing, code that causes React state updates should be wrapped into act(...):

act(() => {
  /* fire events that update state */
});
/* assert on the output */

This ensures that you're testing the behavior the user would see in the browser. Learn more at https://reactjs.org/link/wrap-tests-with-act
    at /home/kazawa/vibesic/warden/warden-app/frontend/src/components/exam/FileUploadSection.tsx:14:77
Warning: An update to null inside a test was not wrapped in act(...).

When testing, code that causes React state updates should be wrapped into act(...):

act(() => {
  /* fire events that update state */
});
/* assert on the output */

This ensures that you're testing the behavior the user would see in the browser. Learn more at https://reactjs.org/link/wrap-tests-with-act
    at /home/kazawa/vibesic/warden/warden-app/frontend/src/components/exam/FileUploadSection.tsx:14:77
Warning: An update to null inside a test was not wrapped in act(...).

When testing, code that causes React state updates should be wrapped into act(...):

act(() => {
  /* fire events that update state */
});
/* assert on the output */

This ensures that you're testing the behavior the user would see in the browser. Learn more at https://reactjs.org/link/wrap-tests-with-act
    at /home/kazawa/vibesic/warden/warden-app/frontend/src/components/exam/FileUploadSection.tsx:14:77
Warning: An update to null inside a test was not wrapped in act(...).

When testing, code that causes React state updates should be wrapped into act(...):

act(() => {
  /* fire events that update state */
});
/* assert on the output */

This ensures that you're testing the behavior the user would see in the browser. Learn more at https://reactjs.org/link/wrap-tests-with-act
    at /home/kazawa/vibesic/warden/warden-app/frontend/src/components/exam/FileUploadSection.tsx:14:77
Warning: An update to null inside a test was not wrapped in act(...).

When testing, code that causes React state updates should be wrapped into act(...):

act(() => {
  /* fire events that update state */
});
/* assert on the output */

This ensures that you're testing the behavior the user would see in the browser. Learn more at https://reactjs.org/link/wrap-tests-with-act
    at /home/kazawa/vibesic/warden/warden-app/frontend/src/components/exam/FileUploadSection.tsx:14:77
Warning: An update to null inside a test was not wrapped in act(...).

When testing, code that causes React state updates should be wrapped into act(...):

act(() => {
  /* fire events that update state */
});
/* assert on the output */

This ensures that you're testing the behavior the user would see in the browser. Learn more at https://reactjs.org/link/wrap-tests-with-act
    at /home/kazawa/vibesic/warden/warden-app/frontend/src/components/exam/FileUploadSection.tsx:14:77
Warning: An update to null inside a test was not wrapped in act(...).

When testing, code that causes React state updates should be wrapped into act(...):

act(() => {
  /* fire events that update state */
});
/* assert on the output */

This ensures that you're testing the behavior the user would see in the browser. Learn more at https://reactjs.org/link/wrap-tests-with-act
    at /home/kazawa/vibesic/warden/warden-app/frontend/src/components/exam/FileUploadSection.tsx:14:77
Warning: An update to null inside a test was not wrapped in act(...).

When testing, code that causes React state updates should be wrapped into act(...):

act(() => {
  /* fire events that update state */
});
/* assert on the output */

This ensures that you're testing the behavior the user would see in the browser. Learn more at https://reactjs.org/link/wrap-tests-with-act
    at /home/kazawa/vibesic/warden/warden-app/frontend/src/components/exam/FileUploadSection.tsx:14:77
Warning: An update to null inside a test was not wrapped in act(...).

When testing, code that causes React state updates should be wrapped into act(...):

act(() => {
  /* fire events that update state */
});
/* assert on the output */

This ensures that you're testing the behavior the user would see in the browser. Learn more at https://reactjs.org/link/wrap-tests-with-act
    at /home/kazawa/vibesic/warden/warden-app/frontend/src/components/exam/FileUploadSection.tsx:14:77
Warning: An update to null inside a test was not wrapped in act(...).

When testing, code that causes React state updates should be wrapped into act(...):

act(() => {
  /* fire events that update state */
});
/* assert on the output */

This ensures that you're testing the behavior the user would see in the browser. Learn more at https://reactjs.org/link/wrap-tests-with-act
    at /home/kazawa/vibesic/warden/warden-app/frontend/src/components/exam/FileUploadSection.tsx:14:77
Warning: An update to null inside a test was not wrapped in act(...).

When testing, code that causes React state updates should be wrapped into act(...):

act(() => {
  /* fire events that update state */
});
/* assert on the output */

This ensures that you're testing the behavior the user would see in the browser. Learn more at https://reactjs.org/link/wrap-tests-with-act
    at /home/kazawa/vibesic/warden/warden-app/frontend/src/components/exam/FileUploadSection.tsx:14:77
Warning: An update to null inside a test was not wrapped in act(...).

When testing, code that causes React state updates should be wrapped into act(...):

act(() => {
  /* fire events that update state */
});
/* assert on the output */

This ensures that you're testing the behavior the user would see in the browser. Learn more at https://reactjs.org/link/wrap-tests-with-act
    at /home/kazawa/vibesic/warden/warden-app/frontend/src/components/exam/FileUploadSection.tsx:14:77
Warning: An update to null inside a test was not wrapped in act(...).

When testing, code that causes React state updates should be wrapped into act(...):

act(() => {
  /* fire events that update state */
});
/* assert on the output */

This ensures that you're testing the behavior the user would see in the browser. Learn more at https://reactjs.org/link/wrap-tests-with-act
    at /home/kazawa/vibesic/warden/warden-app/frontend/src/components/exam/FileUploadSection.tsx:14:77
Warning: An update to null inside a test was not wrapped in act(...).

When testing, code that causes React state updates should be wrapped into act(...):

act(() => {
  /* fire events that update state */
});
/* assert on the output */

This ensures that you're testing the behavior the user would see in the browser. Learn more at https://reactjs.org/link/wrap-tests-with-act
    at /home/kazawa/vibesic/warden/warden-app/frontend/src/components/exam/FileUploadSection.tsx:14:77
Warning: An update to null inside a test was not wrapped in act(...).

When testing, code that causes React state updates should be wrapped into act(...):

act(() => {
  /* fire events that update state */
});
/* assert on the output */

This ensures that you're testing the behavior the user would see in the browser. Learn more at https://reactjs.org/link/wrap-tests-with-act
    at /home/kazawa/vibesic/warden/warden-app/frontend/src/components/exam/FileUploadSection.tsx:14:77
Warning: An update to null inside a test was not wrapped in act(...).

When testing, code that causes React state updates should be wrapped into act(...):

act(() => {
  /* fire events that update state */
});
/* assert on the output */

This ensures that you're testing the behavior the user would see in the browser. Learn more at https://reactjs.org/link/wrap-tests-with-act
    at /home/kazawa/vibesic/warden/warden-app/frontend/src/components/exam/FileUploadSection.tsx:14:77
Warning: An update to null inside a test was not wrapped in act(...).

When testing, code that causes React state updates should be wrapped into act(...):

act(() => {
  /* fire events that update state */
});
/* assert on the output */

This ensures that you're testing the behavior the user would see in the browser. Learn more at https://reactjs.org/link/wrap-tests-with-act
    at /home/kazawa/vibesic/warden/warden-app/frontend/src/components/exam/FileUploadSection.tsx:14:77
Warning: An update to null inside a test was not wrapped in act(...).

When testing, code that causes React state updates should be wrapped into act(...):

act(() => {
  /* fire events that update state */
});
/* assert on the output */

This ensures that you're testing the behavior the user would see in the browser. Learn more at https://reactjs.org/link/wrap-tests-with-act
    at /home/kazawa/vibesic/warden/warden-app/frontend/src/components/exam/FileUploadSection.tsx:14:77
Warning: An update to null inside a test was not wrapped in act(...).

When testing, code that causes React state updates should be wrapped into act(...):

act(() => {
  /* fire events that update state */
});
/* assert on the output */

This ensures that you're testing the behavior the user would see in the browser. Learn more at https://reactjs.org/link/wrap-tests-with-act
    at /home/kazawa/vibesic/warden/warden-app/frontend/src/components/exam/FileUploadSection.tsx:14:77

[90mstderr[2m | tests/unit/components/exam/FileUploadSection.test.tsx[2m > [22m[2mFileUploadSection[2m > [22m[2mshould show "Preparing..." immediately then transition
[22m[39mWarning: An update to null inside a test was not wrapped in act(...).

When testing, code that causes React state updates should be wrapped into act(...):

act(() => {
  /* fire events that update state */
});
/* assert on the output */

This ensures that you're testing the behavior the user would see in the browser. Learn more at https://reactjs.org/link/wrap-tests-with-act
    at /home/kazawa/vibesic/warden/warden-app/frontend/src/components/exam/FileUploadSection.tsx:14:77
Warning: An update to null inside a test was not wrapped in act(...).

When testing, code that causes React state updates should be wrapped into act(...):

act(() => {
  /* fire events that update state */
});
/* assert on the output */

This ensures that you're testing the behavior the user would see in the browser. Learn more at https://reactjs.org/link/wrap-tests-with-act
    at /home/kazawa/vibesic/warden/warden-app/frontend/src/components/exam/FileUploadSection.tsx:14:77
Warning: An update to null inside a test was not wrapped in act(...).

When testing, code that causes React state updates should be wrapped into act(...):

act(() => {
  /* fire events that update state */
});
/* assert on the output */

This ensures that you're testing the behavior the user would see in the browser. Learn more at https://reactjs.org/link/wrap-tests-with-act
    at /home/kazawa/vibesic/warden/warden-app/frontend/src/components/exam/FileUploadSection.tsx:14:77

[90mstderr[2m | tests/unit/components/exam/FileUploadSection.test.tsx[2m > [22m[2mFileUploadSection[2m > [22m[2mshould replace the previously uploaded file when a new upload succeeds
[22m[39mWarning: An update to null inside a test was not wrapped in act(...).

When testing, code that causes React state updates should be wrapped into act(...):

act(() => {
  /* fire events that update state */
});
/* assert on the output */

This ensures that you're testing the behavior the user would see in the browser. Learn more at https://reactjs.org/link/wrap-tests-with-act
    at /home/kazawa/vibesic/warden/warden-app/frontend/src/components/exam/FileUploadSection.tsx:14:77
Warning: An update to null inside a test was not wrapped in act(...).

When testing, code that causes React state updates should be wrapped into act(...):

act(() => {
  /* fire events that update state */
});
/* assert on the output */

This ensures that you're testing the behavior the user would see in the browser. Learn more at https://reactjs.org/link/wrap-tests-with-act
    at /home/kazawa/vibesic/warden/warden-app/frontend/src/components/exam/FileUploadSection.tsx:14:77
Warning: An update to null inside a test was not wrapped in act(...).

When testing, code that causes React state updates should be wrapped into act(...):

act(() => {
  /* fire events that update state */
});
/* assert on the output */

This ensures that you're testing the behavior the user would see in the browser. Learn more at https://reactjs.org/link/wrap-tests-with-act
    at /home/kazawa/vibesic/warden/warden-app/frontend/src/components/exam/FileUploadSection.tsx:14:77
Warning: An update to null inside a test was not wrapped in act(...).

When testing, code that causes React state updates should be wrapped into act(...):

act(() => {
  /* fire events that update state */
});
/* assert on the output */

This ensures that you're testing the behavior the user would see in the browser. Learn more at https://reactjs.org/link/wrap-tests-with-act
    at /home/kazawa/vibesic/warden/warden-app/frontend/src/components/exam/FileUploadSection.tsx:14:77
Warning: An update to null inside a test was not wrapped in act(...).

When testing, code that causes React state updates should be wrapped into act(...):

act(() => {
  /* fire events that update state */
});
/* assert on the output */

This ensures that you're testing the behavior the user would see in the browser. Learn more at https://reactjs.org/link/wrap-tests-with-act
    at /home/kazawa/vibesic/warden/warden-app/frontend/src/components/exam/FileUploadSection.tsx:14:77
Warning: An update to null inside a test was not wrapped in act(...).

When testing, code that causes React state updates should be wrapped into act(...):

act(() => {
  /* fire events that update state */
});
/* assert on the output */

This ensures that you're testing the behavior the user would see in the browser. Learn more at https://reactjs.org/link/wrap-tests-with-act
    at /home/kazawa/vibesic/warden/warden-app/frontend/src/components/exam/FileUploadSection.tsx:14:77
Warning: An update to null inside a test was not wrapped in act(...).

When testing, code that causes React state updates should be wrapped into act(...):

act(() => {
  /* fire events that update state */
});
/* assert on the output */

This ensures that you're testing the behavior the user would see in the browser. Learn more at https://reactjs.org/link/wrap-tests-with-act
    at /home/kazawa/vibesic/warden/warden-app/frontend/src/components/exam/FileUploadSection.tsx:14:77
Warning: An update to null inside a test was not wrapped in act(...).

When testing, code that causes React state updates should be wrapped into act(...):

act(() => {
  /* fire events that update state */
});
/* assert on the output */

This ensures that you're testing the behavior the user would see in the browser. Learn more at https://reactjs.org/link/wrap-tests-with-act
    at /home/kazawa/vibesic/warden/warden-app/frontend/src/components/exam/FileUploadSection.tsx:14:77
Warning: An update to null inside a test was not wrapped in act(...).

When testing, code that causes React state updates should be wrapped into act(...):

act(() => {
  /* fire events that update state */
});
/* assert on the output */

This ensures that you're testing the behavior the user would see in the browser. Learn more at https://reactjs.org/link/wrap-tests-with-act
    at /home/kazawa/vibesic/warden/warden-app/frontend/src/components/exam/FileUploadSection.tsx:14:77
Warning: An update to null inside a test was not wrapped in act(...).

When testing, code that causes React state updates should be wrapped into act(...):

act(() => {
  /* fire events that update state */
});
/* assert on the output */

This ensures that you're testing the behavior the user would see in the browser. Learn more at https://reactjs.org/link/wrap-tests-with-act
    at /home/kazawa/vibesic/warden/warden-app/frontend/src/components/exam/FileUploadSection.tsx:14:77
Warning: An update to null inside a test was not wrapped in act(...).

When testing, code that causes React state updates should be wrapped into act(...):

act(() => {
  /* fire events that update state */
});
/* assert on the output */

This ensures that you're testing the behavior the user would see in the browser. Learn more at https://reactjs.org/link/wrap-tests-with-act
    at /home/kazawa/vibesic/warden/warden-app/frontend/src/components/exam/FileUploadSection.tsx:14:77
Warning: An update to null inside a test was not wrapped in act(...).

When testing, code that causes React state updates should be wrapped into act(...):

act(() => {
  /* fire events that update state */
});
/* assert on the output */

This ensures that you're testing the behavior the user would see in the browser. Learn more at https://reactjs.org/link/wrap-tests-with-act
    at /home/kazawa/vibesic/warden/warden-app/frontend/src/components/exam/FileUploadSection.tsx:14:77
Warning: An update to null inside a test was not wrapped in act(...).

When testing, code that causes React state updates should be wrapped into act(...):

act(() => {
  /* fire events that update state */
});
/* assert on the output */

This ensures that you're testing the behavior the user would see in the browser. Learn more at https://reactjs.org/link/wrap-tests-with-act
    at /home/kazawa/vibesic/warden/warden-app/frontend/src/components/exam/FileUploadSection.tsx:14:77
Warning: An update to null inside a test was not wrapped in act(...).

When testing, code that causes React state updates should be wrapped into act(...):

act(() => {
  /* fire events that update state */
});
/* assert on the output */

This ensures that you're testing the behavior the user would see in the browser. Learn more at https://reactjs.org/link/wrap-tests-with-act
    at /home/kazawa/vibesic/warden/warden-app/frontend/src/components/exam/FileUploadSection.tsx:14:77
Warning: An update to null inside a test was not wrapped in act(...).

When testing, code that causes React state updates should be wrapped into act(...):

act(() => {
  /* fire events that update state */
});
/* assert on the output */

This ensures that you're testing the behavior the user would see in the browser. Learn more at https://reactjs.org/link/wrap-tests-with-act
    at /home/kazawa/vibesic/warden/warden-app/frontend/src/components/exam/FileUploadSection.tsx:14:77
Warning: An update to null inside a test was not wrapped in act(...).

When testing, code that causes React state updates should be wrapped into act(...):

act(() => {
  /* fire events that update state */
});
/* assert on the output */

This ensures that you're testing the behavior the user would see in the browser. Learn more at https://reactjs.org/link/wrap-tests-with-act
    at /home/kazawa/vibesic/warden/warden-app/frontend/src/components/exam/FileUploadSection.tsx:14:77
Warning: An update to null inside a test was not wrapped in act(...).

When testing, code that causes React state updates should be wrapped into act(...):

act(() => {
  /* fire events that update state */
});
/* assert on the output */

This ensures that you're testing the behavior the user would see in the browser. Learn more at https://reactjs.org/link/wrap-tests-with-act
    at /home/kazawa/vibesic/warden/warden-app/frontend/src/components/exam/FileUploadSection.tsx:14:77
Warning: An update to null inside a test was not wrapped in act(...).

When testing, code that causes React state updates should be wrapped into act(...):

act(() => {
  /* fire events that update state */
});
/* assert on the output */

This ensures that you're testing the behavior the user would see in the browser. Learn more at https://reactjs.org/link/wrap-tests-with-act
    at /home/kazawa/vibesic/warden/warden-app/frontend/src/components/exam/FileUploadSection.tsx:14:77
Warning: An update to null inside a test was not wrapped in act(...).

When testing, code that causes React state updates should be wrapped into act(...):

act(() => {
  /* fire events that update state */
});
/* assert on the output */

This ensures that you're testing the behavior the user would see in the browser. Learn more at https://reactjs.org/link/wrap-tests-with-act
    at /home/kazawa/vibesic/warden/warden-app/frontend/src/components/exam/FileUploadSection.tsx:14:77
Warning: An update to null inside a test was not wrapped in act(...).

When testing, code that causes React state updates should be wrapped into act(...):

act(() => {
  /* fire events that update state */
});
/* assert on the output */

This ensures that you're testing the behavior the user would see in the browser. Learn more at https://reactjs.org/link/wrap-tests-with-act
    at /home/kazawa/vibesic/warden/warden-app/frontend/src/components/exam/FileUploadSection.tsx:14:77
Warning: An update to null inside a test was not wrapped in act(...).

When testing, code that causes React state updates should be wrapped into act(...):

act(() => {
  /* fire events that update state */
});
/* assert on the output */

This ensures that you're testing the behavior the user would see in the browser. Learn more at https://reactjs.org/link/wrap-tests-with-act
    at /home/kazawa/vibesic/warden/warden-app/frontend/src/components/exam/FileUploadSection.tsx:14:77
Warning: An update to null inside a test was not wrapped in act(...).

When testing, code that causes React state updates should be wrapped into act(...):

act(() => {
  /* fire events that update state */
});
/* assert on the output */

This ensures that you're testing the behavior the user would see in the browser. Learn more at https://reactjs.org/link/wrap-tests-with-act
    at /home/kazawa/vibesic/warden/warden-app/frontend/src/components/exam/FileUploadSection.tsx:14:77
Warning: An update to null inside a test was not wrapped in act(...).

When testing, code that causes React state updates should be wrapped into act(...):

act(() => {
  /* fire events that update state */
});
/* assert on the output */

This ensures that you're testing the behavior the user would see in the browser. Learn more at https://reactjs.org/link/wrap-tests-with-act
    at /home/kazawa/vibesic/warden/warden-app/frontend/src/components/exam/FileUploadSection.tsx:14:77
Warning: An update to null inside a test was not wrapped in act(...).

When testing, code that causes React state updates should be wrapped into act(...):

act(() => {
  /* fire events that update state */
});
/* assert on the output */

This ensures that you're testing the behavior the user would see in the browser. Learn more at https://reactjs.org/link/wrap-tests-with-act
    at /home/kazawa/vibesic/warden/warden-app/frontend/src/components/exam/FileUploadSection.tsx:14:77
Warning: An update to null inside a test was not wrapped in act(...).

When testing, code that causes React state updates should be wrapped into act(...):

act(() => {
  /* fire events that update state */
});
/* assert on the output */

This ensures that you're testing the behavior the user would see in the browser. Learn more at https://reactjs.org/link/wrap-tests-with-act
    at /home/kazawa/vibesic/warden/warden-app/frontend/src/components/exam/FileUploadSection.tsx:14:77
Warning: An update to null inside a test was not wrapped in act(...).

When testing, code that causes React state updates should be wrapped into act(...):

act(() => {
  /* fire events that update state */
});
/* assert on the output */

This ensures that you're testing the behavior the user would see in the browser. Learn more at https://reactjs.org/link/wrap-tests-with-act
    at /home/kazawa/vibesic/warden/warden-app/frontend/src/components/exam/FileUploadSection.tsx:14:77
Warning: An update to null inside a test was not wrapped in act(...).

When testing, code that causes React state updates should be wrapped into act(...):

act(() => {
  /* fire events that update state */
});
/* assert on the output */

This ensures that you're testing the behavior the user would see in the browser. Learn more at https://reactjs.org/link/wrap-tests-with-act
    at /home/kazawa/vibesic/warden/warden-app/frontend/src/components/exam/FileUploadSection.tsx:14:77
Warning: An update to null inside a test was not wrapped in act(...).

When testing, code that causes React state updates should be wrapped into act(...):

act(() => {
  /* fire events that update state */
});
/* assert on the output */

This ensures that you're testing the behavior the user would see in the browser. Learn more at https://reactjs.org/link/wrap-tests-with-act
    at /home/kazawa/vibesic/warden/warden-app/frontend/src/components/exam/FileUploadSection.tsx:14:77
Warning: An update to null inside a test was not wrapped in act(...).

When testing, code that causes React state updates should be wrapped into act(...):

act(() => {
  /* fire events that update state */
});
/* assert on the output */

This ensures that you're testing the behavior the user would see in the browser. Learn more at https://reactjs.org/link/wrap-tests-with-act
    at /home/kazawa/vibesic/warden/warden-app/frontend/src/components/exam/FileUploadSection.tsx:14:77
Warning: An update to null inside a test was not wrapped in act(...).

When testing, code that causes React state updates should be wrapped into act(...):

act(() => {
  /* fire events that update state */
});
/* assert on the output */

This ensures that you're testing the behavior the user would see in the browser. Learn more at https://reactjs.org/link/wrap-tests-with-act
    at /home/kazawa/vibesic/warden/warden-app/frontend/src/components/exam/FileUploadSection.tsx:14:77
Warning: An update to null inside a test was not wrapped in act(...).

When testing, code that causes React state updates should be wrapped into act(...):

act(() => {
  /* fire events that update state */
});
/* assert on the output */

This ensures that you're testing the behavior the user would see in the browser. Learn more at https://reactjs.org/link/wrap-tests-with-act
    at /home/kazawa/vibesic/warden/warden-app/frontend/src/components/exam/FileUploadSection.tsx:14:77
Warning: An update to null inside a test was not wrapped in act(...).

When testing, code that causes React state updates should be wrapped into act(...):

act(() => {
  /* fire events that update state */
});
/* assert on the output */

This ensures that you're testing the behavior the user would see in the browser. Learn more at https://reactjs.org/link/wrap-tests-with-act
    at /home/kazawa/vibesic/warden/warden-app/frontend/src/components/exam/FileUploadSection.tsx:14:77
Warning: An update to null inside a test was not wrapped in act(...).

When testing, code that causes React state updates should be wrapped into act(...):

act(() => {
  /* fire events that update state */
});
/* assert on the output */

This ensures that you're testing the behavior the user would see in the browser. Learn more at https://reactjs.org/link/wrap-tests-with-act
    at /home/kazawa/vibesic/warden/warden-app/frontend/src/components/exam/FileUploadSection.tsx:14:77

[90mstderr[2m | tests/unit/components/exam/FileUploadSection.test.tsx[2m > [22m[2mFileUploadSection[2m > [22m[2mshould replace the previously uploaded file when a new upload succeeds
[22m[39mWarning: An update to null inside a test was not wrapped in act(...).

When testing, code that causes React state updates should be wrapped into act(...):

act(() => {
  /* fire events that update state */
});
/* assert on the output */

This ensures that you're testing the behavior the user would see in the browser. Learn more at https://reactjs.org/link/wrap-tests-with-act
    at /home/kazawa/vibesic/warden/warden-app/frontend/src/components/exam/FileUploadSection.tsx:14:77
Warning: An update to null inside a test was not wrapped in act(...).

When testing, code that causes React state updates should be wrapped into act(...):

act(() => {
  /* fire events that update state */
});
/* assert on the output */

This ensures that you're testing the behavior the user would see in the browser. Learn more at https://reactjs.org/link/wrap-tests-with-act
    at /home/kazawa/vibesic/warden/warden-app/frontend/src/components/exam/FileUploadSection.tsx:14:77
Warning: An update to null inside a test was not wrapped in act(...).

When testing, code that causes React state updates should be wrapped into act(...):

act(() => {
  /* fire events that update state */
});
/* assert on the output */

This ensures that you're testing the behavior the user would see in the browser. Learn more at https://reactjs.org/link/wrap-tests-with-act
    at /home/kazawa/vibesic/warden/warden-app/frontend/src/components/exam/FileUploadSection.tsx:14:77
Warning: An update to null inside a test was not wrapped in act(...).

When testing, code that causes React state updates should be wrapped into act(...):

act(() => {
  /* fire events that update state */
});
/* assert on the output */

This ensures that you're testing the behavior the user would see in the browser. Learn more at https://reactjs.org/link/wrap-tests-with-act
    at /home/kazawa/vibesic/warden/warden-app/frontend/src/components/exam/FileUploadSection.tsx:14:77
Warning: An update to null inside a test was not wrapped in act(...).

When testing, code that causes React state updates should be wrapped into act(...):

act(() => {
  /* fire events that update state */
});
/* assert on the output */

This ensures that you're testing the behavior the user would see in the browser. Learn more at https://reactjs.org/link/wrap-tests-with-act
    at /home/kazawa/vibesic/warden/warden-app/frontend/src/components/exam/FileUploadSection.tsx:14:77
Warning: An update to null inside a test was not wrapped in act(...).

When testing, code that causes React state updates should be wrapped into act(...):

act(() => {
  /* fire events that update state */
});
/* assert on the output */

This ensures that you're testing the behavior the user would see in the browser. Learn more at https://reactjs.org/link/wrap-tests-with-act
    at /home/kazawa/vibesic/warden/warden-app/frontend/src/components/exam/FileUploadSection.tsx:14:77
Warning: An update to null inside a test was not wrapped in act(...).

When testing, code that causes React state updates should be wrapped into act(...):

act(() => {
  /* fire events that update state */
});
/* assert on the output */

This ensures that you're testing the behavior the user would see in the browser. Learn more at https://reactjs.org/link/wrap-tests-with-act
    at /home/kazawa/vibesic/warden/warden-app/frontend/src/components/exam/FileUploadSection.tsx:14:77
Warning: An update to null inside a test was not wrapped in act(...).

When testing, code that causes React state updates should be wrapped into act(...):

act(() => {
  /* fire events that update state */
});
/* assert on the output */

This ensures that you're testing the behavior the user would see in the browser. Learn more at https://reactjs.org/link/wrap-tests-with-act
    at /home/kazawa/vibesic/warden/warden-app/frontend/src/components/exam/FileUploadSection.tsx:14:77
Warning: An update to null inside a test was not wrapped in act(...).

When testing, code that causes React state updates should be wrapped into act(...):

act(() => {
  /* fire events that update state */
});
/* assert on the output */

This ensures that you're testing the behavior the user would see in the browser. Learn more at https://reactjs.org/link/wrap-tests-with-act
    at /home/kazawa/vibesic/warden/warden-app/frontend/src/components/exam/FileUploadSection.tsx:14:77
Warning: An update to null inside a test was not wrapped in act(...).

When testing, code that causes React state updates should be wrapped into act(...):

act(() => {
  /* fire events that update state */
});
/* assert on the output */

This ensures that you're testing the behavior the user would see in the browser. Learn more at https://reactjs.org/link/wrap-tests-with-act
    at /home/kazawa/vibesic/warden/warden-app/frontend/src/components/exam/FileUploadSection.tsx:14:77
Warning: An update to null inside a test was not wrapped in act(...).

When testing, code that causes React state updates should be wrapped into act(...):

act(() => {
  /* fire events that update state */
});
/* assert on the output */

This ensures that you're testing the behavior the user would see in the browser. Learn more at https://reactjs.org/link/wrap-tests-with-act
    at /home/kazawa/vibesic/warden/warden-app/frontend/src/components/exam/FileUploadSection.tsx:14:77
Warning: An update to null inside a test was not wrapped in act(...).

When testing, code that causes React state updates should be wrapped into act(...):

act(() => {
  /* fire events that update state */
});
/* assert on the output */

This ensures that you're testing the behavior the user would see in the browser. Learn more at https://reactjs.org/link/wrap-tests-with-act
    at /home/kazawa/vibesic/warden/warden-app/frontend/src/components/exam/FileUploadSection.tsx:14:77
Warning: An update to null inside a test was not wrapped in act(...).

When testing, code that causes React state updates should be wrapped into act(...):

act(() => {
  /* fire events that update state */
});
/* assert on the output */

This ensures that you're testing the behavior the user would see in the browser. Learn more at https://reactjs.org/link/wrap-tests-with-act
    at /home/kazawa/vibesic/warden/warden-app/frontend/src/components/exam/FileUploadSection.tsx:14:77
Warning: An update to null inside a test was not wrapped in act(...).

When testing, code that causes React state updates should be wrapped into act(...):

act(() => {
  /* fire events that update state */
});
/* assert on the output */

This ensures that you're testing the behavior the user would see in the browser. Learn more at https://reactjs.org/link/wrap-tests-with-act
    at /home/kazawa/vibesic/warden/warden-app/frontend/src/components/exam/FileUploadSection.tsx:14:77
Warning: An update to null inside a test was not wrapped in act(...).

When testing, code that causes React state updates should be wrapped into act(...):

act(() => {
  /* fire events that update state */
});
/* assert on the output */

This ensures that you're testing the behavior the user would see in the browser. Learn more at https://reactjs.org/link/wrap-tests-with-act
    at /home/kazawa/vibesic/warden/warden-app/frontend/src/components/exam/FileUploadSection.tsx:14:77
Warning: An update to null inside a test was not wrapped in act(...).

When testing, code that causes React state updates should be wrapped into act(...):

act(() => {
  /* fire events that update state */
});
/* assert on the output */

This ensures that you're testing the behavior the user would see in the browser. Learn more at https://reactjs.org/link/wrap-tests-with-act
    at /home/kazawa/vibesic/warden/warden-app/frontend/src/components/exam/FileUploadSection.tsx:14:77
Warning: An update to null inside a test was not wrapped in act(...).

When testing, code that causes React state updates should be wrapped into act(...):

act(() => {
  /* fire events that update state */
});
/* assert on the output */

This ensures that you're testing the behavior the user would see in the browser. Learn more at https://reactjs.org/link/wrap-tests-with-act
    at /home/kazawa/vibesic/warden/warden-app/frontend/src/components/exam/FileUploadSection.tsx:14:77
Warning: An update to null inside a test was not wrapped in act(...).

When testing, code that causes React state updates should be wrapped into act(...):

act(() => {
  /* fire events that update state */
});
/* assert on the output */

This ensures that you're testing the behavior the user would see in the browser. Learn more at https://reactjs.org/link/wrap-tests-with-act
    at /home/kazawa/vibesic/warden/warden-app/frontend/src/components/exam/FileUploadSection.tsx:14:77
Warning: An update to null inside a test was not wrapped in act(...).

When testing, code that causes React state updates should be wrapped into act(...):

act(() => {
  /* fire events that update state */
});
/* assert on the output */

This ensures that you're testing the behavior the user would see in the browser. Learn more at https://reactjs.org/link/wrap-tests-with-act
    at /home/kazawa/vibesic/warden/warden-app/frontend/src/components/exam/FileUploadSection.tsx:14:77
Warning: An update to null inside a test was not wrapped in act(...).

When testing, code that causes React state updates should be wrapped into act(...):

act(() => {
  /* fire events that update state */
});
/* assert on the output */

This ensures that you're testing the behavior the user would see in the browser. Learn more at https://reactjs.org/link/wrap-tests-with-act
    at /home/kazawa/vibesic/warden/warden-app/frontend/src/components/exam/FileUploadSection.tsx:14:77
Warning: An update to null inside a test was not wrapped in act(...).

When testing, code that causes React state updates should be wrapped into act(...):

act(() => {
  /* fire events that update state */
});
/* assert on the output */

This ensures that you're testing the behavior the user would see in the browser. Learn more at https://reactjs.org/link/wrap-tests-with-act
    at /home/kazawa/vibesic/warden/warden-app/frontend/src/components/exam/FileUploadSection.tsx:14:77
Warning: An update to null inside a test was not wrapped in act(...).

When testing, code that causes React state updates should be wrapped into act(...):

act(() => {
  /* fire events that update state */
});
/* assert on the output */

This ensures that you're testing the behavior the user would see in the browser. Learn more at https://reactjs.org/link/wrap-tests-with-act
    at /home/kazawa/vibesic/warden/warden-app/frontend/src/components/exam/FileUploadSection.tsx:14:77
Warning: An update to null inside a test was not wrapped in act(...).

When testing, code that causes React state updates should be wrapped into act(...):

act(() => {
  /* fire events that update state */
});
/* assert on the output */

This ensures that you're testing the behavior the user would see in the browser. Learn more at https://reactjs.org/link/wrap-tests-with-act
    at /home/kazawa/vibesic/warden/warden-app/frontend/src/components/exam/FileUploadSection.tsx:14:77
Warning: An update to null inside a test was not wrapped in act(...).

When testing, code that causes React state updates should be wrapped into act(...):

act(() => {
  /* fire events that update state */
});
/* assert on the output */

This ensures that you're testing the behavior the user would see in the browser. Learn more at https://reactjs.org/link/wrap-tests-with-act
    at /home/kazawa/vibesic/warden/warden-app/frontend/src/components/exam/FileUploadSection.tsx:14:77
Warning: An update to null inside a test was not wrapped in act(...).

When testing, code that causes React state updates should be wrapped into act(...):

act(() => {
  /* fire events that update state */
});
/* assert on the output */

This ensures that you're testing the behavior the user would see in the browser. Learn more at https://reactjs.org/link/wrap-tests-with-act
    at /home/kazawa/vibesic/warden/warden-app/frontend/src/components/exam/FileUploadSection.tsx:14:77
Warning: An update to null inside a test was not wrapped in act(...).

When testing, code that causes React state updates should be wrapped into act(...):

act(() => {
  /* fire events that update state */
});
/* assert on the output */

This ensures that you're testing the behavior the user would see in the browser. Learn more at https://reactjs.org/link/wrap-tests-with-act
    at /home/kazawa/vibesic/warden/warden-app/frontend/src/components/exam/FileUploadSection.tsx:14:77
Warning: An update to null inside a test was not wrapped in act(...).

When testing, code that causes React state updates should be wrapped into act(...):

act(() => {
  /* fire events that update state */
});
/* assert on the output */

This ensures that you're testing the behavior the user would see in the browser. Learn more at https://reactjs.org/link/wrap-tests-with-act
    at /home/kazawa/vibesic/warden/warden-app/frontend/src/components/exam/FileUploadSection.tsx:14:77
Warning: An update to null inside a test was not wrapped in act(...).

When testing, code that causes React state updates should be wrapped into act(...):

act(() => {
  /* fire events that update state */
});
/* assert on the output */

This ensures that you're testing the behavior the user would see in the browser. Learn more at https://reactjs.org/link/wrap-tests-with-act
    at /home/kazawa/vibesic/warden/warden-app/frontend/src/components/exam/FileUploadSection.tsx:14:77
Warning: An update to null inside a test was not wrapped in act(...).

When testing, code that causes React state updates should be wrapped into act(...):

act(() => {
  /* fire events that update state */
});
/* assert on the output */

This ensures that you're testing the behavior the user would see in the browser. Learn more at https://reactjs.org/link/wrap-tests-with-act
    at /home/kazawa/vibesic/warden/warden-app/frontend/src/components/exam/FileUploadSection.tsx:14:77
Warning: An update to null inside a test was not wrapped in act(...).

When testing, code that causes React state updates should be wrapped into act(...):

act(() => {
  /* fire events that update state */
});
/* assert on the output */

This ensures that you're testing the behavior the user would see in the browser. Learn more at https://reactjs.org/link/wrap-tests-with-act
    at /home/kazawa/vibesic/warden/warden-app/frontend/src/components/exam/FileUploadSection.tsx:14:77
Warning: An update to null inside a test was not wrapped in act(...).

When testing, code that causes React state updates should be wrapped into act(...):

act(() => {
  /* fire events that update state */
});
/* assert on the output */

This ensures that you're testing the behavior the user would see in the browser. Learn more at https://reactjs.org/link/wrap-tests-with-act
    at /home/kazawa/vibesic/warden/warden-app/frontend/src/components/exam/FileUploadSection.tsx:14:77
Warning: An update to null inside a test was not wrapped in act(...).

When testing, code that causes React state updates should be wrapped into act(...):

act(() => {
  /* fire events that update state */
});
/* assert on the output */

This ensures that you're testing the behavior the user would see in the browser. Learn more at https://reactjs.org/link/wrap-tests-with-act
    at /home/kazawa/vibesic/warden/warden-app/frontend/src/components/exam/FileUploadSection.tsx:14:77
Warning: An update to null inside a test was not wrapped in act(...).

When testing, code that causes React state updates should be wrapped into act(...):

act(() => {
  /* fire events that update state */
});
/* assert on the output */

This ensures that you're testing the behavior the user would see in the browser. Learn more at https://reactjs.org/link/wrap-tests-with-act
    at /home/kazawa/vibesic/warden/warden-app/frontend/src/components/exam/FileUploadSection.tsx:14:77

 [32m✓[39m tests/unit/components/exam/FileUploadSection.test.tsx [2m([22m[2m8 tests[22m[2m)[22m[33m 451[2mms[22m[39m
 [32m✓[39m tests/unit/hooks/useServiceWorker.test.ts [2m([22m[2m12 tests[22m[2m)[22m[33m 483[2mms[22m[39m
 [32m✓[39m tests/unit/components/common/Button.test.tsx [2m([22m[2m16 tests[22m[2m)[22m[33m 377[2mms[22m[39m
 [32m✓[39m tests/unit/components/session/SubmissionsPanel.test.tsx [2m([22m[2m7 tests[22m[2m)[22m[33m 370[2mms[22m[39m
 [32m✓[39m tests/unit/components/common/Modal.test.tsx [2m([22m[2m12 tests[22m[2m)[22m[33m 340[2mms[22m[39m
 [32m✓[39m tests/unit/components/common/Input.test.tsx [2m([22m[2m13 tests[22m[2m)[22m[33m 303[2mms[22m[39m
Error: Test render error
    at ThrowingComponent (/home/kazawa/vibesic/warden/warden-app/frontend/tests/unit/components/ErrorBoundary.test.tsx:8:11)
    at renderWithHooks (/home/kazawa/vibesic/warden/warden-app/frontend/node_modules/react-dom/cjs/react-dom.development.js:15486:18)
    at mountIndeterminateComponent (/home/kazawa/vibesic/warden/warden-app/frontend/node_modules/react-dom/cjs/react-dom.development.js:20103:13)
    at beginWork (/home/kazawa/vibesic/warden/warden-app/frontend/node_modules/react-dom/cjs/react-dom.development.js:21626:16)
    at HTMLUnknownElement.callCallback (/home/kazawa/vibesic/warden/warden-app/frontend/node_modules/react-dom/cjs/react-dom.development.js:4164:14)
    at HTMLUnknownElement.callTheUserObjectsOperation (/home/kazawa/vibesic/warden/warden-app/frontend/node_modules/jsdom/lib/generated/idl/EventListener.js:26:30)
    at innerInvokeEventListeners (/home/kazawa/vibesic/warden/warden-app/frontend/node_modules/jsdom/lib/jsdom/living/events/EventTarget-impl.js:360:16)
    at invokeEventListeners (/home/kazawa/vibesic/warden/warden-app/frontend/node_modules/jsdom/lib/jsdom/living/events/EventTarget-impl.js:296:3)
    at HTMLUnknownElementImpl._dispatch (/home/kazawa/vibesic/warden/warden-app/frontend/node_modules/jsdom/lib/jsdom/living/events/EventTarget-impl.js:243:9)
    at HTMLUnknownElementImpl.dispatchEvent (/home/kazawa/vibesic/warden/warden-app/frontend/node_modules/jsdom/lib/jsdom/living/events/EventTarget-impl.js:114:17)
Error: Test render error
    at ThrowingComponent (/home/kazawa/vibesic/warden/warden-app/frontend/tests/unit/components/ErrorBoundary.test.tsx:8:11)
    at renderWithHooks (/home/kazawa/vibesic/warden/warden-app/frontend/node_modules/react-dom/cjs/react-dom.development.js:15486:18)
    at mountIndeterminateComponent (/home/kazawa/vibesic/warden/warden-app/frontend/node_modules/react-dom/cjs/react-dom.development.js:20103:13)
    at beginWork (/home/kazawa/vibesic/warden/warden-app/frontend/node_modules/react-dom/cjs/react-dom.development.js:21626:16)
    at HTMLUnknownElement.callCallback (/home/kazawa/vibesic/warden/warden-app/frontend/node_modules/react-dom/cjs/react-dom.development.js:4164:14)
    at HTMLUnknownElement.callTheUserObjectsOperation (/home/kazawa/vibesic/warden/warden-app/frontend/node_modules/jsdom/lib/generated/idl/EventListener.js:26:30)
    at innerInvokeEventListeners (/home/kazawa/vibesic/warden/warden-app/frontend/node_modules/jsdom/lib/jsdom/living/events/EventTarget-impl.js:360:16)
    at invokeEventListeners (/home/kazawa/vibesic/warden/warden-app/frontend/node_modules/jsdom/lib/jsdom/living/events/EventTarget-impl.js:296:3)
    at HTMLUnknownElementImpl._dispatch (/home/kazawa/vibesic/warden/warden-app/frontend/node_modules/jsdom/lib/jsdom/living/events/EventTarget-impl.js:243:9)
    at HTMLUnknownElementImpl.dispatchEvent (/home/kazawa/vibesic/warden/warden-app/frontend/node_modules/jsdom/lib/jsdom/living/events/EventTarget-impl.js:114:17)
Error: Test render error
    at ThrowingComponent (/home/kazawa/vibesic/warden/warden-app/frontend/tests/unit/components/ErrorBoundary.test.tsx:8:11)
    at renderWithHooks (/home/kazawa/vibesic/warden/warden-app/frontend/node_modules/react-dom/cjs/react-dom.development.js:15486:18)
    at mountIndeterminateComponent (/home/kazawa/vibesic/warden/warden-app/frontend/node_modules/react-dom/cjs/react-dom.development.js:20103:13)
    at beginWork (/home/kazawa/vibesic/warden/warden-app/frontend/node_modules/react-dom/cjs/react-dom.development.js:21626:16)
    at HTMLUnknownElement.callCallback (/home/kazawa/vibesic/warden/warden-app/frontend/node_modules/react-dom/cjs/react-dom.development.js:4164:14)
    at HTMLUnknownElement.callTheUserObjectsOperation (/home/kazawa/vibesic/warden/warden-app/frontend/node_modules/jsdom/lib/generated/idl/EventListener.js:26:30)
    at innerInvokeEventListeners (/home/kazawa/vibesic/warden/warden-app/frontend/node_modules/jsdom/lib/jsdom/living/events/EventTarget-impl.js:360:16)
    at invokeEventListeners (/home/kazawa/vibesic/warden/warden-app/frontend/node_modules/jsdom/lib/jsdom/living/events/EventTarget-impl.js:296:3)
    at HTMLUnknownElementImpl._dispatch (/home/kazawa/vibesic/warden/warden-app/frontend/node_modules/jsdom/lib/jsdom/living/events/EventTarget-impl.js:243:9)
    at HTMLUnknownElementImpl.dispatchEvent (/home/kazawa/vibesic/warden/warden-app/frontend/node_modules/jsdom/lib/jsdom/living/events/EventTarget-impl.js:114:17)
Error: Test render error
    at ThrowingComponent (/home/kazawa/vibesic/warden/warden-app/frontend/tests/unit/components/ErrorBoundary.test.tsx:8:11)
    at renderWithHooks (/home/kazawa/vibesic/warden/warden-app/frontend/node_modules/react-dom/cjs/react-dom.development.js:15486:18)
    at mountIndeterminateComponent (/home/kazawa/vibesic/warden/warden-app/frontend/node_modules/react-dom/cjs/react-dom.development.js:20103:13)
    at beginWork (/home/kazawa/vibesic/warden/warden-app/frontend/node_modules/react-dom/cjs/react-dom.development.js:21626:16)
    at HTMLUnknownElement.callCallback (/home/kazawa/vibesic/warden/warden-app/frontend/node_modules/react-dom/cjs/react-dom.development.js:4164:14)
    at HTMLUnknownElement.callTheUserObjectsOperation (/home/kazawa/vibesic/warden/warden-app/frontend/node_modules/jsdom/lib/generated/idl/EventListener.js:26:30)
    at innerInvokeEventListeners (/home/kazawa/vibesic/warden/warden-app/frontend/node_modules/jsdom/lib/jsdom/living/events/EventTarget-impl.js:360:16)
    at invokeEventListeners (/home/kazawa/vibesic/warden/warden-app/frontend/node_modules/jsdom/lib/jsdom/living/events/EventTarget-impl.js:296:3)
    at HTMLUnknownElementImpl._dispatch (/home/kazawa/vibesic/warden/warden-app/frontend/node_modules/jsdom/lib/jsdom/living/events/EventTarget-impl.js:243:9)
    at HTMLUnknownElementImpl.dispatchEvent (/home/kazawa/vibesic/warden/warden-app/frontend/node_modules/jsdom/lib/jsdom/living/events/EventTarget-impl.js:114:17)
Error: Test render error
    at ThrowingComponent (/home/kazawa/vibesic/warden/warden-app/frontend/tests/unit/components/ErrorBoundary.test.tsx:8:11)
    at renderWithHooks (/home/kazawa/vibesic/warden/warden-app/frontend/node_modules/react-dom/cjs/react-dom.development.js:15486:18)
    at mountIndeterminateComponent (/home/kazawa/vibesic/warden/warden-app/frontend/node_modules/react-dom/cjs/react-dom.development.js:20103:13)
    at beginWork (/home/kazawa/vibesic/warden/warden-app/frontend/node_modules/react-dom/cjs/react-dom.development.js:21626:16)
    at HTMLUnknownElement.callCallback (/home/kazawa/vibesic/warden/warden-app/frontend/node_modules/react-dom/cjs/react-dom.development.js:4164:14)
    at HTMLUnknownElement.callTheUserObjectsOperation (/home/kazawa/vibesic/warden/warden-app/frontend/node_modules/jsdom/lib/generated/idl/EventListener.js:26:30)
    at innerInvokeEventListeners (/home/kazawa/vibesic/warden/warden-app/frontend/node_modules/jsdom/lib/jsdom/living/events/EventTarget-impl.js:360:16)
    at invokeEventListeners (/home/kazawa/vibesic/warden/warden-app/frontend/node_modules/jsdom/lib/jsdom/living/events/EventTarget-impl.js:296:3)
    at HTMLUnknownElementImpl._dispatch (/home/kazawa/vibesic/warden/warden-app/frontend/node_modules/jsdom/lib/jsdom/living/events/EventTarget-impl.js:243:9)
    at HTMLUnknownElementImpl.dispatchEvent (/home/kazawa/vibesic/warden/warden-app/frontend/node_modules/jsdom/lib/jsdom/living/events/EventTarget-impl.js:114:17)
Error: Test render error
    at ThrowingComponent (/home/kazawa/vibesic/warden/warden-app/frontend/tests/unit/components/ErrorBoundary.test.tsx:8:11)
    at renderWithHooks (/home/kazawa/vibesic/warden/warden-app/frontend/node_modules/react-dom/cjs/react-dom.development.js:15486:18)
    at mountIndeterminateComponent (/home/kazawa/vibesic/warden/warden-app/frontend/node_modules/react-dom/cjs/react-dom.development.js:20103:13)
    at beginWork (/home/kazawa/vibesic/warden/warden-app/frontend/node_modules/react-dom/cjs/react-dom.development.js:21626:16)
    at HTMLUnknownElement.callCallback (/home/kazawa/vibesic/warden/warden-app/frontend/node_modules/react-dom/cjs/react-dom.development.js:4164:14)
    at HTMLUnknownElement.callTheUserObjectsOperation (/home/kazawa/vibesic/warden/warden-app/frontend/node_modules/jsdom/lib/generated/idl/EventListener.js:26:30)
    at innerInvokeEventListeners (/home/kazawa/vibesic/warden/warden-app/frontend/node_modules/jsdom/lib/jsdom/living/events/EventTarget-impl.js:360:16)
    at invokeEventListeners (/home/kazawa/vibesic/warden/warden-app/frontend/node_modules/jsdom/lib/jsdom/living/events/EventTarget-impl.js:296:3)
    at HTMLUnknownElementImpl._dispatch (/home/kazawa/vibesic/warden/warden-app/frontend/node_modules/jsdom/lib/jsdom/living/events/EventTarget-impl.js:243:9)
    at HTMLUnknownElementImpl.dispatchEvent (/home/kazawa/vibesic/warden/warden-app/frontend/node_modules/jsdom/lib/jsdom/living/events/EventTarget-impl.js:114:17)
Error: Test render error
    at ThrowingComponent (/home/kazawa/vibesic/warden/warden-app/frontend/tests/unit/components/ErrorBoundary.test.tsx:8:11)
    at renderWithHooks (/home/kazawa/vibesic/warden/warden-app/frontend/node_modules/react-dom/cjs/react-dom.development.js:15486:18)
    at mountIndeterminateComponent (/home/kazawa/vibesic/warden/warden-app/frontend/node_modules/react-dom/cjs/react-dom.development.js:20103:13)
    at beginWork (/home/kazawa/vibesic/warden/warden-app/frontend/node_modules/react-dom/cjs/react-dom.development.js:21626:16)
    at HTMLUnknownElement.callCallback (/home/kazawa/vibesic/warden/warden-app/frontend/node_modules/react-dom/cjs/react-dom.development.js:4164:14)
    at HTMLUnknownElement.callTheUserObjectsOperation (/home/kazawa/vibesic/warden/warden-app/frontend/node_modules/jsdom/lib/generated/idl/EventListener.js:26:30)
    at innerInvokeEventListeners (/home/kazawa/vibesic/warden/warden-app/frontend/node_modules/jsdom/lib/jsdom/living/events/EventTarget-impl.js:360:16)
    at invokeEventListeners (/home/kazawa/vibesic/warden/warden-app/frontend/node_modules/jsdom/lib/jsdom/living/events/EventTarget-impl.js:296:3)
    at HTMLUnknownElementImpl._dispatch (/home/kazawa/vibesic/warden/warden-app/frontend/node_modules/jsdom/lib/jsdom/living/events/EventTarget-impl.js:243:9)
    at HTMLUnknownElementImpl.dispatchEvent (/home/kazawa/vibesic/warden/warden-app/frontend/node_modules/jsdom/lib/jsdom/living/events/EventTarget-impl.js:114:17)
Error: Test render error
    at ThrowingComponent (/home/kazawa/vibesic/warden/warden-app/frontend/tests/unit/components/ErrorBoundary.test.tsx:8:11)
    at renderWithHooks (/home/kazawa/vibesic/warden/warden-app/frontend/node_modules/react-dom/cjs/react-dom.development.js:15486:18)
    at mountIndeterminateComponent (/home/kazawa/vibesic/warden/warden-app/frontend/node_modules/react-dom/cjs/react-dom.development.js:20103:13)
    at beginWork (/home/kazawa/vibesic/warden/warden-app/frontend/node_modules/react-dom/cjs/react-dom.development.js:21626:16)
    at HTMLUnknownElement.callCallback (/home/kazawa/vibesic/warden/warden-app/frontend/node_modules/react-dom/cjs/react-dom.development.js:4164:14)
    at HTMLUnknownElement.callTheUserObjectsOperation (/home/kazawa/vibesic/warden/warden-app/frontend/node_modules/jsdom/lib/generated/idl/EventListener.js:26:30)
    at innerInvokeEventListeners (/home/kazawa/vibesic/warden/warden-app/frontend/node_modules/jsdom/lib/jsdom/living/events/EventTarget-impl.js:360:16)
    at invokeEventListeners (/home/kazawa/vibesic/warden/warden-app/frontend/node_modules/jsdom/lib/jsdom/living/events/EventTarget-impl.js:296:3)
    at HTMLUnknownElementImpl._dispatch (/home/kazawa/vibesic/warden/warden-app/frontend/node_modules/jsdom/lib/jsdom/living/events/EventTarget-impl.js:243:9)
    at HTMLUnknownElementImpl.dispatchEvent (/home/kazawa/vibesic/warden/warden-app/frontend/node_modules/jsdom/lib/jsdom/living/events/EventTarget-impl.js:114:17)
 [32m✓[39m tests/unit/components/ErrorBoundary.test.tsx [2m([22m[2m5 tests[22m[2m)[22m[33m 320[2mms[22m[39m
 [32m✓[39m tests/unit/components/common/ConfirmationModal.test.tsx [2m([22m[2m10 tests[22m[2m)[22m[32m 244[2mms[22m[39m
 [32m✓[39m tests/unit/components/exam/QuestionFileList.test.tsx [2m([22m[2m7 tests[22m[2m)[22m[32m 245[2mms[22m[39m
 [32m✓[39m tests/integration/components/SecureExamMonitor.questions.test.tsx [2m([22m[2m4 tests[22m[2m)[22m[32m 264[2mms[22m[39m
 [32m✓[39m tests/unit/components/layout/Header.test.tsx [2m([22m[2m10 tests[22m[2m)[22m[32m 284[2mms[22m[39m
 [32m✓[39m tests/unit/components/common/Table.test.tsx [2m([22m[2m10 tests[22m[2m)[22m[32m 208[2mms[22m[39m
 [32m✓[39m tests/unit/components/common/FullScreenAlert.test.tsx [2m([22m[2m11 tests[22m[2m)[22m[32m 173[2mms[22m[39m
[90mstderr[2m | tests/unit/hooks/useQuestionFiles.test.ts[2m > [22m[2museQuestionFiles[2m > [22m[2mshould fetch question files on mount
[22m[39mWarning: An update to TestComponent inside a test was not wrapped in act(...).

When testing, code that causes React state updates should be wrapped into act(...):

act(() => {
  /* fire events that update state */
});
/* assert on the output */

This ensures that you're testing the behavior the user would see in the browser. Learn more at https://reactjs.org/link/wrap-tests-with-act
    at TestComponent (/home/kazawa/vibesic/warden/warden-app/frontend/node_modules/@testing-library/react/dist/pure.js:328:5)

[90mstderr[2m | tests/unit/hooks/useQuestionFiles.test.ts[2m > [22m[2museQuestionFiles[2m > [22m[2mshould upload a question file
[22m[39mWarning: An update to TestComponent inside a test was not wrapped in act(...).

When testing, code that causes React state updates should be wrapped into act(...):

act(() => {
  /* fire events that update state */
});
/* assert on the output */

This ensures that you're testing the behavior the user would see in the browser. Learn more at https://reactjs.org/link/wrap-tests-with-act
    at TestComponent (/home/kazawa/vibesic/warden/warden-app/frontend/node_modules/@testing-library/react/dist/pure.js:328:5)
Warning: An update to TestComponent inside a test was not wrapped in act(...).

When testing, code that causes React state updates should be wrapped into act(...):

act(() => {
  /* fire events that update state */
});
/* assert on the output */

This ensures that you're testing the behavior the user would see in the browser. Learn more at https://reactjs.org/link/wrap-tests-with-act
    at TestComponent (/home/kazawa/vibesic/warden/warden-app/frontend/node_modules/@testing-library/react/dist/pure.js:328:5)

[90mstderr[2m | tests/unit/hooks/useQuestionFiles.test.ts[2m > [22m[2museQuestionFiles[2m > [22m[2mshould set upload error when upload fails
[22m[39mWarning: An update to TestComponent inside a test was not wrapped in act(...).

When testing, code that causes React state updates should be wrapped into act(...):

act(() => {
  /* fire events that update state */
});
/* assert on the output */

This ensures that you're testing the behavior the user would see in the browser. Learn more at https://reactjs.org/link/wrap-tests-with-act
    at TestComponent (/home/kazawa/vibesic/warden/warden-app/frontend/node_modules/@testing-library/react/dist/pure.js:328:5)
Warning: An update to TestComponent inside a test was not wrapped in act(...).

When testing, code that causes React state updates should be wrapped into act(...):

act(() => {
  /* fire events that update state */
});
/* assert on the output */

This ensures that you're testing the behavior the user would see in the browser. Learn more at https://reactjs.org/link/wrap-tests-with-act
    at TestComponent (/home/kazawa/vibesic/warden/warden-app/frontend/node_modules/@testing-library/react/dist/pure.js:328:5)

[90mstderr[2m | tests/unit/hooks/useQuestionFiles.test.ts[2m > [22m[2museQuestionFiles[2m > [22m[2mshould set upload error on network failure
[22m[39mWarning: An update to TestComponent inside a test was not wrapped in act(...).

When testing, code that causes React state updates should be wrapped into act(...):

act(() => {
  /* fire events that update state */
});
/* assert on the output */

This ensures that you're testing the behavior the user would see in the browser. Learn more at https://reactjs.org/link/wrap-tests-with-act
    at TestComponent (/home/kazawa/vibesic/warden/warden-app/frontend/node_modules/@testing-library/react/dist/pure.js:328:5)

[90mstderr[2m | tests/unit/hooks/useQuestionFiles.test.ts[2m > [22m[2museQuestionFiles[2m > [22m[2mshould delete a question file
[22m[39mWarning: An update to TestComponent inside a test was not wrapped in act(...).

When testing, code that causes React state updates should be wrapped into act(...):

act(() => {
  /* fire events that update state */
});
/* assert on the output */

This ensures that you're testing the behavior the user would see in the browser. Learn more at https://reactjs.org/link/wrap-tests-with-act
    at TestComponent (/home/kazawa/vibesic/warden/warden-app/frontend/node_modules/@testing-library/react/dist/pure.js:328:5)

[90mstderr[2m | tests/unit/hooks/useQuestionFiles.test.ts[2m > [22m[2museQuestionFiles[2m > [22m[2mshould open download window for question file
[22m[39mWarning: An update to TestComponent inside a test was not wrapped in act(...).

When testing, code that causes React state updates should be wrapped into act(...):

act(() => {
  /* fire events that update state */
});
/* assert on the output */

This ensures that you're testing the behavior the user would see in the browser. Learn more at https://reactjs.org/link/wrap-tests-with-act
    at TestComponent (/home/kazawa/vibesic/warden/warden-app/frontend/node_modules/@testing-library/react/dist/pure.js:328:5)

Error: useExamSession must be used within an ExamSessionProvider
    at Module.useExamSession (/home/kazawa/vibesic/warden/warden-app/frontend/src/contexts/ExamSessionContext.tsx:35:11)
    at /home/kazawa/vibesic/warden/warden-app/frontend/tests/unit/contexts/ExamSessionContext.test.tsx:84:24
    at TestComponent (/home/kazawa/vibesic/warden/warden-app/frontend/node_modules/@testing-library/react/dist/pure.js:330:27)
    at renderWithHooks (/home/kazawa/vibesic/warden/warden-app/frontend/node_modules/react-dom/cjs/react-dom.development.js:15486:18)
    at mountIndeterminateComponent (/home/kazawa/vibesic/warden/warden-app/frontend/node_modules/react-dom/cjs/react-dom.development.js:20103:13)
    at beginWork (/home/kazawa/vibesic/warden/warden-app/frontend/node_modules/react-dom/cjs/react-dom.development.js:21626:16)
    at HTMLUnknownElement.callCallback (/home/kazawa/vibesic/warden/warden-app/frontend/node_modules/react-dom/cjs/react-dom.development.js:4164:14)
    at HTMLUnknownElement.callTheUserObjectsOperation (/home/kazawa/vibesic/warden/warden-app/frontend/node_modules/jsdom/lib/generated/idl/EventListener.js:26:30)
    at innerInvokeEventListeners (/home/kazawa/vibesic/warden/warden-app/frontend/node_modules/jsdom/lib/jsdom/living/events/EventTarget-impl.js:360:16)
    at invokeEventListeners (/home/kazawa/vibesic/warden/warden-app/frontend/node_modules/jsdom/lib/jsdom/living/events/EventTarget-impl.js:296:3)
 [32m✓[39m tests/unit/hooks/useQuestionFiles.test.ts [2m([22m[2m9 tests[22m[2m)[22m[32m 136[2mms[22m[39m
Error: useExamSession must be used within an ExamSessionProvider
    at Module.useExamSession (/home/kazawa/vibesic/warden/warden-app/frontend/src/contexts/ExamSessionContext.tsx:35:11)
    at /home/kazawa/vibesic/warden/warden-app/frontend/tests/unit/contexts/ExamSessionContext.test.tsx:84:24
    at TestComponent (/home/kazawa/vibesic/warden/warden-app/frontend/node_modules/@testing-library/react/dist/pure.js:330:27)
    at renderWithHooks (/home/kazawa/vibesic/warden/warden-app/frontend/node_modules/react-dom/cjs/react-dom.development.js:15486:18)
    at mountIndeterminateComponent (/home/kazawa/vibesic/warden/warden-app/frontend/node_modules/react-dom/cjs/react-dom.development.js:20103:13)
    at beginWork (/home/kazawa/vibesic/warden/warden-app/frontend/node_modules/react-dom/cjs/react-dom.development.js:21626:16)
    at HTMLUnknownElement.callCallback (/home/kazawa/vibesic/warden/warden-app/frontend/node_modules/react-dom/cjs/react-dom.development.js:4164:14)
    at HTMLUnknownElement.callTheUserObjectsOperation (/home/kazawa/vibesic/warden/warden-app/frontend/node_modules/jsdom/lib/generated/idl/EventListener.js:26:30)
    at innerInvokeEventListeners (/home/kazawa/vibesic/warden/warden-app/frontend/node_modules/jsdom/lib/jsdom/living/events/EventTarget-impl.js:360:16)
    at invokeEventListeners (/home/kazawa/vibesic/warden/warden-app/frontend/node_modules/jsdom/lib/jsdom/living/events/EventTarget-impl.js:296:3)
[90mstderr[2m | tests/unit/contexts/ExamSessionContext.test.tsx[2m > [22m[2mExamSessionContext[2m > [22m[2mshould provide student identity from props
[22m[39mWarning: An update to ExamSessionProvider inside a test was not wrapped in act(...).

When testing, code that causes React state updates should be wrapped into act(...):

act(() => {
  /* fire events that update state */
});
/* assert on the output */

This ensures that you're testing the behavior the user would see in the browser. Learn more at https://reactjs.org/link/wrap-tests-with-act
    at ExamSessionProvider (/home/kazawa/vibesic/warden/warden-app/frontend/src/contexts/ExamSessionContext.tsx:30:3)
    at wrapper (/home/kazawa/vibesic/warden/warden-app/frontend/tests/unit/contexts/ExamSessionContext.test.tsx:38:20)

[90mstderr[2m | tests/unit/contexts/ExamSessionContext.test.tsx[2m > [22m[2mExamSessionContext[2m > [22m[2mshould provide isConnected from useExamSocket
[22m[39mWarning: An update to ExamSessionProvider inside a test was not wrapped in act(...).

When testing, code that causes React state updates should be wrapped into act(...):

act(() => {
  /* fire events that update state */
});
/* assert on the output */

This ensures that you're testing the behavior the user would see in the browser. Learn more at https://reactjs.org/link/wrap-tests-with-act
    at ExamSessionProvider (/home/kazawa/vibesic/warden/warden-app/frontend/src/contexts/ExamSessionContext.tsx:30:3)
    at wrapper (/home/kazawa/vibesic/warden/warden-app/frontend/tests/unit/contexts/ExamSessionContext.test.tsx:38:20)

[90mstderr[2m | tests/unit/contexts/ExamSessionContext.test.tsx[2m > [22m[2mExamSessionContext[2m > [22m[2mshould derive isViolating when internet is not secure
[22m[39mWarning: An update to ExamSessionProvider inside a test was not wrapped in act(...).

When testing, code that causes React state updates should be wrapped into act(...):

act(() => {
  /* fire events that update state */
});
/* assert on the output */

This ensures that you're testing the behavior the user would see in the browser. Learn more at https://reactjs.org/link/wrap-tests-with-act
    at ExamSessionProvider (/home/kazawa/vibesic/warden/warden-app/frontend/src/contexts/ExamSessionContext.tsx:30:3)
    at wrapper (/home/kazawa/vibesic/warden/warden-app/frontend/tests/unit/contexts/ExamSessionContext.test.tsx:38:20)

[90mstderr[2m | tests/unit/contexts/ExamSessionContext.test.tsx[2m > [22m[2mExamSessionContext[2m > [22m[2mshould not be violating when internet is secure
[22m[39mWarning: An update to ExamSessionProvider inside a test was not wrapped in act(...).

When testing, code that causes React state updates should be wrapped into act(...):

act(() => {
  /* fire events that update state */
});
/* assert on the output */

This ensures that you're testing the behavior the user would see in the browser. Learn more at https://reactjs.org/link/wrap-tests-with-act
    at ExamSessionProvider (/home/kazawa/vibesic/warden/warden-app/frontend/src/contexts/ExamSessionContext.tsx:30:3)
    at wrapper (/home/kazawa/vibesic/warden/warden-app/frontend/tests/unit/contexts/ExamSessionContext.test.tsx:38:20)

[90mstderr[2m | tests/unit/contexts/ExamSessionContext.test.tsx[2m > [22m[2mExamSessionContext[2m > [22m[2mshould provide reportViolation from useExamSocket
[22m[39mWarning: An update to ExamSessionProvider inside a test was not wrapped in act(...).

When testing, code that causes React state updates should be wrapped into act(...):

act(() => {
  /* fire events that update state */
});
/* assert on the output */

This ensures that you're testing the behavior the user would see in the browser. Learn more at https://reactjs.org/link/wrap-tests-with-act
    at ExamSessionProvider (/home/kazawa/vibesic/warden/warden-app/frontend/src/contexts/ExamSessionContext.tsx:30:3)
    at wrapper (/home/kazawa/vibesic/warden/warden-app/frontend/tests/unit/contexts/ExamSessionContext.test.tsx:38:20)

[90mstderr[2m | tests/unit/contexts/ExamSessionContext.test.tsx[2m > [22m[2mExamSessionContext[2m > [22m[2mshould provide onLogout from props
[22m[39mWarning: An update to ExamSessionProvider inside a test was not wrapped in act(...).

When testing, code that causes React state updates should be wrapped into act(...):

act(() => {
  /* fire events that update state */
});
/* assert on the output */

This ensures that you're testing the behavior the user would see in the browser. Learn more at https://reactjs.org/link/wrap-tests-with-act
    at ExamSessionProvider (/home/kazawa/vibesic/warden/warden-app/frontend/src/contexts/ExamSessionContext.tsx:30:3)
    at wrapper (/home/kazawa/vibesic/warden/warden-app/frontend/tests/unit/contexts/ExamSessionContext.test.tsx:38:20)

[90mstderr[2m | tests/unit/contexts/ExamSessionContext.test.tsx[2m > [22m[2mExamSessionContext[2m > [22m[2mshould start heartbeat loop
[22m[39mWarning: An update to ExamSessionProvider inside a test was not wrapped in act(...).

When testing, code that causes React state updates should be wrapped into act(...):

act(() => {
  /* fire events that update state */
});
/* assert on the output */

This ensures that you're testing the behavior the user would see in the browser. Learn more at https://reactjs.org/link/wrap-tests-with-act
    at ExamSessionProvider (/home/kazawa/vibesic/warden/warden-app/frontend/src/contexts/ExamSessionContext.tsx:30:3)
    at wrapper (/home/kazawa/vibesic/warden/warden-app/frontend/tests/unit/contexts/ExamSessionContext.test.tsx:38:20)

[90mstderr[2m | tests/unit/contexts/ExamSessionContext.test.tsx[2m > [22m[2mExamSessionContext[2m > [22m[2mshould send heartbeat on visibilitychange and focus
[22m[39mWarning: An update to ExamSessionProvider inside a test was not wrapped in act(...).

When testing, code that causes React state updates should be wrapped into act(...):

act(() => {
  /* fire events that update state */
});
/* assert on the output */

This ensures that you're testing the behavior the user would see in the browser. Learn more at https://reactjs.org/link/wrap-tests-with-act
    at ExamSessionProvider (/home/kazawa/vibesic/warden/warden-app/frontend/src/contexts/ExamSessionContext.tsx:30:3)
    at wrapper (/home/kazawa/vibesic/warden/warden-app/frontend/tests/unit/contexts/ExamSessionContext.test.tsx:38:20)

[90mstderr[2m | tests/unit/contexts/ExamSessionContext.test.tsx[2m > [22m[2mExamSessionContext[2m > [22m[2mshould compute remainingTime when sessionTimer is set
[22m[39mWarning: An update to ExamSessionProvider inside a test was not wrapped in act(...).

When testing, code that causes React state updates should be wrapped into act(...):

act(() => {
  /* fire events that update state */
});
/* assert on the output */

This ensures that you're testing the behavior the user would see in the browser. Learn more at https://reactjs.org/link/wrap-tests-with-act
    at ExamSessionProvider (/home/kazawa/vibesic/warden/warden-app/frontend/src/contexts/ExamSessionContext.tsx:30:3)
    at wrapper (/home/kazawa/vibesic/warden/warden-app/frontend/tests/unit/contexts/ExamSessionContext.test.tsx:38:20)

[90mstderr[2m | tests/unit/contexts/ExamSessionContext.test.tsx[2m > [22m[2mExamSessionContext[2m > [22m[2mshould return null remainingTime when no timer is set
[22m[39mWarning: An update to ExamSessionProvider inside a test was not wrapped in act(...).

When testing, code that causes React state updates should be wrapped into act(...):

act(() => {
  /* fire events that update state */
});
/* assert on the output */

This ensures that you're testing the behavior the user would see in the browser. Learn more at https://reactjs.org/link/wrap-tests-with-act
    at ExamSessionProvider (/home/kazawa/vibesic/warden/warden-app/frontend/src/contexts/ExamSessionContext.tsx:30:3)
    at wrapper (/home/kazawa/vibesic/warden/warden-app/frontend/tests/unit/contexts/ExamSessionContext.test.tsx:38:20)

 [32m✓[39m tests/unit/contexts/ExamSessionContext.test.tsx [2m([22m[2m12 tests[22m[2m)[22m[32m 101[2mms[22m[39m
 [32m✓[39m tests/integration/hooks/useExamSocket.test.ts [2m([22m[2m27 tests[22m[2m)[22m[32m 59[2mms[22m[39m
 [32m✓[39m tests/unit/hooks/useSubmissions.test.ts [2m([22m[2m10 tests[22m[2m)[22m[32m 102[2mms[22m[39m
 [32m✓[39m tests/unit/hooks/useInternetSniffer.test.ts [2m([22m[2m6 tests[22m[2m)[22m[32m 84[2mms[22m[39m
 [32m✓[39m tests/unit/components/exam/DisconnectDetector.test.tsx [2m([22m[2m10 tests[22m[2m)[22m[32m 85[2mms[22m[39m
 [32m✓[39m tests/integration/hooks/useTeacherSocket.test.ts [2m([22m[2m25 tests[22m[2m)[22m[32m 61[2mms[22m[39m
 [32m✓[39m tests/unit/components/common/StatusBadge.test.tsx [2m([22m[2m13 tests[22m[2m)[22m[32m 40[2mms[22m[39m
 [32m✓[39m tests/integration/App.test.tsx [2m([22m[2m9 tests[22m[2m)[22m[32m 41[2mms[22m[39m
 [32m✓[39m tests/unit/components/common/Card.test.tsx [2m([22m[2m11 tests[22m[2m)[22m[32m 43[2mms[22m[39m
 [32m✓[39m tests/unit/hooks/useContinuityClock.test.ts [2m([22m[2m17 tests[22m[2m)[22m[32m 37[2mms[22m[39m
[90mstderr[2m | tests/unit/utils/workerTimer.test.ts[2m > [22m[2mworkerTimer[2m > [22m[2mshould gracefully fallback if Worker instantiation throws
[22m[39mWorker initialization failed, falling back to setInterval Error: Blocked by CSP
    at new MockWorker [90m(/home/kazawa/vibesic/warden/warden-app/frontend/[39mtests/unit/utils/workerTimer.test.ts:72:29[90m)[39m
    at initWorker [90m(/home/kazawa/vibesic/warden/warden-app/frontend/[39msrc/utils/workerTimer.ts?1781162587865:29:14[90m)[39m
    at setWorkerInterval [90m(/home/kazawa/vibesic/warden/warden-app/frontend/[39msrc/utils/workerTimer.ts?1781162587865:49:16[90m)[39m
    at [90m/home/kazawa/vibesic/warden/warden-app/frontend/[39mtests/unit/utils/workerTimer.test.ts:81:16
[90m    at processTicksAndRejections (node:internal/process/task_queues:105:5)[39m
    at [90mfile:///home/kazawa/vibesic/warden/warden-app/frontend/[39mnode_modules/[4m@vitest/runner[24m/dist/index.js:915:20

 [32m✓[39m tests/unit/utils/workerTimer.test.ts [2m([22m[2m3 tests[22m[2m)[22m[32m 26[2mms[22m[39m
 [32m✓[39m tests/integration/hooks/useExamSocket.reliability.test.ts [2m([22m[2m6 tests[22m[2m)[22m[32m 20[2mms[22m[39m
 [32m✓[39m tests/unit/utils/deviceIcon.test.tsx [2m([22m[2m5 tests[22m[2m)[22m[32m 24[2mms[22m[39m
 [32m✓[39m tests/unit/hooks/useSessionTimer.test.ts [2m([22m[2m6 tests[22m[2m)[22m[32m 17[2mms[22m[39m
 [32m✓[39m tests/unit/hooks/useCurrentTime.test.ts [2m([22m[2m4 tests[22m[2m)[22m[32m 17[2mms[22m[39m
 [32m✓[39m tests/unit/utils/probeStore.test.ts [2m([22m[2m6 tests[22m[2m)[22m[32m 10[2mms[22m[39m
 [32m✓[39m tests/unit/config/api.test.ts [2m([22m[2m3 tests[22m[2m)[22m[32m 4[2mms[22m[39m

[31m⎯⎯⎯⎯⎯⎯⎯[39m[1m[41m Failed Tests 3 [49m[22m[31m⎯⎯⎯⎯⎯⎯⎯[39m

[41m[1m FAIL [22m[49m tests/integration/components/SessionDetail.test.tsx[2m > [22mSessionDetail[2m > [22mshould render student cards for active session
[41m[1m FAIL [22m[49m tests/integration/components/SessionDetail.test.tsx[2m > [22mSessionDetail[2m > [22mshould render student cards for active session
[31m[1mTestingLibraryElementError[22m[39m: Unable to find an element with the text: Alice. This could be because the text is broken up by multiple elements. In this case, you can provide a function for your text matcher to make your matcher more flexible.

Ignored nodes: comments, script, style
[36m<body[39m
  [33mstyle[39m=[32m""[39m
[36m>[39m
  [36m<div>[39m
    [36m<div[39m
      [33mclass[39m=[32m"min-h-screen bg-gray-50 flex flex-col"[39m
    [36m>[39m
      [36m<header[39m
        [33mclass[39m=[32m"flex justify-between items-center bg-white p-4 shadow-sm border-b border-gray-200 sticky top-0 z-30"[39m
      [36m>[39m
        [36m<div[39m
          [33mclass[39m=[32m"flex items-center gap-4"[39m
        [36m>[39m
          [36m<button[39m
            [33mclass[39m=[32m"p-2 text-gray-500 hover:text-gray-700 hover:bg-gray-100 rounded-full transition-colors"[39m
            [33mtitle[39m=[32m"Back"[39m
          [36m>[39m
            [36m<svg[39m
              [33maria-hidden[39m=[32m"true"[39m
              [33mclass[39m=[32m"lucide lucide-arrow-left"[39m
              [33mfill[39m=[32m"none"[39m
              [33mheight[39m=[32m"20"[39m
              [33mstroke[39m=[32m"currentColor"[39m
              [33mstroke-linecap[39m=[32m"round"[39m
              [33mstroke-linejoin[39m=[32m"round"[39m
              [33mstroke-width[39m=[32m"2"[39m
              [33mviewBox[39m=[32m"0 0 24 24"[39m
              [33mwidth[39m=[32m"20"[39m
              [33mxmlns[39m=[32m"http://www.w3.org/2000/svg"[39m
            [36m>[39m
              [36m<path[39m
                [33md[39m=[32m"m12 19-7-7 7-7"[39m
              [36m/>[39m
              [36m<path[39m
                [33md[39m=[32m"M19 12H5"[39m
              [36m/>[39m
            [36m</svg>[39m
          [36m</button>[39m
          [36m<h1[39m
            [33mclass[39m=[32m"text-xl font-bold text-gray-800"[39m
          [36m>[39m
            [0mSession Monitor[0m
          [36m</h1>[39m
        [36m</div>[39m
        [36m<div[39m
          [33mclass[39m=[32m"flex items-center gap-4"[39m
        [36m>[39m
          [36m<div[39m
            [33mclass[39m=[32m"flex items-center gap-2 px-3 py-1 bg-gray-100 rounded-full"[39m
          [36m>[39m
            [36m<span[39m
              [33mclass[39m=[32m"h-2.5 w-2.5 rounded-full bg-green-500"[39m
            [36m/>[39m
            [36m<span[39m
              [33mclass[39m=[32m"text-xs font-semibold text-gray-600"[39m
            [36m>[39m
              [0mConnected[0m
            [36m</span>[39m
          [36m</div>[39m
          [36m<button[39m
            [33mclass[39m=[32m"text-sm font-medium text-red-600 hover:text-red-700 px-4 py-2 hover:bg-red-50 rounded-lg transition-colors"[39m
          [36m>[39m
            [0mLogout[0m
          [36m</button>[39m
        [36m</div>[39m
      [36m</header>[39m
      [36m<div[39m
        [33mclass[39m=[32m"p-6 sm:p-8 flex-1 w-full max-w-7xl mx-auto"[39m
      [36m>[39m
        [36m<section[39m
          [33mclass[39m=[32m"bg-white p-6 rounded-lg shadow-sm border border-gray-200 mb-8"[39m
        [36m>[39m
          [36m<div[39m
            [33mclass[39m=[32m"w-full flex flex-wrap items-center justify-between gap-6"[39m
          [36m>[39m
            [36m<div>[39m
              [36m<h2[39m
                [33mclass[39m=[32m"text-xs font-bold text-gray-400 uppercase tracking-wider mb-1"[39m
              [36m>[39m
                [0mSession Code[0m
              [36m</h2>[39m
              [36m<div[39m
                [33mclass[39m=[32m"text-2xl font-mono font-bold text-indigo-600 tracking-widest"[39m
              [36m>[39m
                [0mTEST01[0m
              [36m</div>[39m
            [36m</div>[39m
            [36m<div>[39m
              [36m<h2[39m
                [33mclass[39m=[32m"text-xs font-bold text-gray-400 uppercase tracking-wider mb-1"[39m
              [36m>[39m
                [0mStarted At[0m
              [36m</h2>[39m
              [36m<div[39m
                [33mclass[39m=[32m"text-lg font-medium text-gray-700"[39m
              [36m>[39m
                [0mJan 1, 07:00 AM[0m
              [36m</div>[39m
            [36m</div>[39m
            [36m<div>[39m
              [36m<h2[39m
                [33mclass[39m=[32m"text-xs font-bold text-gray-400 uppercase tracking-wider mb-1"[39m
              [36m>[39m
                [0mTime Elapsed[0m
              [36m</h2>[39m
              [36m<div[39m
                [33mclass[39m=[32m"text-2xl font-mono font-bold text-emerald-500 tabular-nums"[39m
              [36m>[39m
                [0m21415:22:57[0m
              [36m</div>[39m
            [36m</div>[39m
            [36m<div>[39m
              [36m<button[39m
                [33mclass[39m=[32m"bg-rose-50 hover:bg-rose-100 text-rose-600 border-2 border-rose-200 font-bold py-3 px-6 rounded-lg transition-colors flex items-center gap-2 whitespace-nowrap"[39m
              [36m>[39m
                [0mEnd Session[0m
              [36m</button>[39m
            [36m</div>[39m
          [36m</div>[39m
        [36m</section>[39m
        [36m<section>[39m
          [36m<div[39m
            [33mclass[39m=[32m"flex justify-between items-center mb-4 px-6"[39m
          [36m>[39m
            [36m<h2[39m
              [33mclass[39m=[32m"text-sm font-bold text-gray-500 uppercase tracking-wide"[39m
            [36m>[39m
              [0mConnected Students ([0m
              [0m1[0m
              [0m out of [0m
              [0m1[0m
              [0m)[0m
            [36m</h2>[39m
            [36m<div[39m
              [33mclass[39m=[32m"flex gap-4 text-sm items-center"[39m
            [36m>[39m
              [36m<select[39m
                [33maria-label[39m=[32m"Filter by status"[39m
                [33mclass[39m=[32m"text-sm border border-gray-300 rounded-lg px-3 py-1.5 bg-white text-gray-700 focus:outline-none focus:ring-2 focus:ring-indigo-500 focus:border-indigo-500"[39m
              [36m>[39m
                [36m<option[39m
                  [33mvalue[39m=[32m"all"[39m
                [36m>[39m
                  [0mAll Students[0m
                [36m</option>[39m
                [36m<option[39m
                  [33mvalue[39m=[32m"online"[39m
                [36m>[39m
                  [0mOnline Only[0m
                [36m</option>[39m
                [36m<option[39m
                  [33mvalue[39m=[32m"offline"[39m
                [36m>[39m
                  [0mOffline Only[0m
                [36m</option>[39m
              [36m</select>[39m
              [36m<div[39m
                [33mclass[39m=[32m"flex items-center gap-1"[39m
              [36m>[39m
                [36m<svg[39m
                  [33maria-hidden[39m=[32m"true"[39m
                  [33mclass[39m=[32m"lucide lucide-wifi text-green-500"[39m
                  [33mfill[39m=[32m"none"[39m
                  [33mheight[39m=[32m"16"[39m
                  [33mstroke[39m=[32m"currentColor"[39m
                  [33mstroke-linecap[39m=[32m"round"[39m
                  [33mstroke-linejoin[39m=[32m"round"[39m
                  [33mstroke-width[39m=[32m"2"[39m
                  [33mviewBox[39m=[32m"0 0 24 24"[39m
                  [33mwidth[39m=[32m"16"[39m
                  [33mxmlns[39m=[32m"http://www.w3.org/2000/svg"[39m
                [36m>[39m
                  [36m<path[39m
                    [33md[39m=[32m"M12 20h.01"[39m
                  [36m/>[39m
                  [36m<path[39m
                    [33md[39m=[32m"M2 8.82a15 15 0 0 1 20 0"[39m
                  [36m/>[39m
                  [36m<path[39m
                    [33md[39m=[32m"M5 12.859a10 10 0 0 1 14 0"[39m
                  [36m/>[39m
                  [36m<path[39m
                    [33md[39m=[32m"M8.5 16.429a5 5 0 0 1 7 0"[39m
                  [36m/>[39m
                [36m</svg>[39m
                [0m [0m
                [36m<span[39m
                  [33mclass[39m=[32m"text-xs text-gray-500"[39m
                [36m>[39m
                  [0mOnline[0m
                [36m</span>[39m
              [36m</div>[39m
              [36m<div[39m
                [33mclass[39m=[32m"flex items-center gap-1"[39m
              [36m>[39m
                [36m<svg[39m
                  [33maria-hidden[39m=[32m"true"[39m
                  [33mclass[39m=[32m"lucide lucide-wifi-off text-gray-400"[39m
                  [33mfill[39m=[32m"none"[39m
                  [33mheight[39m=[32m"16"[39m
                  [33mstroke[39m=[32m"currentColor"[39m
                  [33mstroke-linecap[39m=[32m"round"[39m
                  [33mstroke-linejoin[39m=[32m"round"[39m
                  [33mstroke-width[39m=[32m"2"[39m
                  [33mviewBox[39m=[32m"0 0 24 24"[39m
                  [33mwidth[39m=[32m"16"[39m
                  [33mxmlns[39m=[32m"http://www.w3.org/2000/svg"[39m
                [36m>[39m
                  [36m<path[39m
                    [33md[39m=[32m"M12 20h.01"[39m
                  [36m/>[39m
                  [36m<path[39m
                    [33md[39m=[32m"M8.5 16.429a5 5 0 0 1 7 0"[39m
                  [36m/>[39m
                  [36m<path[39m
                    [33md[39m=[32m"M5 12.859a10 10 0 0 1 5.17-2.69"[39m
                  [36m/>[39m
                  [36m<path[39m
                    [33md[39m=[32m"M19 12.859a10 10 0 0 0-2.007-1.523"[39m
                  [36m/>[39m
                  [36m<path[39m
                    [33md[39m=[32m"M2 8.82a15 15 0 0 1 4.177-2.643"[39m
                  [36m/>[39m
                  [36m<path[39m
                    [33md[39m=[32m"M22 8.82a15 15 0 0 0-11.288-3.764"[39m
                  [36m/>[39m
                  [36m<path[39m
                    [33md[39m=[32m"m2 2 20 20"[39m
                  [36m/>[39m
                [36m</svg>[39m
                [0m [0m
                [36m<span[39m
                  [33mclass[39m=[32m"text-xs text-gray-500"[39m
                [36m>[39m
                  [0mOffline[0m
                [36m</span>[39m
              [36m</div>[39m
            [36m</div>[39m
          [36m</div>[39m
          [36m<div[39m
            [33mclass[39m=[32m"grid grid-cols-1 sm:grid-cols-2 lg:grid-cols-3 gap-6"[39m
          [36m>[39m
            [36m<div[39m
              [33mclass[39m=[32m"col-span-full py-12 text-center bg-white rounded border border-dashed border-gray-300 text-gray-400"[39m
            [36m>[39m
              [0mNo offline students.[0m
            [36m</div>[39m
          [36m</div>[39m
        [36m</section>[39m
        [36m<section[39m
          [33mclass[39m=[32m"mt-8"[39m
        [36m>[39m
          [36m<div[39m
            [33mclass[39m=[32m"flex justify-between items-center mb-4 px-6"[39m
          [36m>[39m
            [36m<h2[39m
              [33mclass[39m=[32m"text-sm font-bold text-gray-500 uppercase tracking-wide"[39m
            [36m>[39m
              [0mQuestion Files ([0m
              [0m0[0m
              [0m)[0m
            [36m</h2>[39m
            [36m<div>[39m
              [36m<input[39m
                [33mclass[39m=[32m"hidden"[39m
                [33mid[39m=[32m"question-file-upload"[39m
                [33mtype[39m=[32m"file"[39m
              [36m/>[39m
              [36m<label[39m
                [33mclass[39m=[32m"relative overflow-hidden inline-flex items-center gap-2 px-4 py-2 bg-indigo-600 text-white text-sm font-medium rounded-lg cursor-pointer hover:bg-indigo-700 transition-colors "[39m
                [33mfor[39m=[32m"question-file-upload"[39m
              [36m>[39m
                [36m<span[39m
                  [33mclass[39m=[32m"relative z-10 flex items-center gap-2"[39m
                [36m>[39m
                  [36m<svg[39m
                    [33maria-hidden[39m=[32m"true"[39m
                    [33mclass[39m=[32m"lucide lucide-upload"[39m
                    [33mfill[39m=[32m"none"[39m
                    [33mheight[39m=[32m"14"[39m
                    [33mstroke[39m=[32m"currentColor"[39m
                    [33mstroke-linecap[39m=[32m"round"[39m
                    [33mstroke-linejoin[39m=[32m"round"[39m
                    [33mstroke-width[39m=[32m"2"[39m
                    [33mviewBox[39m=[32m"0 0 24 24"[39m
                    [33mwidth[39m=[32m"14"[39m
                    [33mxmlns[39m=[32m"http://www.w3.org/2000/svg"[39m
                  [36m>[39m
                    [36m<path[39m
                      [33md[39m=[32m"M12 3v12"[39m
                    [36m/>[39m
                    [36m<path[39m
                      [33md[39m=[32m"m17 8-5-5-5 5"[39m
                    [36m/>[39m
                    [36m<path[39m
                      [33md[39m=[32m"M21 15v4a2 2 0 0 1-2 2H5a2 2 0 0 1-2-2v-4"[39m
                    [36m/>[39m
                  [36m</svg>[39m
                  [0mUpload Question File[0m
                [36m</span>[39m
              [36m</label>[39m
            [36m</div>[39m
          [36m</div>[39m
          [36m<div[39m
            [33mclass[39m=[32m"bg-white rounded-xl shadow-sm border border-gray-100 overflow-hidden border-gray-200 overflow-hidden"[39m
          [36m>[39m
            [36m<div[39m
              [33mclass[39m=[32m""[39m
            [36m>[39m
              [36m<div[39m
                [33mclass[39m=[32m"py-8 text-center text-gray-400 text-sm"[39m
              [36m>[39m
                [0mNo question files uploaded yet. Use the button above to add files.[0m
              [36m</div>[39m
            [36m</div>[39m
          [36m</div>[39m
        [36m</section>[39m
      [36m</div>[39m
    [36m</div>[39m
  [36m</div>[39m
[36m</body>[39m
[90m [2m❯[22m Object.getElementError node_modules/@testing-library/dom/dist/config.js:[2m37:19[22m[39m
[90m [2m❯[22m node_modules/@testing-library/dom/dist/query-helpers.js:[2m76:38[22m[39m
[90m [2m❯[22m node_modules/@testing-library/dom/dist/query-helpers.js:[2m52:17[22m[39m
[90m [2m❯[22m node_modules/@testing-library/dom/dist/query-helpers.js:[2m95:19[22m[39m
[36m [2m❯[22m tests/integration/components/SessionDetail.test.tsx:[2m196:19[22m[39m
    [90m194| [39m
    [90m195| [39m    [34mrender[39m([33m<[39m[33mSessionDetail[39m [33m/[39m[33m>[39m)[33m;[39m
    [90m196| [39m    [34mexpect[39m(screen[33m.[39m[34mgetByText[39m([32m'Alice'[39m))[33m.[39m[34mtoBeInTheDocument[39m()[33m;[39m
    [90m   | [39m                  [31m^[39m
    [90m197| [39m    [34mexpect[39m(screen[33m.[39m[34mgetByText[39m([32m'S001'[39m))[33m.[39m[34mtoBeInTheDocument[39m()[33m;[39m
    [90m198| [39m  })[33m;[39m

[31m[2m⎯⎯⎯⎯⎯⎯⎯⎯⎯⎯⎯⎯⎯⎯⎯⎯⎯⎯⎯⎯⎯⎯⎯⎯[1/6]⎯[22m[39m

[41m[1m FAIL [22m[49m tests/integration/components/SessionDetail.test.tsx[2m > [22mSessionDetail[2m > [22mshould show violation count on student card
[41m[1m FAIL [22m[49m tests/integration/components/SessionDetail.test.tsx[2m > [22mSessionDetail[2m > [22mshould show violation count on student card
[31m[1mTestingLibraryElementError[22m[39m: Unable to find an element with the text: 2 Violations. This could be because the text is broken up by multiple elements. In this case, you can provide a function for your text matcher to make your matcher more flexible.

Ignored nodes: comments, script, style
[36m<body[39m
  [33mstyle[39m=[32m""[39m
[36m>[39m
  [36m<div>[39m
    [36m<div[39m
      [33mclass[39m=[32m"min-h-screen bg-gray-50 flex flex-col"[39m
    [36m>[39m
      [36m<header[39m
        [33mclass[39m=[32m"flex justify-between items-center bg-white p-4 shadow-sm border-b border-gray-200 sticky top-0 z-30"[39m
      [36m>[39m
        [36m<div[39m
          [33mclass[39m=[32m"flex items-center gap-4"[39m
        [36m>[39m
          [36m<button[39m
            [33mclass[39m=[32m"p-2 text-gray-500 hover:text-gray-700 hover:bg-gray-100 rounded-full transition-colors"[39m
            [33mtitle[39m=[32m"Back"[39m
          [36m>[39m
            [36m<svg[39m
              [33maria-hidden[39m=[32m"true"[39m
              [33mclass[39m=[32m"lucide lucide-arrow-left"[39m
              [33mfill[39m=[32m"none"[39m
              [33mheight[39m=[32m"20"[39m
              [33mstroke[39m=[32m"currentColor"[39m
              [33mstroke-linecap[39m=[32m"round"[39m
              [33mstroke-linejoin[39m=[32m"round"[39m
              [33mstroke-width[39m=[32m"2"[39m
              [33mviewBox[39m=[32m"0 0 24 24"[39m
              [33mwidth[39m=[32m"20"[39m
              [33mxmlns[39m=[32m"http://www.w3.org/2000/svg"[39m
            [36m>[39m
              [36m<path[39m
                [33md[39m=[32m"m12 19-7-7 7-7"[39m
              [36m/>[39m
              [36m<path[39m
                [33md[39m=[32m"M19 12H5"[39m
              [36m/>[39m
            [36m</svg>[39m
          [36m</button>[39m
          [36m<h1[39m
            [33mclass[39m=[32m"text-xl font-bold text-gray-800"[39m
          [36m>[39m
            [0mSession Monitor[0m
          [36m</h1>[39m
        [36m</div>[39m
        [36m<div[39m
          [33mclass[39m=[32m"flex items-center gap-4"[39m
        [36m>[39m
          [36m<div[39m
            [33mclass[39m=[32m"flex items-center gap-2 px-3 py-1 bg-gray-100 rounded-full"[39m
          [36m>[39m
            [36m<span[39m
              [33mclass[39m=[32m"h-2.5 w-2.5 rounded-full bg-green-500"[39m
            [36m/>[39m
            [36m<span[39m
              [33mclass[39m=[32m"text-xs font-semibold text-gray-600"[39m
            [36m>[39m
              [0mConnected[0m
            [36m</span>[39m
          [36m</div>[39m
          [36m<button[39m
            [33mclass[39m=[32m"text-sm font-medium text-red-600 hover:text-red-700 px-4 py-2 hover:bg-red-50 rounded-lg transition-colors"[39m
          [36m>[39m
            [0mLogout[0m
          [36m</button>[39m
        [36m</div>[39m
      [36m</header>[39m
      [36m<div[39m
        [33mclass[39m=[32m"p-6 sm:p-8 flex-1 w-full max-w-7xl mx-auto"[39m
      [36m>[39m
        [36m<section[39m
          [33mclass[39m=[32m"bg-white p-6 rounded-lg shadow-sm border border-gray-200 mb-8"[39m
        [36m>[39m
          [36m<div[39m
            [33mclass[39m=[32m"w-full flex flex-wrap items-center justify-between gap-6"[39m
          [36m>[39m
            [36m<div>[39m
              [36m<h2[39m
                [33mclass[39m=[32m"text-xs font-bold text-gray-400 uppercase tracking-wider mb-1"[39m
              [36m>[39m
                [0mSession Code[0m
              [36m</h2>[39m
              [36m<div[39m
                [33mclass[39m=[32m"text-2xl font-mono font-bold text-indigo-600 tracking-widest"[39m
              [36m>[39m
                [0mTEST01[0m
              [36m</div>[39m
            [36m</div>[39m
            [36m<div>[39m
              [36m<h2[39m
                [33mclass[39m=[32m"text-xs font-bold text-gray-400 uppercase tracking-wider mb-1"[39m
              [36m>[39m
                [0mStarted At[0m
              [36m</h2>[39m
              [36m<div[39m
                [33mclass[39m=[32m"text-lg font-medium text-gray-700"[39m
              [36m>[39m
                [0mJan 1, 07:00 AM[0m
              [36m</div>[39m
            [36m</div>[39m
            [36m<div>[39m
              [36m<h2[39m
                [33mclass[39m=[32m"text-xs font-bold text-gray-400 uppercase tracking-wider mb-1"[39m
              [36m>[39m
                [0mTime Elapsed[0m
              [36m</h2>[39m
              [36m<div[39m
                [33mclass[39m=[32m"text-2xl font-mono font-bold text-emerald-500 tabular-nums"[39m
              [36m>[39m
                [0m21415:22:57[0m
              [36m</div>[39m
            [36m</div>[39m
            [36m<div>[39m
              [36m<button[39m
                [33mclass[39m=[32m"bg-rose-50 hover:bg-rose-100 text-rose-600 border-2 border-rose-200 font-bold py-3 px-6 rounded-lg transition-colors flex items-center gap-2 whitespace-nowrap"[39m
              [36m>[39m
                [0mEnd Session[0m
              [36m</button>[39m
            [36m</div>[39m
          [36m</div>[39m
        [36m</section>[39m
        [36m<section>[39m
          [36m<div[39m
            [33mclass[39m=[32m"flex justify-between items-center mb-4 px-6"[39m
          [36m>[39m
            [36m<h2[39m
              [33mclass[39m=[32m"text-sm font-bold text-gray-500 uppercase tracking-wide"[39m
            [36m>[39m
              [0mConnected Students ([0m
              [0m1[0m
              [0m out of [0m
              [0m1[0m
              [0m)[0m
            [36m</h2>[39m
            [36m<div[39m
              [33mclass[39m=[32m"flex gap-4 text-sm items-center"[39m
            [36m>[39m
              [36m<select[39m
                [33maria-label[39m=[32m"Filter by status"[39m
                [33mclass[39m=[32m"text-sm border border-gray-300 rounded-lg px-3 py-1.5 bg-white text-gray-700 focus:outline-none focus:ring-2 focus:ring-indigo-500 focus:border-indigo-500"[39m
              [36m>[39m
                [36m<option[39m
                  [33mvalue[39m=[32m"all"[39m
                [36m>[39m
                  [0mAll Students[0m
                [36m</option>[39m
                [36m<option[39m
                  [33mvalue[39m=[32m"online"[39m
                [36m>[39m
                  [0mOnline Only[0m
                [36m</option>[39m
                [36m<option[39m
                  [33mvalue[39m=[32m"offline"[39m
                [36m>[39m
                  [0mOffline Only[0m
                [36m</option>[39m
              [36m</select>[39m
              [36m<div[39m
                [33mclass[39m=[32m"flex items-center gap-1"[39m
              [36m>[39m
                [36m<svg[39m
                  [33maria-hidden[39m=[32m"true"[39m
                  [33mclass[39m=[32m"lucide lucide-wifi text-green-500"[39m
                  [33mfill[39m=[32m"none"[39m
                  [33mheight[39m=[32m"16"[39m
                  [33mstroke[39m=[32m"currentColor"[39m
                  [33mstroke-linecap[39m=[32m"round"[39m
                  [33mstroke-linejoin[39m=[32m"round"[39m
                  [33mstroke-width[39m=[32m"2"[39m
                  [33mviewBox[39m=[32m"0 0 24 24"[39m
                  [33mwidth[39m=[32m"16"[39m
                  [33mxmlns[39m=[32m"http://www.w3.org/2000/svg"[39m
                [36m>[39m
                  [36m<path[39m
                    [33md[39m=[32m"M12 20h.01"[39m
                  [36m/>[39m
                  [36m<path[39m
                    [33md[39m=[32m"M2 8.82a15 15 0 0 1 20 0"[39m
                  [36m/>[39m
                  [36m<path[39m
                    [33md[39m=[32m"M5 12.859a10 10 0 0 1 14 0"[39m
                  [36m/>[39m
                  [36m<path[39m
                    [33md[39m=[32m"M8.5 16.429a5 5 0 0 1 7 0"[39m
                  [36m/>[39m
                [36m</svg>[39m
                [0m [0m
                [36m<span[39m
                  [33mclass[39m=[32m"text-xs text-gray-500"[39m
                [36m>[39m
                  [0mOnline[0m
                [36m</span>[39m
              [36m</div>[39m
              [36m<div[39m
                [33mclass[39m=[32m"flex items-center gap-1"[39m
              [36m>[39m
                [36m<svg[39m
                  [33maria-hidden[39m=[32m"true"[39m
                  [33mclass[39m=[32m"lucide lucide-wifi-off text-gray-400"[39m
                  [33mfill[39m=[32m"none"[39m
                  [33mheight[39m=[32m"16"[39m
                  [33mstroke[39m=[32m"currentColor"[39m
                  [33mstroke-linecap[39m=[32m"round"[39m
                  [33mstroke-linejoin[39m=[32m"round"[39m
                  [33mstroke-width[39m=[32m"2"[39m
                  [33mviewBox[39m=[32m"0 0 24 24"[39m
                  [33mwidth[39m=[32m"16"[39m
                  [33mxmlns[39m=[32m"http://www.w3.org/2000/svg"[39m
                [36m>[39m
                  [36m<path[39m
                    [33md[39m=[32m"M12 20h.01"[39m
                  [36m/>[39m
                  [36m<path[39m
                    [33md[39m=[32m"M8.5 16.429a5 5 0 0 1 7 0"[39m
                  [36m/>[39m
                  [36m<path[39m
                    [33md[39m=[32m"M5 12.859a10 10 0 0 1 5.17-2.69"[39m
                  [36m/>[39m
                  [36m<path[39m
                    [33md[39m=[32m"M19 12.859a10 10 0 0 0-2.007-1.523"[39m
                  [36m/>[39m
                  [36m<path[39m
                    [33md[39m=[32m"M2 8.82a15 15 0 0 1 4.177-2.643"[39m
                  [36m/>[39m
                  [36m<path[39m
                    [33md[39m=[32m"M22 8.82a15 15 0 0 0-11.288-3.764"[39m
                  [36m/>[39m
                  [36m<path[39m
                    [33md[39m=[32m"m2 2 20 20"[39m
                  [36m/>[39m
                [36m</svg>[39m
                [0m [0m
                [36m<span[39m
                  [33mclass[39m=[32m"text-xs text-gray-500"[39m
                [36m>[39m
                  [0mOffline[0m
                [36m</span>[39m
              [36m</div>[39m
            [36m</div>[39m
          [36m</div>[39m
          [36m<div[39m
            [33mclass[39m=[32m"grid grid-cols-1 sm:grid-cols-2 lg:grid-cols-3 gap-6"[39m
          [36m>[39m
            [36m<div[39m
              [33mclass[39m=[32m"col-span-full py-12 text-center bg-white rounded border border-dashed border-gray-300 text-gray-400"[39m
            [36m>[39m
              [0mNo offline students.[0m
            [36m</div>[39m
          [36m</div>[39m
        [36m</section>[39m
        [36m<section[39m
          [33mclass[39m=[32m"mt-8"[39m
        [36m>[39m
          [36m<div[39m
            [33mclass[39m=[32m"flex justify-between items-center mb-4 px-6"[39m
          [36m>[39m
            [36m<h2[39m
              [33mclass[39m=[32m"text-sm font-bold text-gray-500 uppercase tracking-wide"[39m
            [36m>[39m
              [0mQuestion Files ([0m
              [0m0[0m
              [0m)[0m
            [36m</h2>[39m
            [36m<div>[39m
              [36m<input[39m
                [33mclass[39m=[32m"hidden"[39m
                [33mid[39m=[32m"question-file-upload"[39m
                [33mtype[39m=[32m"file"[39m
              [36m/>[39m
              [36m<label[39m
                [33mclass[39m=[32m"relative overflow-hidden inline-flex items-center gap-2 px-4 py-2 bg-indigo-600 text-white text-sm font-medium rounded-lg cursor-pointer hover:bg-indigo-700 transition-colors "[39m
                [33mfor[39m=[32m"question-file-upload"[39m
              [36m>[39m
                [36m<span[39m
                  [33mclass[39m=[32m"relative z-10 flex items-center gap-2"[39m
                [36m>[39m
                  [36m<svg[39m
                    [33maria-hidden[39m=[32m"true"[39m
                    [33mclass[39m=[32m"lucide lucide-upload"[39m
                    [33mfill[39m=[32m"none"[39m
                    [33mheight[39m=[32m"14"[39m
                    [33mstroke[39m=[32m"currentColor"[39m
                    [33mstroke-linecap[39m=[32m"round"[39m
                    [33mstroke-linejoin[39m=[32m"round"[39m
                    [33mstroke-width[39m=[32m"2"[39m
                    [33mviewBox[39m=[32m"0 0 24 24"[39m
                    [33mwidth[39m=[32m"14"[39m
                    [33mxmlns[39m=[32m"http://www.w3.org/2000/svg"[39m
                  [36m>[39m
                    [36m<path[39m
                      [33md[39m=[32m"M12 3v12"[39m
                    [36m/>[39m
                    [36m<path[39m
                      [33md[39m=[32m"m17 8-5-5-5 5"[39m
                    [36m/>[39m
                    [36m<path[39m
                      [33md[39m=[32m"M21 15v4a2 2 0 0 1-2 2H5a2 2 0 0 1-2-2v-4"[39m
                    [36m/>[39m
                  [36m</svg>[39m
                  [0mUpload Question File[0m
                [36m</span>[39m
              [36m</label>[39m
            [36m</div>[39m
          [36m</div>[39m
          [36m<div[39m
            [33mclass[39m=[32m"bg-white rounded-xl shadow-sm border border-gray-100 overflow-hidden border-gray-200 overflow-hidden"[39m
          [36m>[39m
            [36m<div[39m
              [33mclass[39m=[32m""[39m
            [36m>[39m
              [36m<div[39m
                [33mclass[39m=[32m"py-8 text-center text-gray-400 text-sm"[39m
              [36m>[39m
                [0mNo question files uploaded yet. Use the button above to add files.[0m
              [36m</div>[39m
            [36m</div>[39m
          [36m</div>[39m
        [36m</section>[39m
      [36m</div>[39m
    [36m</div>[39m
  [36m</div>[39m
[36m</body>[39m
[90m [2m❯[22m Object.getElementError node_modules/@testing-library/dom/dist/config.js:[2m37:19[22m[39m
[90m [2m❯[22m node_modules/@testing-library/dom/dist/query-helpers.js:[2m76:38[22m[39m
[90m [2m❯[22m node_modules/@testing-library/dom/dist/query-helpers.js:[2m52:17[22m[39m
[90m [2m❯[22m node_modules/@testing-library/dom/dist/query-helpers.js:[2m95:19[22m[39m
[36m [2m❯[22m tests/integration/components/SessionDetail.test.tsx:[2m214:19[22m[39m
    [90m212| [39m
    [90m213| [39m    [34mrender[39m([33m<[39m[33mSessionDetail[39m [33m/[39m[33m>[39m)[33m;[39m
    [90m214| [39m    [34mexpect[39m(screen[33m.[39m[34mgetByText[39m([32m'2 Violations'[39m))[33m.[39m[34mtoBeInTheDocument[39m()[33m;[39m
    [90m   | [39m                  [31m^[39m
    [90m215| [39m  })[33m;[39m
    [90m216| [39m

[31m[2m⎯⎯⎯⎯⎯⎯⎯⎯⎯⎯⎯⎯⎯⎯⎯⎯⎯⎯⎯⎯⎯⎯⎯⎯[2/6]⎯[22m[39m

[41m[1m FAIL [22m[49m tests/integration/components/SessionDetail.test.tsx[2m > [22mSessionDetail[2m > [22mshould open violation modal when clicking violations on student card
[41m[1m FAIL [22m[49m tests/integration/components/SessionDetail.test.tsx[2m > [22mSessionDetail[2m > [22mshould open violation modal when clicking violations on student card
[31m[1mTestingLibraryElementError[22m[39m: Unable to find an element with the text: 1 Violations. This could be because the text is broken up by multiple elements. In this case, you can provide a function for your text matcher to make your matcher more flexible.

Ignored nodes: comments, script, style
[36m<body[39m
  [33mstyle[39m=[32m""[39m
[36m>[39m
  [36m<div>[39m
    [36m<div[39m
      [33mclass[39m=[32m"min-h-screen bg-gray-50 flex flex-col"[39m
    [36m>[39m
      [36m<header[39m
        [33mclass[39m=[32m"flex justify-between items-center bg-white p-4 shadow-sm border-b border-gray-200 sticky top-0 z-30"[39m
      [36m>[39m
        [36m<div[39m
          [33mclass[39m=[32m"flex items-center gap-4"[39m
        [36m>[39m
          [36m<button[39m
            [33mclass[39m=[32m"p-2 text-gray-500 hover:text-gray-700 hover:bg-gray-100 rounded-full transition-colors"[39m
            [33mtitle[39m=[32m"Back"[39m
          [36m>[39m
            [36m<svg[39m
              [33maria-hidden[39m=[32m"true"[39m
              [33mclass[39m=[32m"lucide lucide-arrow-left"[39m
              [33mfill[39m=[32m"none"[39m
              [33mheight[39m=[32m"20"[39m
              [33mstroke[39m=[32m"currentColor"[39m
              [33mstroke-linecap[39m=[32m"round"[39m
              [33mstroke-linejoin[39m=[32m"round"[39m
              [33mstroke-width[39m=[32m"2"[39m
              [33mviewBox[39m=[32m"0 0 24 24"[39m
              [33mwidth[39m=[32m"20"[39m
              [33mxmlns[39m=[32m"http://www.w3.org/2000/svg"[39m
            [36m>[39m
              [36m<path[39m
                [33md[39m=[32m"m12 19-7-7 7-7"[39m
              [36m/>[39m
              [36m<path[39m
                [33md[39m=[32m"M19 12H5"[39m
              [36m/>[39m
            [36m</svg>[39m
          [36m</button>[39m
          [36m<h1[39m
            [33mclass[39m=[32m"text-xl font-bold text-gray-800"[39m
          [36m>[39m
            [0mSession Monitor[0m
          [36m</h1>[39m
        [36m</div>[39m
        [36m<div[39m
          [33mclass[39m=[32m"flex items-center gap-4"[39m
        [36m>[39m
          [36m<div[39m
            [33mclass[39m=[32m"flex items-center gap-2 px-3 py-1 bg-gray-100 rounded-full"[39m
          [36m>[39m
            [36m<span[39m
              [33mclass[39m=[32m"h-2.5 w-2.5 rounded-full bg-green-500"[39m
            [36m/>[39m
            [36m<span[39m
              [33mclass[39m=[32m"text-xs font-semibold text-gray-600"[39m
            [36m>[39m
              [0mConnected[0m
            [36m</span>[39m
          [36m</div>[39m
          [36m<button[39m
            [33mclass[39m=[32m"text-sm font-medium text-red-600 hover:text-red-700 px-4 py-2 hover:bg-red-50 rounded-lg transition-colors"[39m
          [36m>[39m
            [0mLogout[0m
          [36m</button>[39m
        [36m</div>[39m
      [36m</header>[39m
      [36m<div[39m
        [33mclass[39m=[32m"p-6 sm:p-8 flex-1 w-full max-w-7xl mx-auto"[39m
      [36m>[39m
        [36m<section[39m
          [33mclass[39m=[32m"bg-white p-6 rounded-lg shadow-sm border border-gray-200 mb-8"[39m
        [36m>[39m
          [36m<div[39m
            [33mclass[39m=[32m"w-full flex flex-wrap items-center justify-between gap-6"[39m
          [36m>[39m
            [36m<div>[39m
              [36m<h2[39m
                [33mclass[39m=[32m"text-xs font-bold text-gray-400 uppercase tracking-wider mb-1"[39m
              [36m>[39m
                [0mSession Code[0m
              [36m</h2>[39m
              [36m<div[39m
                [33mclass[39m=[32m"text-2xl font-mono font-bold text-indigo-600 tracking-widest"[39m
              [36m>[39m
                [0mTEST01[0m
              [36m</div>[39m
            [36m</div>[39m
            [36m<div>[39m
              [36m<h2[39m
                [33mclass[39m=[32m"text-xs font-bold text-gray-400 uppercase tracking-wider mb-1"[39m
              [36m>[39m
                [0mStarted At[0m
              [36m</h2>[39m
              [36m<div[39m
                [33mclass[39m=[32m"text-lg font-medium text-gray-700"[39m
              [36m>[39m
                [0mJan 1, 07:00 AM[0m
              [36m</div>[39m
            [36m</div>[39m
            [36m<div>[39m
              [36m<h2[39m
                [33mclass[39m=[32m"text-xs font-bold text-gray-400 uppercase tracking-wider mb-1"[39m
              [36m>[39m
                [0mTime Elapsed[0m
              [36m</h2>[39m
              [36m<div[39m
                [33mclass[39m=[32m"text-2xl font-mono font-bold text-emerald-500 tabular-nums"[39m
              [36m>[39m
                [0m21415:22:58[0m
              [36m</div>[39m
            [36m</div>[39m
            [36m<div>[39m
              [36m<button[39m
                [33mclass[39m=[32m"bg-rose-50 hover:bg-rose-100 text-rose-600 border-2 border-rose-200 font-bold py-3 px-6 rounded-lg transition-colors flex items-center gap-2 whitespace-nowrap"[39m
              [36m>[39m
                [0mEnd Session[0m
              [36m</button>[39m
            [36m</div>[39m
          [36m</div>[39m
        [36m</section>[39m
        [36m<section>[39m
          [36m<div[39m
            [33mclass[39m=[32m"flex justify-between items-center mb-4 px-6"[39m
          [36m>[39m
            [36m<h2[39m
              [33mclass[39m=[32m"text-sm font-bold text-gray-500 uppercase tracking-wide"[39m
            [36m>[39m
              [0mConnected Students ([0m
              [0m1[0m
              [0m out of [0m
              [0m1[0m
              [0m)[0m
            [36m</h2>[39m
            [36m<div[39m
              [33mclass[39m=[32m"flex gap-4 text-sm items-center"[39m
            [36m>[39m
              [36m<select[39m
                [33maria-label[39m=[32m"Filter by status"[39m
                [33mclass[39m=[32m"text-sm border border-gray-300 rounded-lg px-3 py-1.5 bg-white text-gray-700 focus:outline-none focus:ring-2 focus:ring-indigo-500 focus:border-indigo-500"[39m
              [36m>[39m
                [36m<option[39m
                  [33mvalue[39m=[32m"all"[39m
                [36m>[39m
                  [0mAll Students[0m
                [36m</option>[39m
                [36m<option[39m
                  [33mvalue[39m=[32m"online"[39m
                [36m>[39m
                  [0mOnline Only[0m
                [36m</option>[39m
                [36m<option[39m
                  [33mvalue[39m=[32m"offline"[39m
                [36m>[39m
                  [0mOffline Only[0m
                [36m</option>[39m
              [36m</select>[39m
              [36m<div[39m
                [33mclass[39m=[32m"flex items-center gap-1"[39m
              [36m>[39m
                [36m<svg[39m
                  [33maria-hidden[39m=[32m"true"[39m
                  [33mclass[39m=[32m"lucide lucide-wifi text-green-500"[39m
                  [33mfill[39m=[32m"none"[39m
                  [33mheight[39m=[32m"16"[39m
                  [33mstroke[39m=[32m"currentColor"[39m
                  [33mstroke-linecap[39m=[32m"round"[39m
                  [33mstroke-linejoin[39m=[32m"round"[39m
                  [33mstroke-width[39m=[32m"2"[39m
                  [33mviewBox[39m=[32m"0 0 24 24"[39m
                  [33mwidth[39m=[32m"16"[39m
                  [33mxmlns[39m=[32m"http://www.w3.org/2000/svg"[39m
                [36m>[39m
                  [36m<path[39m
                    [33md[39m=[32m"M12 20h.01"[39m
                  [36m/>[39m
                  [36m<path[39m
                    [33md[39m=[32m"M2 8.82a15 15 0 0 1 20 0"[39m
                  [36m/>[39m
                  [36m<path[39m
                    [33md[39m=[32m"M5 12.859a10 10 0 0 1 14 0"[39m
                  [36m/>[39m
                  [36m<path[39m
                    [33md[39m=[32m"M8.5 16.429a5 5 0 0 1 7 0"[39m
                  [36m/>[39m
                [36m</svg>[39m
                [0m [0m
                [36m<span[39m
                  [33mclass[39m=[32m"text-xs text-gray-500"[39m
                [36m>[39m
                  [0mOnline[0m
                [36m</span>[39m
              [36m</div>[39m
              [36m<div[39m
                [33mclass[39m=[32m"flex items-center gap-1"[39m
              [36m>[39m
                [36m<svg[39m
                  [33maria-hidden[39m=[32m"true"[39m
                  [33mclass[39m=[32m"lucide lucide-wifi-off text-gray-400"[39m
                  [33mfill[39m=[32m"none"[39m
                  [33mheight[39m=[32m"16"[39m
                  [33mstroke[39m=[32m"currentColor"[39m
                  [33mstroke-linecap[39m=[32m"round"[39m
                  [33mstroke-linejoin[39m=[32m"round"[39m
                  [33mstroke-width[39m=[32m"2"[39m
                  [33mviewBox[39m=[32m"0 0 24 24"[39m
                  [33mwidth[39m=[32m"16"[39m
                  [33mxmlns[39m=[32m"http://www.w3.org/2000/svg"[39m
                [36m>[39m
                  [36m<path[39m
                    [33md[39m=[32m"M12 20h.01"[39m
                  [36m/>[39m
                  [36m<path[39m
                    [33md[39m=[32m"M8.5 16.429a5 5 0 0 1 7 0"[39m
                  [36m/>[39m
                  [36m<path[39m
                    [33md[39m=[32m"M5 12.859a10 10 0 0 1 5.17-2.69"[39m
                  [36m/>[39m
                  [36m<path[39m
                    [33md[39m=[32m"M19 12.859a10 10 0 0 0-2.007-1.523"[39m
                  [36m/>[39m
                  [36m<path[39m
                    [33md[39m=[32m"M2 8.82a15 15 0 0 1 4.177-2.643"[39m
                  [36m/>[39m
                  [36m<path[39m
                    [33md[39m=[32m"M22 8.82a15 15 0 0 0-11.288-3.764"[39m
                  [36m/>[39m
                  [36m<path[39m
                    [33md[39m=[32m"m2 2 20 20"[39m
                  [36m/>[39m
                [36m</svg>[39m
                [0m [0m
                [36m<span[39m
                  [33mclass[39m=[32m"text-xs text-gray-500"[39m
                [36m>[39m
                  [0mOffline[0m
                [36m</span>[39m
              [36m</div>[39m
            [36m</div>[39m
          [36m</div>[39m
          [36m<div[39m
            [33mclass[39m=[32m"grid grid-cols-1 sm:grid-cols-2 lg:grid-cols-3 gap-6"[39m
          [36m>[39m
            [36m<div[39m
              [33mclass[39m=[32m"col-span-full py-12 text-center bg-white rounded border border-dashed border-gray-300 text-gray-400"[39m
            [36m>[39m
              [0mNo offline students.[0m
            [36m</div>[39m
          [36m</div>[39m
        [36m</section>[39m
        [36m<section[39m
          [33mclass[39m=[32m"mt-8"[39m
        [36m>[39m
          [36m<div[39m
            [33mclass[39m=[32m"flex justify-between items-center mb-4 px-6"[39m
          [36m>[39m
            [36m<h2[39m
              [33mclass[39m=[32m"text-sm font-bold text-gray-500 uppercase tracking-wide"[39m
            [36m>[39m
              [0mQuestion Files ([0m
              [0m0[0m
              [0m)[0m
            [36m</h2>[39m
            [36m<div>[39m
              [36m<input[39m
                [33mclass[39m=[32m"hidden"[39m
                [33mid[39m=[32m"question-file-upload"[39m
                [33mtype[39m=[32m"file"[39m
              [36m/>[39m
              [36m<label[39m
                [33mclass[39m=[32m"relative overflow-hidden inline-flex items-center gap-2 px-4 py-2 bg-indigo-600 text-white text-sm font-medium rounded-lg cursor-pointer hover:bg-indigo-700 transition-colors "[39m
                [33mfor[39m=[32m"question-file-upload"[39m
              [36m>[39m
                [36m<span[39m
                  [33mclass[39m=[32m"relative z-10 flex items-center gap-2"[39m
                [36m>[39m
                  [36m<svg[39m
                    [33maria-hidden[39m=[32m"true"[39m
                    [33mclass[39m=[32m"lucide lucide-upload"[39m
                    [33mfill[39m=[32m"none"[39m
                    [33mheight[39m=[32m"14"[39m
                    [33mstroke[39m=[32m"currentColor"[39m
                    [33mstroke-linecap[39m=[32m"round"[39m
                    [33mstroke-linejoin[39m=[32m"round"[39m
                    [33mstroke-width[39m=[32m"2"[39m
                    [33mviewBox[39m=[32m"0 0 24 24"[39m
                    [33mwidth[39m=[32m"14"[39m
                    [33mxmlns[39m=[32m"http://www.w3.org/2000/svg"[39m
                  [36m>[39m
                    [36m<path[39m
                      [33md[39m=[32m"M12 3v12"[39m
                    [36m/>[39m
                    [36m<path[39m
                      [33md[39m=[32m"m17 8-5-5-5 5"[39m
                    [36m/>[39m
                    [36m<path[39m
                      [33md[39m=[32m"M21 15v4a2 2 0 0 1-2 2H5a2 2 0 0 1-2-2v-4"[39m
                    [36m/>[39m
                  [36m</svg>[39m
                  [0mUpload Question File[0m
                [36m</span>[39m
              [36m</label>[39m
            [36m</div>[39m
          [36m</div>[39m
          [36m<div[39m
            [33mclass[39m=[32m"bg-white rounded-xl shadow-sm border border-gray-100 overflow-hidden border-gray-200 overflow-hidden"[39m
          [36m>[39m
            [36m<div[39m
              [33mclass[39m=[32m""[39m
            [36m>[39m
              [36m<div[39m
                [33mclass[39m=[32m"py-8 text-center text-gray-400 text-sm"[39m
              [36m>[39m
                [0mNo question files uploaded yet. Use the button above to add files.[0m
              [36m</div>[39m
            [36m</div>[39m
          [36m</div>[39m
        [36m</section>[39m
      [36m</div>[39m
    [36m</div>[39m
  [36m</div>[39m
[36m</body>[39m
[90m [2m❯[22m Object.getElementError node_modules/@testing-library/dom/dist/config.js:[2m37:19[22m[39m
[90m [2m❯[22m node_modules/@testing-library/dom/dist/query-helpers.js:[2m76:38[22m[39m
[90m [2m❯[22m node_modules/@testing-library/dom/dist/query-helpers.js:[2m52:17[22m[39m
[90m [2m❯[22m node_modules/@testing-library/dom/dist/query-helpers.js:[2m95:19[22m[39m
[36m [2m❯[22m tests/integration/components/SessionDetail.test.tsx:[2m299:29[22m[39m
    [90m297| [39m    [34mrender[39m([33m<[39m[33mSessionDetail[39m [33m/[39m[33m>[39m)[33m;[39m
    [90m298| [39m
    [90m299| [39m    [35mawait[39m user[33m.[39m[34mclick[39m(screen[33m.[39m[34mgetByText[39m([32m'1 Violations'[39m))[33m;[39m
    [90m   | [39m                            [31m^[39m
    [90m300| [39m    expect(screen.getByText('Violation Log: Alice')).toBeInTheDocument…
    [90m301| [39m    [34mexpect[39m(screen[33m.[39m[34mgetByText[39m([32m'INTERNET ACCESS'[39m))[33m.[39m[34mtoBeInTheDocument[39m()[33m;[39m

[31m[2m⎯⎯⎯⎯⎯⎯⎯⎯⎯⎯⎯⎯⎯⎯⎯⎯⎯⎯⎯⎯⎯⎯⎯⎯[3/6]⎯[22m[39m


[2m Test Files [22m [1m[31m1 failed[39m[22m[2m | [22m[1m[32m36 passed[39m[22m[90m (37)[39m
[2m      Tests [22m [1m[31m3 failed[39m[22m[2m | [22m[1m[32m404 passed[39m[22m[90m (407)[39m
[2m   Start at [22m 14:22:56
[2m   Duration [22m 12.96s[2m (transform 1.30s, setup 4.09s, import 3.31s, tests 9.63s, environment 17.06s)[22m

