
[1m[46m RUN [49m[22m [36mv4.0.18 [39m[90m/home/kazawa/proctor-app/backend[39m

 [31m❯[39m tests/integration/gateway/reliability.test.ts [2m([22m[2m11 tests[22m[2m | [22m[31m1 failed[39m[2m)[22m[33m 2175[2mms[22m[39m
       [32m✓[39m should send session:ended to students when teacher ends session[32m 201[2mms[22m[39m
       [32m✓[39m should ignore heartbeat if session is no longer active[32m 221[2mms[22m[39m
       [32m✓[39m should ignore report_violation if session is no longer active[32m 213[2mms[22m[39m
[31m       [31m×[31m should not create violation on disconnect if session has ended[39m[33m 631[2mms[22m[39m[33m (retry x1)[39m
       [32m✓[39m should reject registration for ended session[32m 12[2mms[22m[39m
       [32m✓[39m should reject registration with non-existent session code[32m 12[2mms[22m[39m
       [32m✓[39m should allow same student to reconnect and update session student[32m 128[2mms[22m[39m
       [33m[2m✓[22m[39m should ignore heartbeat from unregistered socket [33m 312[2mms[22m[39m
       [32m✓[39m should ignore report_violation from unregistered socket[32m 213[2mms[22m[39m
       [32m✓[39m should ignore sniffer:response from unregistered socket[32m 211[2mms[22m[39m
       [32m✓[39m should include serverTime in session_state for clock skew compensation[32m 11[2mms[22m[39m
 [31m❯[39m tests/integration/gateway/wifi_flap.test.ts [2m([22m[2m6 tests[22m[2m | [22m[31m1 failed[39m[2m)[22m[33m 2438[2mms[22m[39m
     [33m[2m✓[22m[39m should NOT create a DISCONNECTION violation when student reconnects within grace period (WiFi hiccup) [33m 397[2mms[22m[39m
     [33m[2m✓[22m[39m should suppress duplicate DISCONNECTION violations during rapid WiFi flaps (cooldown) [33m 628[2mms[22m[39m
     [33m[2m✓[22m[39m should record only 1 DISCONNECTION for 3 rapid WiFi flaps [33m 662[2mms[22m[39m
[31m     [31m×[31m should mark student offline then re-online during reconnect cycle[39m[32m 88[2mms[22m[39m[33m (retry x1)[39m
     [33m[2m✓[22m[39m should record "intentional" close when student signals tab-closing before disconnect [33m 343[2mms[22m[39m
     [33m[2m✓[22m[39m should record "WiFi drop" when student disconnects without tab-closing signal [33m 312[2mms[22m[39m
 [32m✓[39m tests/integration/gateway/security_advanced.test.ts [2m([22m[2m19 tests[22m[2m)[22m[33m 2886[2mms[22m[39m
       [33m[2m✓[22m[39m should silently ignore all teacher actions with empty token (#16 connection-level auth) [33m 316[2mms[22m[39m
       [33m[2m✓[22m[39m should silently ignore teacher actions with malformed token (#16) [33m 313[2mms[22m[39m
       [33m[2m✓[22m[39m should not leak violation alerts to teachers in different sessions [33m 532[2mms[22m[39m
       [33m[2m✓[22m[39m should handle rapid consecutive violations from same student [33m 509[2mms[22m[39m
 [32m✓[39m tests/e2e/multi_student_violations.test.ts [2m([22m[2m4 tests[22m[2m)[22m[33m 2180[2mms[22m[39m
     [33m[2m✓[22m[39m should deliver violations from multiple students to teacher correctly [33m 629[2mms[22m[39m
     [33m[2m✓[22m[39m should not fire sniffer timeout for disconnected student pending challenge [33m 515[2mms[22m[39m
     [33m[2m✓[22m[39m should NOT create violations after session becomes inactive [33m 514[2mms[22m[39m
     [33m[2m✓[22m[39m should include violation history when teacher joins session late [33m 516[2mms[22m[39m[33m (retry x1)[39m
 [32m✓[39m tests/integration/gateway/socket.test.ts [2m([22m[2m16 tests[22m[2m)[22m[33m 2701[2mms[22m[39m
     [33m[2m✓[22m[39m should create DISCONNECTION violation when student disconnects [33m 311[2mms[22m[39m
     [33m[2m✓[22m[39m should NOT create violation when student reconnects during async grace processing (#18 race fix) [33m 777[2mms[22m[39m
 [32m✓[39m tests/integration/gateway/security.test.ts [2m([22m[2m19 tests[22m[2m)[22m[33m 2678[2mms[22m[39m
       [33m[2m✓[22m[39m should NOT send dashboard:alert to student sockets when a violation occurs [33m 353[2mms[22m[39m
       [33m[2m✓[22m[39m should send dashboard:alert to teacher sockets in teacher room [33m 340[2mms[22m[39m
       [33m[2m✓[22m[39m should NOT send dashboard:update (STUDENT_LEFT) to other students [33m 647[2mms[22m[39m[33m (retry x1)[39m
       [33m[2m✓[22m[39m should NOT emit violation:detected when sniffer says not reachable [33m 312[2mms[22m[39m
       [33m[2m✓[22m[39m should send session:ended only to student room, not teacher room [33m 317[2mms[22m[39m
 [32m✓[39m tests/integration/gateway/scalability.test.ts [2m([22m[2m6 tests[22m[2m)[22m[33m 2384[2mms[22m[39m
       [33m[2m✓[22m[39m should deliver teacher alerts from multiple students concurrently [33m 663[2mms[22m[39m
       [33m[2m✓[22m[39m should handle 20 rapid heartbeats from a single student [33m 512[2mms[22m[39m
       [33m[2m✓[22m[39m should receive STUDENT_JOINED updates from multiple simultaneous connections [33m 457[2mms[22m[39m
       [33m[2m✓[22m[39m should handle multiple students disconnecting simultaneously [33m 541[2mms[22m[39m
 [32m✓[39m tests/e2e/tab_close_attack.test.ts [2m([22m[2m3 tests[22m[2m)[22m[33m 2296[2mms[22m[39m
     [33m[2m✓[22m[39m should detect full attack: tab-close → offline → return → internet violation → re-register [33m 867[2mms[22m[39m
     [33m[2m✓[22m[39m should detect return without internet evidence (suspicious absence only) [33m 818[2mms[22m[39m
     [33m[2m✓[22m[39m should allow student to re-register and continue working after violation [33m 606[2mms[22m[39m
 [32m✓[39m tests/integration/gateway/disconnect_reason.test.ts [2m([22m[2m6 tests[22m[2m)[22m[33m 1738[2mms[22m[39m
     [33m[2m✓[22m[39m should record "intentional close" when student emits tab-closing before disconnect [33m 406[2mms[22m[39m
     [33m[2m✓[22m[39m should record "client side" when student disconnects without tab-closing signal [33m 324[2mms[22m[39m
     [33m[2m✓[22m[39m should record "WiFi drop" when transport is forcefully closed [33m 312[2mms[22m[39m
     [33m[2m✓[22m[39m should NOT record any violation when student reconnects within grace period [33m 374[2mms[22m[39m
     [33m[2m✓[22m[39m should NOT record a violation when the session is no longer active [33m 312[2mms[22m[39m
 [32m✓[39m tests/unit/middleware/rateLimiter.test.ts [2m([22m[2m6 tests[22m[2m)[22m[33m 769[2mms[22m[39m
       [33m[2m✓[22m[39m should allow full classroom exam flow without being rate-limited [33m 624[2mms[22m[39m
 [32m✓[39m tests/integration/gateway/studentHandlers.test.ts [2m([22m[2m10 tests[22m[2m)[22m[33m 1075[2mms[22m[39m
 [32m✓[39m tests/integration/gateway/teacherHandlers.test.ts [2m([22m[2m10 tests[22m[2m)[22m[33m 687[2mms[22m[39m
 [32m✓[39m tests/unit/routes/question.routes.test.ts [2m([22m[2m19 tests[22m[2m)[22m[32m 146[2mms[22m[39m
 [32m✓[39m tests/unit/routes/app.extended.test.ts [2m([22m[2m13 tests[22m[2m)[22m[32m 54[2mms[22m[39m
 [32m✓[39m tests/unit/routes/upload.test.ts [2m([22m[2m8 tests[22m[2m)[22m[32m 48[2mms[22m[39m
 [32m✓[39m tests/unit/routes/download.test.ts [2m([22m[2m9 tests[22m[2m)[22m[32m 41[2mms[22m[39m
 [32m✓[39m tests/e2e/sniffer_evasion.test.ts [2m([22m[2m1 test[22m[2m)[22m[33m 1374[2mms[22m[39m
     [33m[2m✓[22m[39m should catch student who lies to sniffer via client-side report_violation [33m 1371[2mms[22m[39m[33m (retry x1)[39m
 [32m✓[39m tests/unit/routes/app.routes.test.ts [2m([22m[2m8 tests[22m[2m)[22m[32m 44[2mms[22m[39m
 [32m✓[39m tests/unit/gateway/socketRateLimiter.test.ts [2m([22m[2m17 tests[22m[2m)[22m[32m 12[2mms[22m[39m
 [32m✓[39m tests/unit/services/device.test.ts [2m([22m[2m8 tests[22m[2m)[22m[32m 16[2mms[22m[39m
 [32m✓[39m tests/unit/routes/check_targets.test.ts [2m([22m[2m2 tests[22m[2m)[22m[32m 24[2mms[22m[39m
 [32m✓[39m tests/unit/services/auth.service.test.ts [2m([22m[2m15 tests[22m[2m)[22m[32m 10[2mms[22m[39m
 [32m✓[39m tests/integration/gateway/backgroundJobs.test.ts [2m([22m[2m7 tests[22m[2m)[22m[32m 14[2mms[22m[39m
 [32m✓[39m tests/e2e/exam_simulation.test.ts [2m([22m[2m1 test[22m[2m)[22m[33m 1697[2mms[22m[39m
     [33m[2m✓[22m[39m should successfully complete the full Register -> Report -> Alert flow [33m 1693[2mms[22m[39m[33m (retry x1)[39m
 [32m✓[39m tests/unit/routes/app.test.ts [2m([22m[2m1 test[22m[2m)[22m[32m 16[2mms[22m[39m
 [32m✓[39m tests/unit/services/student.service.test.ts [2m([22m[2m6 tests[22m[2m)[22m[32m 6[2mms[22m[39m
 [32m✓[39m tests/unit/gateway/helpers.test.ts [2m([22m[2m16 tests[22m[2m)[22m[32m 9[2mms[22m[39m
 [32m✓[39m tests/unit/services/session.service.test.ts [2m([22m[2m15 tests[22m[2m)[22m[32m 10[2mms[22m[39m
 [32m✓[39m tests/integration/gateway/heartbeat_cleanup.test.ts [2m([22m[2m1 test[22m[2m)[22m[32m 10[2mms[22m[39m
 [32m✓[39m tests/unit/routes/errorHandler.test.ts [2m([22m[2m6 tests[22m[2m)[22m[32m 11[2mms[22m[39m
 [32m✓[39m tests/unit/middleware/sessionMiddleware.test.ts [2m([22m[2m10 tests[22m[2m)[22m[32m 8[2mms[22m[39m
 [32m✓[39m tests/unit/services/violation.service.test.ts [2m([22m[2m8 tests[22m[2m)[22m[32m 8[2mms[22m[39m
 [32m✓[39m tests/unit/utils/shuffle.test.ts [2m([22m[2m9 tests[22m[2m)[22m[32m 7[2mms[22m[39m
 [32m✓[39m tests/unit/services/question.service.test.ts [2m([22m[2m5 tests[22m[2m)[22m[32m 5[2mms[22m[39m
 [32m✓[39m tests/unit/services/submission.service.test.ts [2m([22m[2m3 tests[22m[2m)[22m[32m 8[2mms[22m[39m
 [32m✓[39m tests/unit/gateway/pendingDisconnectSweep.test.ts [2m([22m[2m5 tests[22m[2m)[22m[32m 6[2mms[22m[39m
 [32m✓[39m tests/unit/gateway/constants.test.ts [2m([22m[2m9 tests[22m[2m)[22m[32m 3[2mms[22m[39m
 [32m✓[39m tests/unit/utils/logger.test.ts [2m([22m[2m4 tests[22m[2m)[22m[32m 2[2mms[22m[39m

[2m Test Files [22m [1m[31m2 failed[39m[22m[2m | [22m[1m[32m36 passed[39m[22m[90m (38)[39m
[2m      Tests [22m [1m[31m2 failed[39m[22m[2m | [22m[1m[32m320 passed[39m[22m[90m (322)[39m
[2m   Start at [22m 13:45:59
[2m   Duration [22m 12.39s[2m (transform 1.23s, setup 216ms, import 5.32s, tests 27.60s, environment 3ms)[22m

